Archive member included to satisfy reference by file (symbol)

.pio/build/DLC_LG0/lib16c/libstm32-platformio-freertos.a(cmsis_os.o)
                              .pio/build/DLC_LG0/src/main.o (osKernelStart)
.pio/build/DLC_LG0/lib16c/libstm32-platformio-freertos.a(port.o)
                              .pio/build/DLC_LG0/lib16c/libstm32-platformio-freertos.a(cmsis_os.o) (vPortYield)
.pio/build/DLC_LG0/lib16c/libstm32-platformio-freertos.a(heap_1.o)
                              .pio/build/DLC_LG0/lib16c/libstm32-platformio-freertos.a(cmsis_os.o) (pvPortMalloc)
.pio/build/DLC_LG0/lib16c/libstm32-platformio-freertos.a(queue.o)
                              .pio/build/DLC_LG0/lib16c/libstm32-platformio-freertos.a(cmsis_os.o) (xQueueGenericCreate)
.pio/build/DLC_LG0/lib16c/libstm32-platformio-freertos.a(tasks.o)
                              .pio/build/DLC_LG0/src/main.o (xTaskCreate)
.pio/build/DLC_LG0/lib16c/libstm32-platformio-freertos.a(list.o)
                              .pio/build/DLC_LG0/lib16c/libstm32-platformio-freertos.a(queue.o) (vListInitialise)
/Users/sola/.platformio/packages/toolchain-gccarmnoneeabi@1.70201.0/bin/../lib/gcc/arm-none-eabi/7.2.1/../../../../arm-none-eabi/lib/thumb/v6-m/libc_nano.a(lib_a-exit.o)
                              /Users/sola/.platformio/packages/toolchain-gccarmnoneeabi@1.70201.0/bin/../lib/gcc/arm-none-eabi/7.2.1/../../../../arm-none-eabi/lib/thumb/v6-m/crt0.o (exit)
/Users/sola/.platformio/packages/toolchain-gccarmnoneeabi@1.70201.0/bin/../lib/gcc/arm-none-eabi/7.2.1/../../../../arm-none-eabi/lib/thumb/v6-m/libc_nano.a(lib_a-impure.o)
                              /Users/sola/.platformio/packages/toolchain-gccarmnoneeabi@1.70201.0/bin/../lib/gcc/arm-none-eabi/7.2.1/../../../../arm-none-eabi/lib/thumb/v6-m/libc_nano.a(lib_a-exit.o) (_global_impure_ptr)
/Users/sola/.platformio/packages/toolchain-gccarmnoneeabi@1.70201.0/bin/../lib/gcc/arm-none-eabi/7.2.1/../../../../arm-none-eabi/lib/thumb/v6-m/libc_nano.a(lib_a-init.o)
                              /Users/sola/.platformio/packages/toolchain-gccarmnoneeabi@1.70201.0/bin/../lib/gcc/arm-none-eabi/7.2.1/../../../../arm-none-eabi/lib/thumb/v6-m/crt0.o (__libc_init_array)
/Users/sola/.platformio/packages/toolchain-gccarmnoneeabi@1.70201.0/bin/../lib/gcc/arm-none-eabi/7.2.1/../../../../arm-none-eabi/lib/thumb/v6-m/libc_nano.a(lib_a-memcmp.o)
                              .pio/build/DLC_LG0/src/grbl/gcode.o (memcmp)
/Users/sola/.platformio/packages/toolchain-gccarmnoneeabi@1.70201.0/bin/../lib/gcc/arm-none-eabi/7.2.1/../../../../arm-none-eabi/lib/thumb/v6-m/libc_nano.a(lib_a-memcpy-stub.o)
                              .pio/build/DLC_LG0/src/grbl/gcode.o (memcpy)
/Users/sola/.platformio/packages/toolchain-gccarmnoneeabi@1.70201.0/bin/../lib/gcc/arm-none-eabi/7.2.1/../../../../arm-none-eabi/lib/thumb/v6-m/libc_nano.a(lib_a-memset.o)
                              /Users/sola/.platformio/packages/toolchain-gccarmnoneeabi@1.70201.0/bin/../lib/gcc/arm-none-eabi/7.2.1/../../../../arm-none-eabi/lib/thumb/v6-m/crt0.o (memset)
/Users/sola/.platformio/packages/toolchain-gccarmnoneeabi@1.70201.0/bin/../lib/gcc/arm-none-eabi/7.2.1/../../../../arm-none-eabi/lib/thumb/v6-m/libc_nano.a(lib_a-printf.o)
                              .pio/build/DLC_LG0/src/bsp_hal/grbl_hal.o (printf)
/Users/sola/.platformio/packages/toolchain-gccarmnoneeabi@1.70201.0/bin/../lib/gcc/arm-none-eabi/7.2.1/../../../../arm-none-eabi/lib/thumb/v6-m/libc_nano.a(lib_a-puts.o)
                              .pio/build/DLC_LG0/src/bsp_hal/grbl_hal.o (puts)
/Users/sola/.platformio/packages/toolchain-gccarmnoneeabi@1.70201.0/bin/../lib/gcc/arm-none-eabi/7.2.1/../../../../arm-none-eabi/lib/thumb/v6-m/libc_nano.a(lib_a-wbuf.o)
                              /Users/sola/.platformio/packages/toolchain-gccarmnoneeabi@1.70201.0/bin/../lib/gcc/arm-none-eabi/7.2.1/../../../../arm-none-eabi/lib/thumb/v6-m/libc_nano.a(lib_a-puts.o) (__swbuf_r)
/Users/sola/.platformio/packages/toolchain-gccarmnoneeabi@1.70201.0/bin/../lib/gcc/arm-none-eabi/7.2.1/../../../../arm-none-eabi/lib/thumb/v6-m/libc_nano.a(lib_a-wsetup.o)
                              /Users/sola/.platformio/packages/toolchain-gccarmnoneeabi@1.70201.0/bin/../lib/gcc/arm-none-eabi/7.2.1/../../../../arm-none-eabi/lib/thumb/v6-m/libc_nano.a(lib_a-puts.o) (__swsetup_r)
/Users/sola/.platformio/packages/toolchain-gccarmnoneeabi@1.70201.0/bin/../lib/gcc/arm-none-eabi/7.2.1/../../../../arm-none-eabi/lib/thumb/v6-m/libc_nano.a(lib_a-fflush.o)
                              /Users/sola/.platformio/packages/toolchain-gccarmnoneeabi@1.70201.0/bin/../lib/gcc/arm-none-eabi/7.2.1/../../../../arm-none-eabi/lib/thumb/v6-m/libc_nano.a(lib_a-wbuf.o) (_fflush_r)
/Users/sola/.platformio/packages/toolchain-gccarmnoneeabi@1.70201.0/bin/../lib/gcc/arm-none-eabi/7.2.1/../../../../arm-none-eabi/lib/thumb/v6-m/libc_nano.a(lib_a-findfp.o)
[...]
Memory Configuration

Name             Origin             Length             Attributes
RAM              0x0000000020000000 0x0000000000024000 xrw
FLASH            0x0000000008000000 0x0000000000080000 xr
*default*        0x0000000000000000 0xffffffffffffffff

Linker script and memory map

LOAD /Users/sola/.platformio/packages/toolchain-gccarmnoneeabi@1.70201.0/bin/../lib/gcc/arm-none-eabi/7.2.1/thumb/v6-m/crti.o
LOAD /Users/sola/.platformio/packages/toolchain-gccarmnoneeabi@1.70201.0/bin/../lib/gcc/arm-none-eabi/7.2.1/thumb/v6-m/crtbegin.o
LOAD /Users/sola/.platformio/packages/toolchain-gccarmnoneeabi@1.70201.0/bin/../lib/gcc/arm-none-eabi/7.2.1/../../../../arm-none-eabi/lib/thumb/v6-m/crt0.o
LOAD .pio/build/DLC_LG0/FrameworkHALDriver/Src/stm32g0xx_hal.o
LOAD .pio/build/DLC_LG0/FrameworkHALDriver/Src/stm32g0xx_hal_adc.o
LOAD .pio/build/DLC_LG0/FrameworkHALDriver/Src/stm32g0xx_hal_adc_ex.o
LOAD .pio/build/DLC_LG0/FrameworkHALDriver/Src/stm32g0xx_hal_cec.o
LOAD .pio/build/DLC_LG0/FrameworkHALDriver/Src/stm32g0xx_hal_comp.o
LOAD .pio/build/DLC_LG0/FrameworkHALDriver/Src/stm32g0xx_hal_cortex.o
LOAD .pio/build/DLC_LG0/FrameworkHALDriver/Src/stm32g0xx_hal_crc.o
LOAD .pio/build/DLC_LG0/FrameworkHALDriver/Src/stm32g0xx_hal_crc_ex.o
LOAD .pio/build/DLC_LG0/FrameworkHALDriver/Src/stm32g0xx_hal_cryp.o
LOAD .pio/build/DLC_LG0/FrameworkHALDriver/Src/stm32g0xx_hal_cryp_ex.o
LOAD .pio/build/DLC_LG0/FrameworkHALDriver/Src/stm32g0xx_hal_dac.o
LOAD .pio/build/DLC_LG0/FrameworkHALDriver/Src/stm32g0xx_hal_dac_ex.o
LOAD .pio/build/DLC_LG0/FrameworkHALDriver/Src/stm32g0xx_hal_dma.o
LOAD .pio/build/DLC_LG0/FrameworkHALDriver/Src/stm32g0xx_hal_dma_ex.o
LOAD .pio/build/DLC_LG0/FrameworkHALDriver/Src/stm32g0xx_hal_exti.o
LOAD .pio/build/DLC_LG0/FrameworkHALDriver/Src/stm32g0xx_hal_fdcan.o
LOAD .pio/build/DLC_LG0/FrameworkHALDriver/Src/stm32g0xx_hal_flash.o
LOAD .pio/build/DLC_LG0/FrameworkHALDriver/Src/stm32g0xx_hal_flash_ex.o
LOAD .pio/build/DLC_LG0/FrameworkHALDriver/Src/stm32g0xx_hal_gpio.o
LOAD .pio/build/DLC_LG0/FrameworkHALDriver/Src/stm32g0xx_hal_hcd.o
LOAD .pio/build/DLC_LG0/FrameworkHALDriver/Src/stm32g0xx_hal_i2c.o
LOAD .pio/build/DLC_LG0/FrameworkHALDriver/Src/stm32g0xx_hal_i2c_ex.o
LOAD .pio/build/DLC_LG0/FrameworkHALDriver/Src/stm32g0xx_hal_i2s.o
LOAD .pio/build/DLC_LG0/FrameworkHALDriver/Src/stm32g0xx_hal_irda.o
LOAD .pio/build/DLC_LG0/FrameworkHALDriver/Src/stm32g0xx_hal_iwdg.o
LOAD .pio/build/DLC_LG0/FrameworkHALDriver/Src/stm32g0xx_hal_lptim.o
LOAD .pio/build/DLC_LG0/FrameworkHALDriver/Src/stm32g0xx_hal_pcd.o
LOAD .pio/build/DLC_LG0/FrameworkHALDriver/Src/stm32g0xx_hal_pcd_ex.o
LOAD .pio/build/DLC_LG0/FrameworkHALDriver/Src/stm32g0xx_hal_pwr.o
LOAD .pio/build/DLC_LG0/FrameworkHALDriver/Src/stm32g0xx_hal_pwr_ex.o
LOAD .pio/build/DLC_LG0/FrameworkHALDriver/Src/stm32g0xx_hal_rcc.o
LOAD .pio/build/DLC_LG0/FrameworkHALDriver/Src/stm32g0xx_hal_rcc_ex.o
LOAD .pio/build/DLC_LG0/FrameworkHALDriver/Src/stm32g0xx_hal_rng.o
LOAD .pio/build/DLC_LG0/FrameworkHALDriver/Src/stm32g0xx_hal_rtc.o
LOAD .pio/build/DLC_LG0/FrameworkHALDriver/Src/stm32g0xx_hal_rtc_ex.o
LOAD .pio/build/DLC_LG0/FrameworkHALDriver/Src/stm32g0xx_hal_smartcard.o
LOAD .pio/build/DLC_LG0/FrameworkHALDriver/Src/stm32g0xx_hal_smartcard_ex.o
LOAD .pio/build/DLC_LG0/FrameworkHALDriver/Src/stm32g0xx_hal_smbus.o
LOAD .pio/build/DLC_LG0/FrameworkHALDriver/Src/stm32g0xx_hal_smbus_ex.o
LOAD .pio/build/DLC_LG0/FrameworkHALDriver/Src/stm32g0xx_hal_spi.o
LOAD .pio/build/DLC_LG0/FrameworkHALDriver/Src/stm32g0xx_hal_spi_ex.o
LOAD .pio/build/DLC_LG0/FrameworkHALDriver/Src/stm32g0xx_hal_tim.o
LOAD .pio/build/DLC_LG0/FrameworkHALDriver/Src/stm32g0xx_hal_tim_ex.o
LOAD .pio/build/DLC_LG0/FrameworkHALDriver/Src/stm32g0xx_hal_uart.o
LOAD .pio/build/DLC_LG0/FrameworkHALDriver/Src/stm32g0xx_hal_uart_ex.o
LOAD .pio/build/DLC_LG0/FrameworkHALDriver/Src/stm32g0xx_hal_usart.o
LOAD .pio/build/DLC_LG0/FrameworkHALDriver/Src/stm32g0xx_hal_usart_ex.o
LOAD .pio/build/DLC_LG0/FrameworkHALDriver/Src/stm32g0xx_hal_wwdg.o
LOAD .pio/build/DLC_LG0/FrameworkHALDriver/Src/stm32g0xx_ll_adc.o
LOAD .pio/build/DLC_LG0/FrameworkHALDriver/Src/stm32g0xx_ll_comp.o
LOAD .pio/build/DLC_LG0/FrameworkHALDriver/Src/stm32g0xx_ll_crc.o
LOAD .pio/build/DLC_LG0/FrameworkHALDriver/Src/stm32g0xx_ll_crs.o
LOAD .pio/build/DLC_LG0/FrameworkHALDriver/Src/stm32g0xx_ll_dac.o
LOAD .pio/build/DLC_LG0/FrameworkHALDriver/Src/stm32g0xx_ll_dma.o
LOAD .pio/build/DLC_LG0/FrameworkHALDriver/Src/stm32g0xx_ll_exti.o
LOAD .pio/build/DLC_LG0/FrameworkHALDriver/Src/stm32g0xx_ll_gpio.o
LOAD .pio/build/DLC_LG0/FrameworkHALDriver/Src/stm32g0xx_ll_i2c.o
LOAD .pio/build/DLC_LG0/FrameworkHALDriver/Src/stm32g0xx_ll_lptim.o
LOAD .pio/build/DLC_LG0/FrameworkHALDriver/Src/stm32g0xx_ll_lpuart.o
LOAD .pio/build/DLC_LG0/FrameworkHALDriver/Src/stm32g0xx_ll_pwr.o
LOAD .pio/build/DLC_LG0/FrameworkHALDriver/Src/stm32g0xx_ll_rcc.o
LOAD .pio/build/DLC_LG0/FrameworkHALDriver/Src/stm32g0xx_ll_rng.o
LOAD .pio/build/DLC_LG0/FrameworkHALDriver/Src/stm32g0xx_ll_rtc.o
LOAD .pio/build/DLC_LG0/FrameworkHALDriver/Src/stm32g0xx_ll_spi.o
LOAD .pio/build/DLC_LG0/FrameworkHALDriver/Src/stm32g0xx_ll_tim.o
LOAD .pio/build/DLC_LG0/FrameworkHALDriver/Src/stm32g0xx_ll_ucpd.o
LOAD .pio/build/DLC_LG0/FrameworkHALDriver/Src/stm32g0xx_ll_usart.o
LOAD .pio/build/DLC_LG0/FrameworkHALDriver/Src/stm32g0xx_ll_usb.o
LOAD .pio/build/DLC_LG0/FrameworkHALDriver/Src/stm32g0xx_ll_utils.o
LOAD .pio/build/DLC_LG0/src/bsp_hal/bsp_f429ig/hal_f429_system.o
LOAD .pio/build/DLC_LG0/src/bsp_hal/bsp_g0b0ce/hal_g0b0_system.o
LOAD .pio/build/DLC_LG0/src/bsp_hal/grbl_hal.o
LOAD .pio/build/DLC_LG0/src/bsp_hal/hal_flash_eeprom.o
LOAD .pio/build/DLC_LG0/src/bsp_hal/hal_gpio.o
LOAD .pio/build/DLC_LG0/src/bsp_hal/hal_it.o
LOAD .pio/build/DLC_LG0/src/bsp_hal/hal_spi.o
LOAD .pio/build/DLC_LG0/src/bsp_hal/hal_tim.o
LOAD .pio/build/DLC_LG0/src/bsp_hal/hal_uart.o
LOAD .pio/build/DLC_LG0/src/bsp_hal/hal_w25qxx.o
LOAD .pio/build/DLC_LG0/src/grbl/coolant_control.o
LOAD .pio/build/DLC_LG0/src/grbl/eeprom.o
LOAD .pio/build/DLC_LG0/src/grbl/gcode.o
LOAD .pio/build/DLC_LG0/src/grbl/jog.o
LOAD .pio/build/DLC_LG0/src/grbl/limits.o
LOAD .pio/build/DLC_LG0/src/grbl/motion_control.o
LOAD .pio/build/DLC_LG0/src/grbl/nuts_bolts.o
LOAD .pio/build/DLC_LG0/src/grbl/planner.o
LOAD .pio/build/DLC_LG0/src/grbl/print.o
LOAD .pio/build/DLC_LG0/src/grbl/probe.o
LOAD .pio/build/DLC_LG0/src/grbl/protocol.o
LOAD .pio/build/DLC_LG0/src/grbl/report.o
LOAD .pio/build/DLC_LG0/src/grbl/serial.o
LOAD .pio/build/DLC_LG0/src/grbl/settings.o
LOAD .pio/build/DLC_LG0/src/grbl/spindle_control.o
LOAD .pio/build/DLC_LG0/src/grbl/stepper.o
LOAD .pio/build/DLC_LG0/src/grbl/system.o
LOAD .pio/build/DLC_LG0/src/main.o
START GROUP
LOAD .pio/build/DLC_LG0/lib16c/libstm32-platformio-freertos.a
LOAD /Users/sola/.platformio/packages/toolchain-gccarmnoneeabi@1.70201.0/bin/../lib/gcc/arm-none-eabi/7.2.1/../../../../arm-none-eabi/lib/thumb/v6-m/libc_nano.a
LOAD /Users/sola/.platformio/packages/toolchain-gccarmnoneeabi@1.70201.0/bin/../lib/gcc/arm-none-eabi/7.2.1/thumb/v6-m/libgcc.a
LOAD /Users/sola/.platformio/packages/toolchain-gccarmnoneeabi@1.70201.0/bin/../lib/gcc/arm-none-eabi/7.2.1/../../../../arm-none-eabi/lib/thumb/v6-m/libm.a
LOAD /Users/sola/.platformio/packages/toolchain-gccarmnoneeabi@1.70201.0/bin/../lib/gcc/arm-none-eabi/7.2.1/../../../../arm-none-eabi/lib/thumb/v6-m/libstdc++_nano.a
LOAD /Users/sola/.platformio/packages/toolchain-gccarmnoneeabi@1.70201.0/bin/../lib/gcc/arm-none-eabi/7.2.1/../../../../arm-none-eabi/lib/thumb/v6-m/libnosys.a
LOAD .pio/build/DLC_LG0/libFrameworkCMSISDevice.a
END GROUP
START GROUP
LOAD /Users/sola/.platformio/packages/toolchain-gccarmnoneeabi@1.70201.0/bin/../lib/gcc/arm-none-eabi/7.2.1/thumb/v6-m/libgcc.a
LOAD /Users/sola/.platformio/packages/toolchain-gccarmnoneeabi@1.70201.0/bin/../lib/gcc/arm-none-eabi/7.2.1/../../../../arm-none-eabi/lib/thumb/v6-m/libc_nano.a
END GROUP
START GROUP
LOAD /Users/sola/.platformio/packages/toolchain-gccarmnoneeabi@1.70201.0/bin/../lib/gcc/arm-none-eabi/7.2.1/thumb/v6-m/libgcc.a
LOAD /Users/sola/.platformio/packages/toolchain-gccarmnoneeabi@1.70201.0/bin/../lib/gcc/arm-none-eabi/7.2.1/../../../../arm-none-eabi/lib/thumb/v6-m/libc_nano.a
LOAD /Users/sola/.platformio/packages/toolchain-gccarmnoneeabi@1.70201.0/bin/../lib/gcc/arm-none-eabi/7.2.1/../../../../arm-none-eabi/lib/thumb/v6-m/libnosys.a
END GROUP
START GROUP
LOAD /Users/sola/.platformio/packages/toolchain-gccarmnoneeabi@1.70201.0/bin/../lib/gcc/arm-none-eabi/7.2.1/thumb/v6-m/libgcc.a
LOAD /Users/sola/.platformio/packages/toolchain-gccarmnoneeabi@1.70201.0/bin/../lib/gcc/arm-none-eabi/7.2.1/../../../../arm-none-eabi/lib/thumb/v6-m/libc_nano.a
LOAD /Users/sola/.platformio/packages/toolchain-gccarmnoneeabi@1.70201.0/bin/../lib/gcc/arm-none-eabi/7.2.1/../../../../arm-none-eabi/lib/thumb/v6-m/libnosys.a
END GROUP
LOAD /Users/sola/.platformio/packages/toolchain-gccarmnoneeabi@1.70201.0/bin/../lib/gcc/arm-none-eabi/7.2.1/thumb/v6-m/crtend.o
LOAD /Users/sola/.platformio/packages/toolchain-gccarmnoneeabi@1.70201.0/bin/../lib/gcc/arm-none-eabi/7.2.1/thumb/v6-m/crtn.o
                0x0000000020024000                _estack = (ORIGIN (RAM) + LENGTH (RAM))
                0x0000000000000200                _Min_Heap_Size = 0x200
                0x0000000000000400                _Min_Stack_Size = 0x400

.isr_vector     0x0000000008000000       0xb8
                0x0000000008000000                . = ALIGN (0x4)
 *(.isr_vector)
 .isr_vector    0x0000000008000000       0xb8 .pio/build/DLC_LG0/libFrameworkCMSISDevice.a(startup_stm32g0b0xx.o)
                0x0000000008000000                g_pfnVectors
                0x00000000080000b8                . = ALIGN (0x4)

.text           0x00000000080000c0     0xd680
                0x00000000080000c0                . = ALIGN (0x4)
 *(.text)
 .text          0x00000000080000c0       0x48 /Users/sola/.platformio/packages/toolchain-gccarmnoneeabi@1.70201.0/bin/../lib/gcc/arm-none-eabi/7.2.1/thumb/v6-m/crtbegin.o
 .text          0x0000000008000108       0x14 /Users/sola/.platformio/packages/toolchain-gccarmnoneeabi@1.70201.0/bin/../lib/gcc/arm-none-eabi/7.2.1/thumb/v6-m/libgcc.a(_thumb1_case_sqi.o)
                0x0000000008000108                __gnu_thumb1_case_sqi
 .text          0x000000000800011c       0x14 /Users/sola/.platformio/packages/toolchain-gccarmnoneeabi@1.70201.0/bin/../lib/gcc/arm-none-eabi/7.2.1/thumb/v6-m/libgcc.a(_thumb1_case_uqi.o)
                0x000000000800011c                __gnu_thumb1_case_uqi
 .text          0x0000000008000130       0x14 /Users/sola/.platformio/packages/toolchain-gccarmnoneeabi@1.70201.0/bin/../lib/gcc/arm-none-eabi/7.2.1/thumb/v6-m/libgcc.a(_thumb1_case_uhi.o)
                0x0000000008000130                __gnu_thumb1_case_uhi
 .text          0x0000000008000144      0x114 /Users/sola/.platformio/packages/toolchain-gccarmnoneeabi@1.70201.0/bin/../lib/gcc/arm-none-eabi/7.2.1/thumb/v6-m/libgcc.a(_udivsi3.o)
                0x0000000008000144                __udivsi3
                0x0000000008000144                __aeabi_uidiv
                0x0000000008000250                __aeabi_uidivmod
 .text          0x0000000008000258      0x1d4 /Users/sola/.platformio/packages/toolchain-gccarmnoneeabi@1.70201.0/bin/../lib/gcc/arm-none-eabi/7.2.1/thumb/v6-m/libgcc.a(_divsi3.o)
                0x0000000008000258                __aeabi_idiv
                0x0000000008000258                __divsi3
                0x0000000008000424                __aeabi_idivmod
 .text          0x000000000800042c        0x4 /Users/sola/.platformio/packages/toolchain-gccarmnoneeabi@1.70201.0/bin/../lib/gcc/arm-none-eabi/7.2.1/thumb/v6-m/libgcc.a(_dvmd_tls.o)
                0x000000000800042c                __aeabi_ldiv0
                0x000000000800042c                __aeabi_idiv0
 .text          0x0000000008000430       0x7c /Users/sola/.platformio/packages/toolchain-gccarmnoneeabi@1.70201.0/bin/../lib/gcc/arm-none-eabi/7.2.1/thumb/v6-m/libgcc.a(_arm_cmpdf2.o)
                0x0000000008000430                __aeabi_cdrcmple
                0x0000000008000440                __aeabi_cdcmple
                0x0000000008000440                __aeabi_cdcmpeq
                0x0000000008000450                __aeabi_dcmpeq
                0x000000000800045c                __aeabi_dcmplt
                0x0000000008000470                __aeabi_dcmple
                0x0000000008000484                __aeabi_dcmpgt
                0x0000000008000498                __aeabi_dcmpge
 .text          0x00000000080004ac       0x74 /Users/sola/.platformio/packages/toolchain-gccarmnoneeabi@1.70201.0/bin/../lib/gcc/arm-none-eabi/7.2.1/thumb/v6-m/libgcc.a(_arm_cmpsf2.o)
                0x00000000080004ac                __aeabi_cfrcmple
                0x00000000080004b4                __aeabi_cfcmple
                0x00000000080004b4                __aeabi_cfcmpeq
                0x00000000080004c4                __aeabi_fcmpeq
                0x00000000080004d0                __aeabi_fcmplt
                0x00000000080004e4                __aeabi_fcmple
                0x00000000080004f8                __aeabi_fcmpgt
                0x000000000800050c                __aeabi_fcmpge
 .text          0x0000000008000520       0x30 /Users/sola/.platformio/packages/toolchain-gccarmnoneeabi@1.70201.0/bin/../lib/gcc/arm-none-eabi/7.2.1/thumb/v6-m/libgcc.a(_fixunssfsi.o)
                0x0000000008000520                __aeabi_f2uiz
                0x0000000008000520                __fixunssfsi
 .text          0x0000000008000550       0x3c /Users/sola/.platformio/packages/toolchain-gccarmnoneeabi@1.70201.0/bin/../lib/gcc/arm-none-eabi/7.2.1/thumb/v6-m/libgcc.a(_fixunsdfsi.o)
                0x0000000008000550                __fixunsdfsi
                0x0000000008000550                __aeabi_d2uiz
 .text          0x000000000800058c      0x334 /Users/sola/.platformio/packages/toolchain-gccarmnoneeabi@1.70201.0/bin/../lib/gcc/arm-none-eabi/7.2.1/thumb/v6-m/libgcc.a(addsf3.o)
                0x000000000800058c                __aeabi_fadd
 .text          0x00000000080008c0      0x224 /Users/sola/.platformio/packages/toolchain-gccarmnoneeabi@1.70201.0/bin/../lib/gcc/arm-none-eabi/7.2.1/thumb/v6-m/libgcc.a(divsf3.o)
                0x00000000080008c0                __aeabi_fdiv
 .text          0x0000000008000ae4       0x50 /Users/sola/.platformio/packages/toolchain-gccarmnoneeabi@1.70201.0/bin/../lib/gcc/arm-none-eabi/7.2.1/thumb/v6-m/libgcc.a(eqsf2.o)
                0x0000000008000ae4                __nesf2
                0x0000000008000ae4                __eqsf2
 .text          0x0000000008000b34       0x9c /Users/sola/.platformio/packages/toolchain-gccarmnoneeabi@1.70201.0/bin/../lib/gcc/arm-none-eabi/7.2.1/thumb/v6-m/libgcc.a(gesf2.o)
                0x0000000008000b34                __gtsf2
                0x0000000008000b34                __gesf2
 .text          0x0000000008000bd0       0xa0 /Users/sola/.platformio/packages/toolchain-gccarmnoneeabi@1.70201.0/bin/../lib/gcc/arm-none-eabi/7.2.1/thumb/v6-m/libgcc.a(lesf2.o)
                0x0000000008000bd0                __lesf2
                0x0000000008000bd0                __ltsf2
 .text          0x0000000008000c70      0x264 /Users/sola/.platformio/packages/toolchain-gccarmnoneeabi@1.70201.0/bin/../lib/gcc/arm-none-eabi/7.2.1/thumb/v6-m/libgcc.a(mulsf3.o)
                0x0000000008000c70                __aeabi_fmul
 .text          0x0000000008000ed4      0x388 /Users/sola/.platformio/packages/toolchain-gccarmnoneeabi@1.70201.0/bin/../lib/gcc/arm-none-eabi/7.2.1/thumb/v6-m/libgcc.a(subsf3.o)
                0x0000000008000ed4                __aeabi_fsub
 .text          0x000000000800125c       0x40 /Users/sola/.platformio/packages/toolchain-gccarmnoneeabi@1.70201.0/bin/../lib/gcc/arm-none-eabi/7.2.1/thumb/v6-m/libgcc.a(fixsfsi.o)
                0x000000000800125c                __aeabi_f2iz
 .text          0x000000000800129c       0x94 /Users/sola/.platformio/packages/toolchain-gccarmnoneeabi@1.70201.0/bin/../lib/gcc/arm-none-eabi/7.2.1/thumb/v6-m/libgcc.a(floatsisf.o)
                0x000000000800129c                __aeabi_i2f
 .text          0x0000000008001330       0x80 /Users/sola/.platformio/packages/toolchain-gccarmnoneeabi@1.70201.0/bin/../lib/gcc/arm-none-eabi/7.2.1/thumb/v6-m/libgcc.a(floatunsisf.o)
                0x0000000008001330                __aeabi_ui2f
 .text          0x00000000080013b0      0x638 /Users/sola/.platformio/packages/toolchain-gccarmnoneeabi@1.70201.0/bin/../lib/gcc/arm-none-eabi/7.2.1/thumb/v6-m/libgcc.a(adddf3.o)
                0x00000000080013b0                __aeabi_dadd
 .text          0x00000000080019e8      0x604 /Users/sola/.platformio/packages/toolchain-gccarmnoneeabi@1.70201.0/bin/../lib/gcc/arm-none-eabi/7.2.1/thumb/v6-m/libgcc.a(divdf3.o)
                0x00000000080019e8                __aeabi_ddiv
 .text          0x0000000008001fec       0x78 /Users/sola/.platformio/packages/toolchain-gccarmnoneeabi@1.70201.0/bin/../lib/gcc/arm-none-eabi/7.2.1/thumb/v6-m/libgcc.a(eqdf2.o)
                0x0000000008001fec                __eqdf2
                0x0000000008001fec                __nedf2
 .text          0x0000000008002064       0xc8 /Users/sola/.platformio/packages/toolchain-gccarmnoneeabi@1.70201.0/bin/../lib/gcc/arm-none-eabi/7.2.1/thumb/v6-m/libgcc.a(gedf2.o)
                0x0000000008002064                __gtdf2
                0x0000000008002064                __gedf2
 .text          0x000000000800212c       0xd0 /Users/sola/.platformio/packages/toolchain-gccarmnoneeabi@1.70201.0/bin/../lib/gcc/arm-none-eabi/7.2.1/thumb/v6-m/libgcc.a(ledf2.o)
                0x000000000800212c                __ltdf2
                0x000000000800212c                __ledf2
 .text          0x00000000080021fc      0x4e4 /Users/sola/.platformio/packages/toolchain-gccarmnoneeabi@1.70201.0/bin/../lib/gcc/arm-none-eabi/7.2.1/thumb/v6-m/libgcc.a(muldf3.o)
                0x00000000080021fc                __aeabi_dmul
 .text          0x00000000080026e0      0x690 /Users/sola/.platformio/packages/toolchain-gccarmnoneeabi@1.70201.0/bin/../lib/gcc/arm-none-eabi/7.2.1/thumb/v6-m/libgcc.a(subdf3.o)
                0x00000000080026e0                __aeabi_dsub
 .text          0x0000000008002d70       0x6c /Users/sola/.platformio/packages/toolchain-gccarmnoneeabi@1.70201.0/bin/../lib/gcc/arm-none-eabi/7.2.1/thumb/v6-m/libgcc.a(fixdfsi.o)
                0x0000000008002d70                __aeabi_d2iz
 .text          0x0000000008002ddc       0x74 /Users/sola/.platformio/packages/toolchain-gccarmnoneeabi@1.70201.0/bin/../lib/gcc/arm-none-eabi/7.2.1/thumb/v6-m/libgcc.a(floatsidf.o)
                0x0000000008002ddc                __aeabi_i2d
 .text          0x0000000008002e50       0x64 /Users/sola/.platformio/packages/toolchain-gccarmnoneeabi@1.70201.0/bin/../lib/gcc/arm-none-eabi/7.2.1/thumb/v6-m/libgcc.a(floatunsidf.o)
                0x0000000008002e50                __aeabi_ui2d
 .text          0x0000000008002eb4       0xa4 /Users/sola/.platformio/packages/toolchain-gccarmnoneeabi@1.70201.0/bin/../lib/gcc/arm-none-eabi/7.2.1/thumb/v6-m/libgcc.a(extendsfdf2.o)
                0x0000000008002eb4                __aeabi_f2d
 .text          0x0000000008002f58      0x108 /Users/sola/.platformio/packages/toolchain-gccarmnoneeabi@1.70201.0/bin/../lib/gcc/arm-none-eabi/7.2.1/thumb/v6-m/libgcc.a(truncdfsf2.o)
                0x0000000008002f58                __aeabi_d2f
 .text          0x0000000008003060       0x3c /Users/sola/.platformio/packages/toolchain-gccarmnoneeabi@1.70201.0/bin/../lib/gcc/arm-none-eabi/7.2.1/thumb/v6-m/libgcc.a(_clzsi2.o)
                0x0000000008003060                __clzsi2
 .text          0x000000000800309c       0x38 /Users/sola/.platformio/packages/toolchain-gccarmnoneeabi@1.70201.0/bin/../lib/gcc/arm-none-eabi/7.2.1/thumb/v6-m/libgcc.a(unorddf2.o)
                0x000000000800309c                __aeabi_dcmpun
 *(.text*)
 .text.HAL_MspInit
                0x00000000080030d4        0x2 .pio/build/DLC_LG0/FrameworkHALDriver/Src/stm32g0xx_hal.o
                0x00000000080030d4                HAL_MspInit
 *fill*         0x00000000080030d6        0x2 
 .text.HAL_InitTick
                0x00000000080030d8       0x50 .pio/build/DLC_LG0/FrameworkHALDriver/Src/stm32g0xx_hal.o
                0x00000000080030d8                HAL_InitTick
 .text.HAL_Init
                0x0000000008003128       0x28 .pio/build/DLC_LG0/FrameworkHALDriver/Src/stm32g0xx_hal.o
                0x0000000008003128                HAL_Init
 .text.HAL_IncTick
                0x0000000008003150       0x18 .pio/build/DLC_LG0/FrameworkHALDriver/Src/stm32g0xx_hal.o
                0x0000000008003150                HAL_IncTick
 .text.HAL_GetTick
                0x0000000008003168        0xc .pio/build/DLC_LG0/FrameworkHALDriver/Src/stm32g0xx_hal.o
                0x0000000008003168                HAL_GetTick
 .text.HAL_Delay
                0x0000000008003174       0x24 .pio/build/DLC_LG0/FrameworkHALDriver/Src/stm32g0xx_hal.o
                0x0000000008003174                HAL_Delay
 .text.HAL_NVIC_SetPriority
                0x0000000008003198       0x54 .pio/build/DLC_LG0/FrameworkHALDriver/Src/stm32g0xx_hal_cortex.o
                0x0000000008003198                HAL_NVIC_SetPriority
 .text.HAL_NVIC_EnableIRQ
                0x00000000080031ec       0x18 .pio/build/DLC_LG0/FrameworkHALDriver/Src/stm32g0xx_hal_cortex.o
                0x00000000080031ec                HAL_NVIC_EnableIRQ
 .text.HAL_NVIC_DisableIRQ
                0x0000000008003204       0x20 .pio/build/DLC_LG0/FrameworkHALDriver/Src/stm32g0xx_hal_cortex.o
                0x0000000008003204                HAL_NVIC_DisableIRQ
 .text.HAL_SYSTICK_Config
                0x0000000008003224       0x34 .pio/build/DLC_LG0/FrameworkHALDriver/Src/stm32g0xx_hal_cortex.o
                0x0000000008003224                HAL_SYSTICK_Config
 .text.HAL_FLASH_Unlock
                0x0000000008003258       0x24 .pio/build/DLC_LG0/FrameworkHALDriver/Src/stm32g0xx_hal_flash.o
                0x0000000008003258                HAL_FLASH_Unlock
 .text.HAL_FLASH_Lock
                0x000000000800327c       0x18 .pio/build/DLC_LG0/FrameworkHALDriver/Src/stm32g0xx_hal_flash.o
                0x000000000800327c                HAL_FLASH_Lock
 .text.FLASH_WaitForLastOperation
                0x0000000008003294       0x64 .pio/build/DLC_LG0/FrameworkHALDriver/Src/stm32g0xx_hal_flash.o
                0x0000000008003294                FLASH_WaitForLastOperation
 .text.HAL_FLASH_Program
                0x00000000080032f8       0x68 .pio/build/DLC_LG0/FrameworkHALDriver/Src/stm32g0xx_hal_flash.o
                0x00000000080032f8                HAL_FLASH_Program
 .text.FLASH_PageErase
                0x0000000008003360       0x38 .pio/build/DLC_LG0/FrameworkHALDriver/Src/stm32g0xx_hal_flash_ex.o
                0x0000000008003360                FLASH_PageErase
 .text.HAL_FLASHEx_Erase
                0x0000000008003398       0x94 .pio/build/DLC_LG0/FrameworkHALDriver/Src/stm32g0xx_hal_flash_ex.o
                0x0000000008003398                HAL_FLASHEx_Erase
 .text.HAL_GPIO_Init
                0x000000000800342c      0x178 .pio/build/DLC_LG0/FrameworkHALDriver/Src/stm32g0xx_hal_gpio.o
                0x000000000800342c                HAL_GPIO_Init
 .text.HAL_GPIO_ReadPin
                0x00000000080035a4        0xc .pio/build/DLC_LG0/FrameworkHALDriver/Src/stm32g0xx_hal_gpio.o
                0x00000000080035a4                HAL_GPIO_ReadPin
 .text.HAL_GPIO_WritePin
                0x00000000080035b0        0xc .pio/build/DLC_LG0/FrameworkHALDriver/Src/stm32g0xx_hal_gpio.o
                0x00000000080035b0                HAL_GPIO_WritePin
 .text.HAL_GPIO_TogglePin
                0x00000000080035bc       0x10 .pio/build/DLC_LG0/FrameworkHALDriver/Src/stm32g0xx_hal_gpio.o
                0x00000000080035bc                HAL_GPIO_TogglePin
 .text.HAL_PWREx_ControlVoltageScaling
                0x00000000080035cc       0x54 .pio/build/DLC_LG0/FrameworkHALDriver/Src/stm32g0xx_hal_pwr_ex.o
                0x00000000080035cc                HAL_PWREx_ControlVoltageScaling
 .text.HAL_RCC_OscConfig
                0x0000000008003620      0x450 .pio/build/DLC_LG0/FrameworkHALDriver/Src/stm32g0xx_hal_rcc.o
                0x0000000008003620                HAL_RCC_OscConfig
 .text.HAL_RCC_GetSysClockFreq
                0x0000000008003a70       0x8c .pio/build/DLC_LG0/FrameworkHALDriver/Src/stm32g0xx_hal_rcc.o
                0x0000000008003a70                HAL_RCC_GetSysClockFreq
 .text.HAL_RCC_ClockConfig
                0x0000000008003afc      0x15c .pio/build/DLC_LG0/FrameworkHALDriver/Src/stm32g0xx_hal_rcc.o
                0x0000000008003afc                HAL_RCC_ClockConfig
 .text.HAL_RCC_GetHCLKFreq
                0x0000000008003c58        0xc .pio/build/DLC_LG0/FrameworkHALDriver/Src/stm32g0xx_hal_rcc.o
                0x0000000008003c58                HAL_RCC_GetHCLKFreq
 .text.HAL_RCC_GetPCLK1Freq
                0x0000000008003c64       0x28 .pio/build/DLC_LG0/FrameworkHALDriver/Src/stm32g0xx_hal_rcc.o
                0x0000000008003c64                HAL_RCC_GetPCLK1Freq
 .text.SPI_WaitFifoStateUntilTimeout
                0x0000000008003c8c       0xe4 .pio/build/DLC_LG0/FrameworkHALDriver/Src/stm32g0xx_hal_spi.o
 .text.SPI_WaitFlagStateUntilTimeout
                0x0000000008003d70       0xc0 .pio/build/DLC_LG0/FrameworkHALDriver/Src/stm32g0xx_hal_spi.o
 .text.SPI_EndRxTxTransaction
                0x0000000008003e30       0x4a .pio/build/DLC_LG0/FrameworkHALDriver/Src/stm32g0xx_hal_spi.o
 .text.HAL_SPI_MspInit
                0x0000000008003e7a        0x2 .pio/build/DLC_LG0/FrameworkHALDriver/Src/stm32g0xx_hal_spi.o
                0x0000000008003e7a                HAL_SPI_MspInit
 .text.HAL_SPI_Init
                0x0000000008003e7c      0x158 .pio/build/DLC_LG0/FrameworkHALDriver/Src/stm32g0xx_hal_spi.o
                0x0000000008003e7c                HAL_SPI_Init
 .text.HAL_SPI_TransmitReceive
                0x0000000008003fd4      0x33c .pio/build/DLC_LG0/FrameworkHALDriver/Src/stm32g0xx_hal_spi.o
                0x0000000008003fd4                HAL_SPI_TransmitReceive
 .text.HAL_TIM_Base_MspInit
                0x0000000008004310        0x2 .pio/build/DLC_LG0/FrameworkHALDriver/Src/stm32g0xx_hal_tim.o
                0x0000000008004310                HAL_TIM_Base_MspInit
 *fill*         0x0000000008004312        0x2 
 .text.HAL_TIM_Base_Start_IT
                0x0000000008004314       0x6c .pio/build/DLC_LG0/FrameworkHALDriver/Src/stm32g0xx_hal_tim.o
                0x0000000008004314                HAL_TIM_Base_Start_IT
 .text.HAL_TIM_OC_DelayElapsedCallback
                0x0000000008004380        0x2 .pio/build/DLC_LG0/FrameworkHALDriver/Src/stm32g0xx_hal_tim.o
                0x0000000008004380                HAL_TIM_OC_DelayElapsedCallback
 .text.HAL_TIM_IC_CaptureCallback
                0x0000000008004382        0x2 .pio/build/DLC_LG0/FrameworkHALDriver/Src/stm32g0xx_hal_tim.o
                0x0000000008004382                HAL_TIM_IC_CaptureCallback
 .text.HAL_TIM_PWM_PulseFinishedCallback
                0x0000000008004384        0x2 .pio/build/DLC_LG0/FrameworkHALDriver/Src/stm32g0xx_hal_tim.o
                0x0000000008004384                HAL_TIM_PWM_PulseFinishedCallback
 .text.HAL_TIM_TriggerCallback
                0x0000000008004386        0x2 .pio/build/DLC_LG0/FrameworkHALDriver/Src/stm32g0xx_hal_tim.o
                0x0000000008004386                HAL_TIM_TriggerCallback
 .text.HAL_TIM_IRQHandler
                0x0000000008004388      0x168 .pio/build/DLC_LG0/FrameworkHALDriver/Src/stm32g0xx_hal_tim.o
                0x0000000008004388                HAL_TIM_IRQHandler
 .text.TIM_Base_SetConfig
                0x00000000080044f0       0xa0 .pio/build/DLC_LG0/FrameworkHALDriver/Src/stm32g0xx_hal_tim.o
                0x00000000080044f0                TIM_Base_SetConfig
 .text.HAL_TIM_Base_Init
                0x0000000008004590       0x54 .pio/build/DLC_LG0/FrameworkHALDriver/Src/stm32g0xx_hal_tim.o
                0x0000000008004590                HAL_TIM_Base_Init
 .text.HAL_TIMEx_CommutCallback
                0x00000000080045e4        0x2 .pio/build/DLC_LG0/FrameworkHALDriver/Src/stm32g0xx_hal_tim_ex.o
                0x00000000080045e4                HAL_TIMEx_CommutCallback
 .text.HAL_TIMEx_BreakCallback
                0x00000000080045e6        0x2 .pio/build/DLC_LG0/FrameworkHALDriver/Src/stm32g0xx_hal_tim_ex.o
                0x00000000080045e6                HAL_TIMEx_BreakCallback
 .text.HAL_TIMEx_Break2Callback
                0x00000000080045e8        0x2 .pio/build/DLC_LG0/FrameworkHALDriver/Src/stm32g0xx_hal_tim_ex.o
                0x00000000080045e8                HAL_TIMEx_Break2Callback
 .text.HAL_UART_MspInit
                0x00000000080045ea        0x2 .pio/build/DLC_LG0/FrameworkHALDriver/Src/stm32g0xx_hal_uart.o
                0x00000000080045ea                HAL_UART_MspInit
 .text.UART_SetConfig
                0x00000000080045ec      0x1d4 .pio/build/DLC_LG0/FrameworkHALDriver/Src/stm32g0xx_hal_uart.o
                0x00000000080045ec                UART_SetConfig
 .text.UART_AdvFeatureConfig
                0x00000000080047c0       0xd0 .pio/build/DLC_LG0/FrameworkHALDriver/Src/stm32g0xx_hal_uart.o
                0x00000000080047c0                UART_AdvFeatureConfig
 .text.UART_WaitOnFlagUntilTimeout
                0x0000000008004890       0xd0 .pio/build/DLC_LG0/FrameworkHALDriver/Src/stm32g0xx_hal_uart.o
                0x0000000008004890                UART_WaitOnFlagUntilTimeout
 .text.HAL_UART_Transmit
                0x0000000008004960       0xde .pio/build/DLC_LG0/FrameworkHALDriver/Src/stm32g0xx_hal_uart.o
                0x0000000008004960                HAL_UART_Transmit
 *fill*         0x0000000008004a3e        0x2 
 .text.UART_CheckIdleState
                0x0000000008004a40       0x6c .pio/build/DLC_LG0/FrameworkHALDriver/Src/stm32g0xx_hal_uart.o
                0x0000000008004a40                UART_CheckIdleState
 .text.HAL_UART_Init
                0x0000000008004aac       0x68 .pio/build/DLC_LG0/FrameworkHALDriver/Src/stm32g0xx_hal_uart.o
                0x0000000008004aac                HAL_UART_Init
 .text.UARTEx_SetNbDataToProcess
                0x0000000008004b14       0x4c .pio/build/DLC_LG0/FrameworkHALDriver/Src/stm32g0xx_hal_uart_ex.o
 .text.HAL_UARTEx_DisableFifoMode
                0x0000000008004b60       0x3c .pio/build/DLC_LG0/FrameworkHALDriver/Src/stm32g0xx_hal_uart_ex.o
                0x0000000008004b60                HAL_UARTEx_DisableFifoMode
 .text.HAL_UARTEx_SetTxFifoThreshold
                0x0000000008004b9c       0x44 .pio/build/DLC_LG0/FrameworkHALDriver/Src/stm32g0xx_hal_uart_ex.o
                0x0000000008004b9c                HAL_UARTEx_SetTxFifoThreshold
 .text.HAL_UARTEx_SetRxFifoThreshold
                0x0000000008004be0       0x48 .pio/build/DLC_LG0/FrameworkHALDriver/Src/stm32g0xx_hal_uart_ex.o
                0x0000000008004be0                HAL_UARTEx_SetRxFifoThreshold
 .text.hal_g0b0_clk_init
                0x0000000008004c28       0x60 .pio/build/DLC_LG0/src/bsp_hal/bsp_g0b0ce/hal_g0b0_system.o
                0x0000000008004c28                hal_g0b0_clk_init
 .text.hal_g0b0_system_init
                0x0000000008004c88       0x7e .pio/build/DLC_LG0/src/bsp_hal/bsp_g0b0ce/hal_g0b0_system.o
                0x0000000008004c88                hal_g0b0_system_init
 *fill*         0x0000000008004d06        0x2 
 .text.HAL_TIM_PeriodElapsedCallback
                0x0000000008004d08       0x24 .pio/build/DLC_LG0/src/bsp_hal/bsp_g0b0ce/hal_g0b0_system.o
                0x0000000008004d08                HAL_TIM_PeriodElapsedCallback
 .text.Error_Handler
                0x0000000008004d2c        0x4 .pio/build/DLC_LG0/src/bsp_hal/bsp_g0b0ce/hal_g0b0_system.o
                0x0000000008004d2c                Error_Handler
 .text.grbl_report_mcu_info
                0x0000000008004d30       0x7c .pio/build/DLC_LG0/src/bsp_hal/grbl_hal.o
                0x0000000008004d30                grbl_report_mcu_info
 .text.hal_flash_unlock
                0x0000000008004dac        0x2 .pio/build/DLC_LG0/src/bsp_hal/hal_flash_eeprom.o
                0x0000000008004dac                hal_flash_unlock
 *fill*         0x0000000008004dae        0x2 
 .text.hal_eeprom_get_char
                0x0000000008004db0        0xc .pio/build/DLC_LG0/src/bsp_hal/hal_flash_eeprom.o
                0x0000000008004db0                hal_eeprom_get_char
 .text.hal_flash_write_buff
                0x0000000008004dbc       0xa0 .pio/build/DLC_LG0/src/bsp_hal/hal_flash_eeprom.o
                0x0000000008004dbc                hal_flash_write_buff
 .text.hal_eeprom_flush
                0x0000000008004e5c       0x18 .pio/build/DLC_LG0/src/bsp_hal/hal_flash_eeprom.o
                0x0000000008004e5c                hal_eeprom_flush
 .text.hal_flash_read_buf
                0x0000000008004e74       0x14 .pio/build/DLC_LG0/src/bsp_hal/hal_flash_eeprom.o
                0x0000000008004e74                hal_flash_read_buf
 .text.hal_eeprom_init
                0x0000000008004e88       0x30 .pio/build/DLC_LG0/src/bsp_hal/hal_flash_eeprom.o
                0x0000000008004e88                hal_eeprom_init
 .text.hal_led_gpio_init
                0x0000000008004eb8       0x38 .pio/build/DLC_LG0/src/bsp_hal/hal_gpio.o
                0x0000000008004eb8                hal_led_gpio_init
 .text.hal_led_toggle
                0x0000000008004ef0       0x10 .pio/build/DLC_LG0/src/bsp_hal/hal_gpio.o
                0x0000000008004ef0                hal_led_toggle
 .text.hal_limit_gpio_init
                0x0000000008004f00       0x40 .pio/build/DLC_LG0/src/bsp_hal/hal_gpio.o
                0x0000000008004f00                hal_limit_gpio_init
 .text.hal_limit_gpio_irq_enable
                0x0000000008004f40       0x14 .pio/build/DLC_LG0/src/bsp_hal/hal_gpio.o
                0x0000000008004f40                hal_limit_gpio_irq_enable
 .text.hal_limit_gpio_irq_disable
                0x0000000008004f54        0xa .pio/build/DLC_LG0/src/bsp_hal/hal_gpio.o
                0x0000000008004f54                hal_limit_gpio_irq_disable
 *fill*         0x0000000008004f5e        0x2 
 .text.hal_limits_get_gpio_status
                0x0000000008004f60       0x20 .pio/build/DLC_LG0/src/bsp_hal/hal_gpio.o
                0x0000000008004f60                hal_limits_get_gpio_status
 .text.hal_motor_gpio_init
                0x0000000008004f80       0x88 .pio/build/DLC_LG0/src/bsp_hal/hal_gpio.o
                0x0000000008004f80                hal_motor_gpio_init
 .text.hal_step_en_gpio_set
                0x0000000008005008       0x18 .pio/build/DLC_LG0/src/bsp_hal/hal_gpio.o
                0x0000000008005008                hal_step_en_gpio_set
 .text.hal_set_dir_gpio_status
                0x0000000008005020       0x4c .pio/build/DLC_LG0/src/bsp_hal/hal_gpio.o
                0x0000000008005020                hal_set_dir_gpio_status
 .text.hal_set_step_gpio_status
                0x000000000800506c       0x4c .pio/build/DLC_LG0/src/bsp_hal/hal_gpio.o
                0x000000000800506c                hal_set_step_gpio_status
 .text.hal_get_moter_dir_gpio_mask
                0x00000000080050b8       0x12 .pio/build/DLC_LG0/src/bsp_hal/hal_gpio.o
                0x00000000080050b8                hal_get_moter_dir_gpio_mask
 .text.hal_get_moter_axis_gpio_mask
                0x00000000080050ca        0x8 .pio/build/DLC_LG0/src/bsp_hal/hal_gpio.o
                0x00000000080050ca                hal_get_moter_axis_gpio_mask
 *fill*         0x00000000080050d2        0x2 
 .text.set_spi_clk
                0x00000000080050d4       0x6c .pio/build/DLC_LG0/src/bsp_hal/hal_spi.o
                0x00000000080050d4                set_spi_clk
 .text.set_spi_mode
                0x0000000008005140       0x32 .pio/build/DLC_LG0/src/bsp_hal/hal_spi.o
                0x0000000008005140                set_spi_mode
 .text.set_spi_trans_mode
                0x0000000008005172       0x46 .pio/build/DLC_LG0/src/bsp_hal/hal_spi.o
                0x0000000008005172                set_spi_trans_mode
 .text.set_spi_start
                0x00000000080051b8        0xc .pio/build/DLC_LG0/src/bsp_hal/hal_spi.o
                0x00000000080051b8                set_spi_start
 .text.hal_spi_transfer_revice_byte
                0x00000000080051c4       0x28 .pio/build/DLC_LG0/src/bsp_hal/hal_spi.o
                0x00000000080051c4                hal_spi_transfer_revice_byte
 .text.hal_spi_begin
                0x00000000080051ec       0x66 .pio/build/DLC_LG0/src/bsp_hal/hal_spi.o
                0x00000000080051ec                hal_spi_begin
 .text.hal_spi_register
                0x0000000008005252        0x8 .pio/build/DLC_LG0/src/bsp_hal/hal_spi.o
                0x0000000008005252                hal_spi_register
 *fill*         0x000000000800525a        0x2 
 .text.hal_set_timer_init
                0x000000000800525c       0x54 .pio/build/DLC_LG0/src/bsp_hal/hal_tim.o
                0x000000000800525c                hal_set_timer_init
 .text.hal_reset_timer_init
                0x00000000080052b0       0x50 .pio/build/DLC_LG0/src/bsp_hal/hal_tim.o
                0x00000000080052b0                hal_reset_timer_init
 .text.hal_set_timer_irq_enable
                0x0000000008005300        0xa .pio/build/DLC_LG0/src/bsp_hal/hal_tim.o
                0x0000000008005300                hal_set_timer_irq_enable
 *fill*         0x000000000800530a        0x2 
 .text.hal_set_timer_irq_disable
                0x000000000800530c       0x18 .pio/build/DLC_LG0/src/bsp_hal/hal_tim.o
                0x000000000800530c                hal_set_timer_irq_disable
 .text.hal_tim_set_reload
                0x0000000008005324        0x6 .pio/build/DLC_LG0/src/bsp_hal/hal_tim.o
                0x0000000008005324                hal_tim_set_reload
 .text.hal_set_tim_cnt
                0x000000000800532a        0x6 .pio/build/DLC_LG0/src/bsp_hal/hal_tim.o
                0x000000000800532a                hal_set_tim_cnt
 .text.hal_tim_generateEvent_update
                0x0000000008005330        0xc .pio/build/DLC_LG0/src/bsp_hal/hal_tim.o
                0x0000000008005330                hal_tim_generateEvent_update
 .text.hal_tim_clear_flag_update
                0x000000000800533c        0xa .pio/build/DLC_LG0/src/bsp_hal/hal_tim.o
                0x000000000800533c                hal_tim_clear_flag_update
 .text.hal_reset_timer_irq_enable
                0x0000000008005346        0xa .pio/build/DLC_LG0/src/bsp_hal/hal_tim.o
                0x0000000008005346                hal_reset_timer_irq_enable
 .text.hal_reset_timer_irq_disable
                0x0000000008005350        0xa .pio/build/DLC_LG0/src/bsp_hal/hal_tim.o
                0x0000000008005350                hal_reset_timer_irq_disable
 *fill*         0x000000000800535a        0x2 
 .text.TIM7_IRQHandler
                0x000000000800535c       0x10 .pio/build/DLC_LG0/src/bsp_hal/hal_tim.o
                0x000000000800535c                TIM7_IRQHandler
 .text.TIM6_IRQHandler
                0x000000000800536c       0x10 .pio/build/DLC_LG0/src/bsp_hal/hal_tim.o
                0x000000000800536c                TIM6_IRQHandler
 .text.hal_uart_gpio_init
                0x000000000800537c       0x5c .pio/build/DLC_LG0/src/bsp_hal/hal_uart.o
                0x000000000800537c                hal_uart_gpio_init
 .text.hal_uart_init
                0x00000000080053d8       0x84 .pio/build/DLC_LG0/src/bsp_hal/hal_uart.o
                0x00000000080053d8                hal_uart_init
 .text.hal_uart_sendbyte
                0x000000000800545c       0x1c .pio/build/DLC_LG0/src/bsp_hal/hal_uart.o
                0x000000000800545c                hal_uart_sendbyte
 .text.hal_is_uart_sr_txe
                0x0000000008005478       0x10 .pio/build/DLC_LG0/src/bsp_hal/hal_uart.o
                0x0000000008005478                hal_is_uart_sr_txe
 .text.hal_read_usrt_status_reg
                0x0000000008005488        0xc .pio/build/DLC_LG0/src/bsp_hal/hal_uart.o
                0x0000000008005488                hal_read_usrt_status_reg
 .text.hal_read_uart_dr_reg
                0x0000000008005494       0x10 .pio/build/DLC_LG0/src/bsp_hal/hal_uart.o
                0x0000000008005494                hal_read_uart_dr_reg
 .text.hal_clean_isr
                0x00000000080054a4       0x14 .pio/build/DLC_LG0/src/bsp_hal/hal_uart.o
                0x00000000080054a4                hal_clean_isr
 .text.USART2_IRQHandler
                0x00000000080054b8       0x14 .pio/build/DLC_LG0/src/bsp_hal/hal_uart.o
                0x00000000080054b8                USART2_IRQHandler
 .text._write   0x00000000080054cc       0x1c .pio/build/DLC_LG0/src/bsp_hal/hal_uart.o
                0x00000000080054cc                _write
 .text.hal_w25qxx_spi_init
                0x00000000080054e8       0x90 .pio/build/DLC_LG0/src/bsp_hal/hal_w25qxx.o
                0x00000000080054e8                hal_w25qxx_spi_init
 .text.w25qxx_write_read_16
                0x0000000008005578       0x10 .pio/build/DLC_LG0/src/bsp_hal/hal_w25qxx.o
                0x0000000008005578                w25qxx_write_read_16
 .text.w25qxx_enable
                0x0000000008005588       0x14 .pio/build/DLC_LG0/src/bsp_hal/hal_w25qxx.o
                0x0000000008005588                w25qxx_enable
 .text.w25qxx_disable
                0x000000000800559c       0x14 .pio/build/DLC_LG0/src/bsp_hal/hal_w25qxx.o
                0x000000000800559c                w25qxx_disable
 .text.w25qxx_read_write_cb
                0x00000000080055b0        0xc .pio/build/DLC_LG0/src/bsp_hal/hal_w25qxx.o
                0x00000000080055b0                w25qxx_read_write_cb
 .text.w25qxx_read_write_byte
                0x00000000080055bc       0x10 .pio/build/DLC_LG0/src/bsp_hal/hal_w25qxx.o
                0x00000000080055bc                w25qxx_read_write_byte
 .text.w25qxx_read_id
                0x00000000080055cc       0x30 .pio/build/DLC_LG0/src/bsp_hal/hal_w25qxx.o
                0x00000000080055cc                w25qxx_read_id
 .text.w25qxx_enter_flash_mode
                0x00000000080055fc       0x2c .pio/build/DLC_LG0/src/bsp_hal/hal_w25qxx.o
                0x00000000080055fc                w25qxx_enter_flash_mode
 .text.w25qxx_init
                0x0000000008005628       0x90 .pio/build/DLC_LG0/src/bsp_hal/hal_w25qxx.o
                0x0000000008005628                w25qxx_init
 .text.coolant_init
                0x00000000080056b8        0x2 .pio/build/DLC_LG0/src/grbl/coolant_control.o
                0x00000000080056b8                coolant_init
 .text.coolant_get_state
                0x00000000080056ba        0x4 .pio/build/DLC_LG0/src/grbl/coolant_control.o
                0x00000000080056ba                coolant_get_state
 .text.coolant_stop
                0x00000000080056be        0x2 .pio/build/DLC_LG0/src/grbl/coolant_control.o
                0x00000000080056be                coolant_stop
 .text.coolant_set_state
                0x00000000080056c0       0x10 .pio/build/DLC_LG0/src/grbl/coolant_control.o
                0x00000000080056c0                coolant_set_state
 .text.coolant_sync
                0x00000000080056d0       0x1c .pio/build/DLC_LG0/src/grbl/coolant_control.o
                0x00000000080056d0                coolant_sync
 .text.eeprom_get_char
                0x00000000080056ec        0x8 .pio/build/DLC_LG0/src/grbl/eeprom.o
                0x00000000080056ec                eeprom_get_char
 .text.eeprom_put_char
                0x00000000080056f4        0xc .pio/build/DLC_LG0/src/grbl/eeprom.o
                0x00000000080056f4                eeprom_put_char
 .text.memcpy_to_eeprom_with_checksum
                0x0000000008005700       0x34 .pio/build/DLC_LG0/src/grbl/eeprom.o
                0x0000000008005700                memcpy_to_eeprom_with_checksum
 .text.memcpy_from_eeprom_with_checksum
                0x0000000008005734       0x3a .pio/build/DLC_LG0/src/grbl/eeprom.o
                0x0000000008005734                memcpy_from_eeprom_with_checksum
 *fill*         0x000000000800576e        0x2 
 .text.gc_init  0x0000000008005770       0x28 .pio/build/DLC_LG0/src/grbl/gcode.o
                0x0000000008005770                gc_init
 .text.gc_sync_position
                0x0000000008005798       0x14 .pio/build/DLC_LG0/src/grbl/gcode.o
                0x0000000008005798                gc_sync_position
 .text.gc_execute_line
                0x00000000080057ac      0xe7c .pio/build/DLC_LG0/src/grbl/gcode.o
                0x00000000080057ac                gc_execute_line
 .text.jog_execute
                0x0000000008006628       0x60 .pio/build/DLC_LG0/src/grbl/jog.o
                0x0000000008006628                jog_execute
 .text.limits_init
                0x0000000008006688       0x20 .pio/build/DLC_LG0/src/grbl/limits.o
                0x0000000008006688                limits_init
 .text.limits_disable
                0x00000000080066a8        0x8 .pio/build/DLC_LG0/src/grbl/limits.o
                0x00000000080066a8                limits_disable
 .text.limits_get_state
                0x00000000080066b0       0x2e .pio/build/DLC_LG0/src/grbl/limits.o
                0x00000000080066b0                limits_get_state
 *fill*         0x00000000080066de        0x2 
 .text.limits_go_home
                0x00000000080066e0      0x250 .pio/build/DLC_LG0/src/grbl/limits.o
                0x00000000080066e0                limits_go_home
 .text.limits_soft_check
                0x0000000008006930       0x40 .pio/build/DLC_LG0/src/grbl/limits.o
                0x0000000008006930                limits_soft_check
 .text.mc_line  0x0000000008006970       0x68 .pio/build/DLC_LG0/src/grbl/motion_control.o
                0x0000000008006970                mc_line
 .text.mc_arc   0x00000000080069d8      0x35c .pio/build/DLC_LG0/src/grbl/motion_control.o
                0x00000000080069d8                mc_arc
 .text.mc_dwell
                0x0000000008006d34       0x20 .pio/build/DLC_LG0/src/grbl/motion_control.o
                0x0000000008006d34                mc_dwell
 .text.mc_homing_cycle
                0x0000000008006d54       0x30 .pio/build/DLC_LG0/src/grbl/motion_control.o
                0x0000000008006d54                mc_homing_cycle
 .text.mc_probe_cycle
                0x0000000008006d84       0xc0 .pio/build/DLC_LG0/src/grbl/motion_control.o
                0x0000000008006d84                mc_probe_cycle
 .text.mc_reset
                0x0000000008006e44       0x54 .pio/build/DLC_LG0/src/grbl/motion_control.o
                0x0000000008006e44                mc_reset
 .text.read_float
                0x0000000008006e98      0x10c .pio/build/DLC_LG0/src/grbl/nuts_bolts.o
                0x0000000008006e98                read_float
 .text.delay_sec
                0x0000000008006fa4       0x50 .pio/build/DLC_LG0/src/grbl/nuts_bolts.o
                0x0000000008006fa4                delay_sec
 .text.delay_ms
                0x0000000008006ff4       0x1c .pio/build/DLC_LG0/src/grbl/nuts_bolts.o
                0x0000000008006ff4                delay_ms
 .text.hypot_f  0x0000000008007010       0x2a .pio/build/DLC_LG0/src/grbl/nuts_bolts.o
                0x0000000008007010                hypot_f
 .text.convert_delta_vector_to_unit_vector
                0x000000000800703a       0x74 .pio/build/DLC_LG0/src/grbl/nuts_bolts.o
                0x000000000800703a                convert_delta_vector_to_unit_vector
 *fill*         0x00000000080070ae        0x2 
 .text.limit_value_by_axis_maximum
                0x00000000080070b0       0x44 .pio/build/DLC_LG0/src/grbl/nuts_bolts.o
                0x00000000080070b0                limit_value_by_axis_maximum
 .text.planner_recalculate
                0x00000000080070f4      0x18c .pio/build/DLC_LG0/src/grbl/planner.o
 .text.plan_reset_buffer
                0x0000000008007280       0x28 .pio/build/DLC_LG0/src/grbl/planner.o
                0x0000000008007280                plan_reset_buffer
 .text.plan_reset
                0x00000000080072a8       0x18 .pio/build/DLC_LG0/src/grbl/planner.o
                0x00000000080072a8                plan_reset
 .text.plan_discard_current_block
                0x00000000080072c0       0x34 .pio/build/DLC_LG0/src/grbl/planner.o
                0x00000000080072c0                plan_discard_current_block
 .text.plan_get_system_motion_block
                0x00000000080072f4       0x18 .pio/build/DLC_LG0/src/grbl/planner.o
                0x00000000080072f4                plan_get_system_motion_block
 .text.plan_get_current_block
                0x000000000800730c       0x24 .pio/build/DLC_LG0/src/grbl/planner.o
                0x000000000800730c                plan_get_current_block
 .text.plan_get_exec_block_exit_speed_sqr
                0x0000000008007330       0x30 .pio/build/DLC_LG0/src/grbl/planner.o
                0x0000000008007330                plan_get_exec_block_exit_speed_sqr
 .text.plan_check_full_buffer
                0x0000000008007360       0x1c .pio/build/DLC_LG0/src/grbl/planner.o
                0x0000000008007360                plan_check_full_buffer
 .text.plan_compute_profile_nominal_speed
                0x000000000800737c       0x9c .pio/build/DLC_LG0/src/grbl/planner.o
                0x000000000800737c                plan_compute_profile_nominal_speed
 .text.plan_update_velocity_profile_parameters
                0x0000000008007418       0x80 .pio/build/DLC_LG0/src/grbl/planner.o
                0x0000000008007418                plan_update_velocity_profile_parameters
 .text.plan_buffer_line
                0x0000000008007498      0x2f0 .pio/build/DLC_LG0/src/grbl/planner.o
                0x0000000008007498                plan_buffer_line
 .text.plan_sync_position
                0x0000000008007788       0x1c .pio/build/DLC_LG0/src/grbl/planner.o
                0x0000000008007788                plan_sync_position
 .text.plan_get_block_buffer_available
                0x00000000080077a4       0x20 .pio/build/DLC_LG0/src/grbl/planner.o
                0x00000000080077a4                plan_get_block_buffer_available
 .text.plan_cycle_reinitialize
                0x00000000080077c4       0x1c .pio/build/DLC_LG0/src/grbl/planner.o
                0x00000000080077c4                plan_cycle_reinitialize
 .text.printString
                0x00000000080077e0       0x14 .pio/build/DLC_LG0/src/grbl/print.o
                0x00000000080077e0                printString
 .text.print_uint8_base10
                0x00000000080077f4       0x5c .pio/build/DLC_LG0/src/grbl/print.o
                0x00000000080077f4                print_uint8_base10
 .text.printFloat
                0x0000000008007850       0xcc .pio/build/DLC_LG0/src/grbl/print.o
                0x0000000008007850                printFloat
 .text.printFloat_CoordValue
                0x000000000800791c       0x34 .pio/build/DLC_LG0/src/grbl/print.o
                0x000000000800791c                printFloat_CoordValue
 .text.printFloat_RateValue
                0x0000000008007950       0x34 .pio/build/DLC_LG0/src/grbl/print.o
                0x0000000008007950                printFloat_RateValue
 .text.probe_init
                0x0000000008007984        0x2 .pio/build/DLC_LG0/src/grbl/probe.o
                0x0000000008007984                probe_init
 .text.probe_configure_invert_mask
                0x0000000008007986        0x2 .pio/build/DLC_LG0/src/grbl/probe.o
                0x0000000008007986                probe_configure_invert_mask
 .text.probe_get_state
                0x0000000008007988        0x4 .pio/build/DLC_LG0/src/grbl/probe.o
                0x0000000008007988                probe_get_state
 .text.probe_state_monitor
                0x000000000800798c        0x2 .pio/build/DLC_LG0/src/grbl/probe.o
                0x000000000800798c                probe_state_monitor
 .text.protocol_auto_cycle_start
                0x000000000800798e       0x12 .pio/build/DLC_LG0/src/grbl/protocol.o
                0x000000000800798e                protocol_auto_cycle_start
 .text.protocol_exec_rt_system
                0x00000000080079a0      0x36c .pio/build/DLC_LG0/src/grbl/protocol.o
                0x00000000080079a0                protocol_exec_rt_system
 .text.protocol_execute_realtime
                0x0000000008007d0c      0x1c4 .pio/build/DLC_LG0/src/grbl/protocol.o
                0x0000000008007d0c                protocol_execute_realtime
 .text.protocol_main_loop
                0x0000000008007ed0      0x118 .pio/build/DLC_LG0/src/grbl/protocol.o
                0x0000000008007ed0                protocol_main_loop
 .text.protocol_buffer_synchronize
                0x0000000008007fe8       0x28 .pio/build/DLC_LG0/src/grbl/protocol.o
                0x0000000008007fe8                protocol_buffer_synchronize
 .text.report_util_line_feed
                0x0000000008008010       0x10 .pio/build/DLC_LG0/src/grbl/report.o
 .text.report_util_feedback_line_feed
                0x0000000008008020        0xe .pio/build/DLC_LG0/src/grbl/report.o
 .text.report_util_axis_values
                0x000000000800802e       0x24 .pio/build/DLC_LG0/src/grbl/report.o
 .text.report_util_setting_prefix
                0x0000000008008052       0x18 .pio/build/DLC_LG0/src/grbl/report.o
                0x0000000008008052                report_util_setting_prefix
 .text.report_util_uint8_setting
                0x000000000800806a       0x14 .pio/build/DLC_LG0/src/grbl/report.o
 .text.report_util_float_setting
                0x000000000800807e       0x18 .pio/build/DLC_LG0/src/grbl/report.o
 *fill*         0x0000000008008096        0x2 
 .text.report_status_message
                0x0000000008008098       0x28 .pio/build/DLC_LG0/src/grbl/report.o
                0x0000000008008098                report_status_message
 .text.report_alarm_message
                0x00000000080080c0       0x24 .pio/build/DLC_LG0/src/grbl/report.o
                0x00000000080080c0                report_alarm_message
 .text.report_feedback_message
                0x00000000080080e4       0x84 .pio/build/DLC_LG0/src/grbl/report.o
                0x00000000080080e4                report_feedback_message
 .text.report_init_message
                0x0000000008008168       0x10 .pio/build/DLC_LG0/src/grbl/report.o
                0x0000000008008168                report_init_message
 .text.report_grbl_help
                0x0000000008008178       0x10 .pio/build/DLC_LG0/src/grbl/report.o
                0x0000000008008178                report_grbl_help
 .text.report_grbl_settings
                0x0000000008008188      0x16c .pio/build/DLC_LG0/src/grbl/report.o
                0x0000000008008188                report_grbl_settings
 .text.report_probe_parameters
                0x00000000080082f4       0x38 .pio/build/DLC_LG0/src/grbl/report.o
                0x00000000080082f4                report_probe_parameters
 .text.report_ngc_parameters
                0x000000000800832c       0xa8 .pio/build/DLC_LG0/src/grbl/report.o
                0x000000000800832c                report_ngc_parameters
 .text.report_gcode_modes
                0x00000000080083d4      0x120 .pio/build/DLC_LG0/src/grbl/report.o
                0x00000000080083d4                report_gcode_modes
 .text.report_startup_line
                0x00000000080084f4       0x28 .pio/build/DLC_LG0/src/grbl/report.o
                0x00000000080084f4                report_startup_line
 .text.report_execute_startup_message
                0x000000000800851c       0x20 .pio/build/DLC_LG0/src/grbl/report.o
                0x000000000800851c                report_execute_startup_message
 .text.report_build_info
                0x000000000800853c       0x48 .pio/build/DLC_LG0/src/grbl/report.o
                0x000000000800853c                report_build_info
 .text.report_realtime_status
                0x0000000008008584      0x2ec .pio/build/DLC_LG0/src/grbl/report.o
                0x0000000008008584                report_realtime_status
 .text.serial_get_rx_buffer_available
                0x0000000008008870       0x24 .pio/build/DLC_LG0/src/grbl/serial.o
                0x0000000008008870                serial_get_rx_buffer_available
 .text.serial_init
                0x0000000008008894        0x2 .pio/build/DLC_LG0/src/grbl/serial.o
                0x0000000008008894                serial_init
 .text.serial_write
                0x0000000008008896       0x10 .pio/build/DLC_LG0/src/grbl/serial.o
                0x0000000008008896                serial_write
 *fill*         0x00000000080088a6        0x2 
 .text.serial_read
                0x00000000080088a8       0x28 .pio/build/DLC_LG0/src/grbl/serial.o
                0x00000000080088a8                serial_read
 .text.laser_uart_handler
                0x00000000080088d0       0xec .pio/build/DLC_LG0/src/grbl/serial.o
                0x00000000080088d0                laser_uart_handler
 .text.serial_reset_read_buffer
                0x00000000080089bc       0x14 .pio/build/DLC_LG0/src/grbl/serial.o
                0x00000000080089bc                serial_reset_read_buffer
 .text.settings_store_startup_line
                0x00000000080089d0       0x1e .pio/build/DLC_LG0/src/grbl/settings.o
                0x00000000080089d0                settings_store_startup_line
 *fill*         0x00000000080089ee        0x2 
 .text.settings_store_build_info
                0x00000000080089f0       0x14 .pio/build/DLC_LG0/src/grbl/settings.o
                0x00000000080089f0                settings_store_build_info
 .text.settings_write_coord_data
                0x0000000008008a04       0x1e .pio/build/DLC_LG0/src/grbl/settings.o
                0x0000000008008a04                settings_write_coord_data
 *fill*         0x0000000008008a22        0x2 
 .text.write_global_settings
                0x0000000008008a24       0x1c .pio/build/DLC_LG0/src/grbl/settings.o
                0x0000000008008a24                write_global_settings
 .text.settings_restore
                0x0000000008008a40      0x104 .pio/build/DLC_LG0/src/grbl/settings.o
                0x0000000008008a40                settings_restore
 .text.settings_read_startup_line
                0x0000000008008b44       0x2e .pio/build/DLC_LG0/src/grbl/settings.o
                0x0000000008008b44                settings_read_startup_line
 *fill*         0x0000000008008b72        0x2 
 .text.settings_read_build_info
                0x0000000008008b74       0x24 .pio/build/DLC_LG0/src/grbl/settings.o
                0x0000000008008b74                settings_read_build_info
 .text.settings_read_coord_data
                0x0000000008008b98       0x36 .pio/build/DLC_LG0/src/grbl/settings.o
                0x0000000008008b98                settings_read_coord_data
 *fill*         0x0000000008008bce        0x2 
 .text.read_global_settings
                0x0000000008008bd0       0x28 .pio/build/DLC_LG0/src/grbl/settings.o
                0x0000000008008bd0                read_global_settings
 .text.settings_store_global_setting
                0x0000000008008bf8      0x1e8 .pio/build/DLC_LG0/src/grbl/settings.o
                0x0000000008008bf8                settings_store_global_setting
 .text.settings_init
                0x0000000008008de0       0x1c .pio/build/DLC_LG0/src/grbl/settings.o
                0x0000000008008de0                settings_init
 .text.get_step_pin_mask
                0x0000000008008dfc        0x8 .pio/build/DLC_LG0/src/grbl/settings.o
                0x0000000008008dfc                get_step_pin_mask
 .text.get_direction_pin_mask
                0x0000000008008e04        0x8 .pio/build/DLC_LG0/src/grbl/settings.o
                0x0000000008008e04                get_direction_pin_mask
 .text.get_limit_pin_mask
                0x0000000008008e0c        0x8 .pio/build/DLC_LG0/src/grbl/settings.o
                0x0000000008008e0c                get_limit_pin_mask
 .text.spindle_init
                0x0000000008008e14        0x2 .pio/build/DLC_LG0/src/grbl/spindle_control.o
                0x0000000008008e14                spindle_init
 .text.spindle_get_state
                0x0000000008008e16        0x4 .pio/build/DLC_LG0/src/grbl/spindle_control.o
                0x0000000008008e16                spindle_get_state
 .text.spindle_stop
                0x0000000008008e1a        0x2 .pio/build/DLC_LG0/src/grbl/spindle_control.o
                0x0000000008008e1a                spindle_stop
 .text.spindle_set_speed
                0x0000000008008e1c        0x2 .pio/build/DLC_LG0/src/grbl/spindle_control.o
                0x0000000008008e1c                spindle_set_speed
 .text.spindle_compute_pwm_value
                0x0000000008008e1e        0x4 .pio/build/DLC_LG0/src/grbl/spindle_control.o
                0x0000000008008e1e                spindle_compute_pwm_value
 *fill*         0x0000000008008e22        0x2 
 .text.spindle_set_state
                0x0000000008008e24       0x10 .pio/build/DLC_LG0/src/grbl/spindle_control.o
                0x0000000008008e24                spindle_set_state
 .text.spindle_sync
                0x0000000008008e34       0x20 .pio/build/DLC_LG0/src/grbl/spindle_control.o
                0x0000000008008e34                spindle_sync
 .text.st_wake_up
                0x0000000008008e54       0x74 .pio/build/DLC_LG0/src/grbl/stepper.o
                0x0000000008008e54                st_wake_up
 .text.st_go_idle
                0x0000000008008ec8       0x64 .pio/build/DLC_LG0/src/grbl/stepper.o
                0x0000000008008ec8                st_go_idle
 .text.set_timer_irq_handler
                0x0000000008008f2c      0x1d0 .pio/build/DLC_LG0/src/grbl/stepper.o
                0x0000000008008f2c                set_timer_irq_handler
 .text.reset_timer_irq_handler
                0x00000000080090fc       0x14 .pio/build/DLC_LG0/src/grbl/stepper.o
                0x00000000080090fc                reset_timer_irq_handler
 .text.st_generate_step_dir_invert_masks
                0x0000000008009110       0x58 .pio/build/DLC_LG0/src/grbl/stepper.o
                0x0000000008009110                st_generate_step_dir_invert_masks
 .text.st_reset
                0x0000000008009168       0x60 .pio/build/DLC_LG0/src/grbl/stepper.o
                0x0000000008009168                st_reset
 .text.stepper_init
                0x00000000080091c8       0x10 .pio/build/DLC_LG0/src/grbl/stepper.o
                0x00000000080091c8                stepper_init
 .text.st_update_plan_block_parameters
                0x00000000080091d8       0x2c .pio/build/DLC_LG0/src/grbl/stepper.o
                0x00000000080091d8                st_update_plan_block_parameters
 .text.st_prep_buffer
                0x0000000008009204      0x89c .pio/build/DLC_LG0/src/grbl/stepper.o
                0x0000000008009204                st_prep_buffer
 .text.st_get_realtime_rate
                0x0000000008009aa0       0x1c .pio/build/DLC_LG0/src/grbl/stepper.o
                0x0000000008009aa0                st_get_realtime_rate
 .text.system_init
                0x0000000008009abc        0x2 .pio/build/DLC_LG0/src/grbl/system.o
                0x0000000008009abc                system_init
 .text.system_control_get_state
                0x0000000008009abe        0x4 .pio/build/DLC_LG0/src/grbl/system.o
                0x0000000008009abe                system_control_get_state
 .text.system_check_safety_door_ajar
                0x0000000008009ac2        0x4 .pio/build/DLC_LG0/src/grbl/system.o
                0x0000000008009ac2                system_check_safety_door_ajar
 .text.system_execute_startup
                0x0000000008009ac6       0x38 .pio/build/DLC_LG0/src/grbl/system.o
                0x0000000008009ac6                system_execute_startup
 *fill*         0x0000000008009afe        0x2 
 .text.system_flag_wco_change
                0x0000000008009b00       0x14 .pio/build/DLC_LG0/src/grbl/system.o
                0x0000000008009b00                system_flag_wco_change
 .text.system_convert_axis_steps_to_mpos
                0x0000000008009b14       0x18 .pio/build/DLC_LG0/src/grbl/system.o
                0x0000000008009b14                system_convert_axis_steps_to_mpos
 .text.system_convert_array_steps_to_mpos
                0x0000000008009b2c       0x1c .pio/build/DLC_LG0/src/grbl/system.o
                0x0000000008009b2c                system_convert_array_steps_to_mpos
 .text.system_check_travel_limits
                0x0000000008009b48       0x34 .pio/build/DLC_LG0/src/grbl/system.o
                0x0000000008009b48                system_check_travel_limits
 .text.system_set_exec_state_flag
                0x0000000008009b7c       0x14 .pio/build/DLC_LG0/src/grbl/system.o
                0x0000000008009b7c                system_set_exec_state_flag
 .text.system_execute_line
                0x0000000008009b90      0x2cc .pio/build/DLC_LG0/src/grbl/system.o
                0x0000000008009b90                system_execute_line
 .text.system_clear_exec_state_flag
                0x0000000008009e5c       0x14 .pio/build/DLC_LG0/src/grbl/system.o
                0x0000000008009e5c                system_clear_exec_state_flag
 .text.system_set_exec_alarm
                0x0000000008009e70       0x14 .pio/build/DLC_LG0/src/grbl/system.o
                0x0000000008009e70                system_set_exec_alarm
 .text.system_clear_exec_alarm
                0x0000000008009e84       0x10 .pio/build/DLC_LG0/src/grbl/system.o
                0x0000000008009e84                system_clear_exec_alarm
 .text.system_set_exec_motion_override_flag
                0x0000000008009e94       0x14 .pio/build/DLC_LG0/src/grbl/system.o
                0x0000000008009e94                system_set_exec_motion_override_flag
 .text.system_set_exec_accessory_override_flag
                0x0000000008009ea8       0x14 .pio/build/DLC_LG0/src/grbl/system.o
                0x0000000008009ea8                system_set_exec_accessory_override_flag
 .text.system_clear_exec_motion_overrides
                0x0000000008009ebc       0x10 .pio/build/DLC_LG0/src/grbl/system.o
                0x0000000008009ebc                system_clear_exec_motion_overrides
 .text.system_clear_exec_accessory_overrides
                0x0000000008009ecc       0x10 .pio/build/DLC_LG0/src/grbl/system.o
                0x0000000008009ecc                system_clear_exec_accessory_overrides
 .text.led_task
                0x0000000008009edc       0x12 .pio/build/DLC_LG0/src/main.o
                0x0000000008009edc                led_task
 *fill*         0x0000000008009eee        0x2 
 .text.enter_grbl_task
                0x0000000008009ef0       0xc4 .pio/build/DLC_LG0/src/main.o
                0x0000000008009ef0                enter_grbl_task
 .text.startup.main
                0x0000000008009fb4       0x6c .pio/build/DLC_LG0/src/main.o
                0x0000000008009fb4                main
 .text.SysTick_Handler
                0x000000000800a020       0x14 .pio/build/DLC_LG0/src/main.o
                0x000000000800a020                SysTick_Handler
 .text._delay_ms
                0x000000000800a034       0x20 .pio/build/DLC_LG0/src/main.o
                0x000000000800a034                _delay_ms
 .text.osKernelStart
                0x000000000800a054        0xa .pio/build/DLC_LG0/lib16c/libstm32-platformio-freertos.a(cmsis_os.o)
                0x000000000800a054                osKernelStart
 *fill*         0x000000000800a05e        0x2 
 .text.prvTaskExitError
                0x000000000800a060       0x24 .pio/build/DLC_LG0/lib16c/libstm32-platformio-freertos.a(port.o)
 *fill*         0x000000000800a084        0xc 
 .text.vPortStartFirstTask
                0x000000000800a090       0x34 .pio/build/DLC_LG0/lib16c/libstm32-platformio-freertos.a(port.o)
 .text.pxPortInitialiseStack
                0x000000000800a0c4       0x20 .pio/build/DLC_LG0/lib16c/libstm32-platformio-freertos.a(port.o)
                0x000000000800a0c4                pxPortInitialiseStack
 .text.SVC_Handler
                0x000000000800a0e4        0x2 .pio/build/DLC_LG0/lib16c/libstm32-platformio-freertos.a(port.o)
                0x000000000800a0e4                SVC_Handler
 *fill*         0x000000000800a0e6        0x2 
 .text.vPortYield
                0x000000000800a0e8       0x18 .pio/build/DLC_LG0/lib16c/libstm32-platformio-freertos.a(port.o)
                0x000000000800a0e8                vPortYield
 .text.vPortEnterCritical
                0x000000000800a100       0x18 .pio/build/DLC_LG0/lib16c/libstm32-platformio-freertos.a(port.o)
                0x000000000800a100                vPortEnterCritical
 .text.vPortExitCritical
                0x000000000800a118       0x1c .pio/build/DLC_LG0/lib16c/libstm32-platformio-freertos.a(port.o)
                0x000000000800a118                vPortExitCritical
 .text.ulSetInterruptMaskFromISR
                0x000000000800a134        0x8 .pio/build/DLC_LG0/lib16c/libstm32-platformio-freertos.a(port.o)
                0x000000000800a134                ulSetInterruptMaskFromISR
 .text.vClearInterruptMaskFromISR
                0x000000000800a13c        0x6 .pio/build/DLC_LG0/lib16c/libstm32-platformio-freertos.a(port.o)
                0x000000000800a13c                vClearInterruptMaskFromISR
 *fill*         0x000000000800a142        0xe 
 .text.PendSV_Handler
                0x000000000800a150       0x44 .pio/build/DLC_LG0/lib16c/libstm32-platformio-freertos.a(port.o)
                0x000000000800a150                PendSV_Handler
 .text.xPortSysTickHandler
                0x000000000800a194       0x24 .pio/build/DLC_LG0/lib16c/libstm32-platformio-freertos.a(port.o)
                0x000000000800a194                xPortSysTickHandler
 .text.vPortSetupTimerInterrupt
                0x000000000800a1b8       0x34 .pio/build/DLC_LG0/lib16c/libstm32-platformio-freertos.a(port.o)
                0x000000000800a1b8                vPortSetupTimerInterrupt
 .text.xPortStartScheduler
                0x000000000800a1ec       0x3c .pio/build/DLC_LG0/lib16c/libstm32-platformio-freertos.a(port.o)
                0x000000000800a1ec                xPortStartScheduler
 .text.pvPortMalloc
                0x000000000800a228       0x54 .pio/build/DLC_LG0/lib16c/libstm32-platformio-freertos.a(heap_1.o)
                0x000000000800a228                pvPortMalloc
 .text.vPortFree
                0x000000000800a27c        0xa .pio/build/DLC_LG0/lib16c/libstm32-platformio-freertos.a(heap_1.o)
                0x000000000800a27c                vPortFree
 *fill*         0x000000000800a286        0x2 
 .text.prvResetNextTaskUnblockTime
                0x000000000800a288       0x28 .pio/build/DLC_LG0/lib16c/libstm32-platformio-freertos.a(tasks.o)
 .text.prvAddCurrentTaskToDelayedList
                0x000000000800a2b0       0x70 .pio/build/DLC_LG0/lib16c/libstm32-platformio-freertos.a(tasks.o)
 .text.prvIdleTask
                0x000000000800a320       0x58 .pio/build/DLC_LG0/lib16c/libstm32-platformio-freertos.a(tasks.o)
 .text.xTaskCreate
                0x000000000800a378      0x194 .pio/build/DLC_LG0/lib16c/libstm32-platformio-freertos.a(tasks.o)
                0x000000000800a378                xTaskCreate
 .text.vTaskStartScheduler
                0x000000000800a50c       0x54 .pio/build/DLC_LG0/lib16c/libstm32-platformio-freertos.a(tasks.o)
                0x000000000800a50c                vTaskStartScheduler
 .text.vTaskSuspendAll
                0x000000000800a560       0x10 .pio/build/DLC_LG0/lib16c/libstm32-platformio-freertos.a(tasks.o)
                0x000000000800a560                vTaskSuspendAll
 .text.xTaskIncrementTick
                0x000000000800a570       0xfc .pio/build/DLC_LG0/lib16c/libstm32-platformio-freertos.a(tasks.o)
                0x000000000800a570                xTaskIncrementTick
 .text.xTaskResumeAll
                0x000000000800a66c       0xd0 .pio/build/DLC_LG0/lib16c/libstm32-platformio-freertos.a(tasks.o)
                0x000000000800a66c                xTaskResumeAll
 .text.vTaskDelay
                0x000000000800a73c       0x34 .pio/build/DLC_LG0/lib16c/libstm32-platformio-freertos.a(tasks.o)
                0x000000000800a73c                vTaskDelay
 .text.vTaskSwitchContext
                0x000000000800a770       0x6c .pio/build/DLC_LG0/lib16c/libstm32-platformio-freertos.a(tasks.o)
                0x000000000800a770                vTaskSwitchContext
 .text.xTaskGetSchedulerState
                0x000000000800a7dc       0x20 .pio/build/DLC_LG0/lib16c/libstm32-platformio-freertos.a(tasks.o)
                0x000000000800a7dc                xTaskGetSchedulerState
 .text.vListInitialise
                0x000000000800a7fc       0x16 .pio/build/DLC_LG0/lib16c/libstm32-platformio-freertos.a(list.o)
                0x000000000800a7fc                vListInitialise
 .text.vListInitialiseItem
                0x000000000800a812        0x6 .pio/build/DLC_LG0/lib16c/libstm32-platformio-freertos.a(list.o)
                0x000000000800a812                vListInitialiseItem
 .text.vListInsertEnd
                0x000000000800a818       0x18 .pio/build/DLC_LG0/lib16c/libstm32-platformio-freertos.a(list.o)
                0x000000000800a818                vListInsertEnd
 .text.vListInsert
                0x000000000800a830       0x2e .pio/build/DLC_LG0/lib16c/libstm32-platformio-freertos.a(list.o)
                0x000000000800a830                vListInsert
 .text.uxListRemove
                0x000000000800a85e       0x22 .pio/build/DLC_LG0/lib16c/libstm32-platformio-freertos.a(list.o)
                0x000000000800a85e                uxListRemove
 .text.__libc_init_array
                0x000000000800a880       0x48 /Users/sola/.platformio/packages/toolchain-gccarmnoneeabi@1.70201.0/bin/../lib/gcc/arm-none-eabi/7.2.1/../../../../arm-none-eabi/lib/thumb/v6-m/libc_nano.a(lib_a-init.o)
                0x000000000800a880                __libc_init_array
 .text.memcmp   0x000000000800a8c8       0x1e /Users/sola/.platformio/packages/toolchain-gccarmnoneeabi@1.70201.0/bin/../lib/gcc/arm-none-eabi/7.2.1/../../../../arm-none-eabi/lib/thumb/v6-m/libc_nano.a(lib_a-memcmp.o)
                0x000000000800a8c8                memcmp
 .text.memcpy   0x000000000800a8e6       0x12 /Users/sola/.platformio/packages/toolchain-gccarmnoneeabi@1.70201.0/bin/../lib/gcc/arm-none-eabi/7.2.1/../../../../arm-none-eabi/lib/thumb/v6-m/libc_nano.a(lib_a-memcpy-stub.o)
                0x000000000800a8e6                memcpy
 .text.memset   0x000000000800a8f8       0x10 /Users/sola/.platformio/packages/toolchain-gccarmnoneeabi@1.70201.0/bin/../lib/gcc/arm-none-eabi/7.2.1/../../../../arm-none-eabi/lib/thumb/v6-m/libc_nano.a(lib_a-memset.o)
                0x000000000800a8f8                memset
 .text.printf   0x000000000800a908       0x34 /Users/sola/.platformio/packages/toolchain-gccarmnoneeabi@1.70201.0/bin/../lib/gcc/arm-none-eabi/7.2.1/../../../../arm-none-eabi/lib/thumb/v6-m/libc_nano.a(lib_a-printf.o)
                0x000000000800a908                printf
                0x000000000800a908                iprintf
 .text._puts_r  0x000000000800a93c       0xc0 /Users/sola/.platformio/packages/toolchain-gccarmnoneeabi@1.70201.0/bin/../lib/gcc/arm-none-eabi/7.2.1/../../../../arm-none-eabi/lib/thumb/v6-m/libc_nano.a(lib_a-puts.o)
                0x000000000800a93c                _puts_r
 .text.puts     0x000000000800a9fc       0x14 /Users/sola/.platformio/packages/toolchain-gccarmnoneeabi@1.70201.0/bin/../lib/gcc/arm-none-eabi/7.2.1/../../../../arm-none-eabi/lib/thumb/v6-m/libc_nano.a(lib_a-puts.o)
                0x000000000800a9fc                puts
 .text.__swbuf_r
                0x000000000800aa10       0xac /Users/sola/.platformio/packages/toolchain-gccarmnoneeabi@1.70201.0/bin/../lib/gcc/arm-none-eabi/7.2.1/../../../../arm-none-eabi/lib/thumb/v6-m/libc_nano.a(lib_a-wbuf.o)
                0x000000000800aa10                __swbuf_r
 .text.__swsetup_r
                0x000000000800aabc       0xec /Users/sola/.platformio/packages/toolchain-gccarmnoneeabi@1.70201.0/bin/../lib/gcc/arm-none-eabi/7.2.1/../../../../arm-none-eabi/lib/thumb/v6-m/libc_nano.a(lib_a-wsetup.o)
                0x000000000800aabc                __swsetup_r
 .text.__sflush_r
                0x000000000800aba8      0x114 /Users/sola/.platformio/packages/toolchain-gccarmnoneeabi@1.70201.0/bin/../lib/gcc/arm-none-eabi/7.2.1/../../../../arm-none-eabi/lib/thumb/v6-m/libc_nano.a(lib_a-fflush.o)
                0x000000000800aba8                __sflush_r
 .text._fflush_r
                0x000000000800acbc       0x58 /Users/sola/.platformio/packages/toolchain-gccarmnoneeabi@1.70201.0/bin/../lib/gcc/arm-none-eabi/7.2.1/../../../../arm-none-eabi/lib/thumb/v6-m/libc_nano.a(lib_a-fflush.o)
                0x000000000800acbc                _fflush_r
 .text.std      0x000000000800ad14       0x48 /Users/sola/.platformio/packages/toolchain-gccarmnoneeabi@1.70201.0/bin/../lib/gcc/arm-none-eabi/7.2.1/../../../../arm-none-eabi/lib/thumb/v6-m/libc_nano.a(lib_a-findfp.o)
 .text._cleanup_r
                0x000000000800ad5c       0x10 /Users/sola/.platformio/packages/toolchain-gccarmnoneeabi@1.70201.0/bin/../lib/gcc/arm-none-eabi/7.2.1/../../../../arm-none-eabi/lib/thumb/v6-m/libc_nano.a(lib_a-findfp.o)
                0x000000000800ad5c                _cleanup_r
 .text.__sfmoreglue
                0x000000000800ad6c       0x2c /Users/sola/.platformio/packages/toolchain-gccarmnoneeabi@1.70201.0/bin/../lib/gcc/arm-none-eabi/7.2.1/../../../../arm-none-eabi/lib/thumb/v6-m/libc_nano.a(lib_a-findfp.o)
                0x000000000800ad6c                __sfmoreglue
 .text.__sinit  0x000000000800ad98       0x68 /Users/sola/.platformio/packages/toolchain-gccarmnoneeabi@1.70201.0/bin/../lib/gcc/arm-none-eabi/7.2.1/../../../../arm-none-eabi/lib/thumb/v6-m/libc_nano.a(lib_a-findfp.o)
                0x000000000800ad98                __sinit
 .text.__sfp    0x000000000800ae00       0x7c /Users/sola/.platformio/packages/toolchain-gccarmnoneeabi@1.70201.0/bin/../lib/gcc/arm-none-eabi/7.2.1/../../../../arm-none-eabi/lib/thumb/v6-m/libc_nano.a(lib_a-findfp.o)
                0x000000000800ae00                __sfp
 .text._fwalk_reent
                0x000000000800ae7c       0x42 /Users/sola/.platformio/packages/toolchain-gccarmnoneeabi@1.70201.0/bin/../lib/gcc/arm-none-eabi/7.2.1/../../../../arm-none-eabi/lib/thumb/v6-m/libc_nano.a(lib_a-fwalk.o)
                0x000000000800ae7c                _fwalk_reent
 *fill*         0x000000000800aebe        0x2 
 .text.__swhatbuf_r
                0x000000000800aec0       0x50 /Users/sola/.platformio/packages/toolchain-gccarmnoneeabi@1.70201.0/bin/../lib/gcc/arm-none-eabi/7.2.1/../../../../arm-none-eabi/lib/thumb/v6-m/libc_nano.a(lib_a-makebuf.o)
                0x000000000800aec0                __swhatbuf_r
 .text.__smakebuf_r
                0x000000000800af10       0x88 /Users/sola/.platformio/packages/toolchain-gccarmnoneeabi@1.70201.0/bin/../lib/gcc/arm-none-eabi/7.2.1/../../../../arm-none-eabi/lib/thumb/v6-m/libc_nano.a(lib_a-makebuf.o)
                0x000000000800af10                __smakebuf_r
 .text._free_r  0x000000000800af98       0x94 /Users/sola/.platformio/packages/toolchain-gccarmnoneeabi@1.70201.0/bin/../lib/gcc/arm-none-eabi/7.2.1/../../../../arm-none-eabi/lib/thumb/v6-m/libc_nano.a(lib_a-nano-freer.o)
                0x000000000800af98                _free_r
 .text._malloc_r
                0x000000000800b02c       0xbc /Users/sola/.platformio/packages/toolchain-gccarmnoneeabi@1.70201.0/bin/../lib/gcc/arm-none-eabi/7.2.1/../../../../arm-none-eabi/lib/thumb/v6-m/libc_nano.a(lib_a-nano-mallocr.o)
                0x000000000800b02c                _malloc_r
 .text.__sfputc_r
                0x000000000800b0e8       0x2a /Users/sola/.platformio/packages/toolchain-gccarmnoneeabi@1.70201.0/bin/../lib/gcc/arm-none-eabi/7.2.1/../../../../arm-none-eabi/lib/thumb/v6-m/libc_nano.a(lib_a-nano-vfprintf.o)
 .text.__sfputs_r
                0x000000000800b112       0x24 /Users/sola/.platformio/packages/toolchain-gccarmnoneeabi@1.70201.0/bin/../lib/gcc/arm-none-eabi/7.2.1/../../../../arm-none-eabi/lib/thumb/v6-m/libc_nano.a(lib_a-nano-vfprintf.o)
                0x000000000800b112                __sfputs_r
 *fill*         0x000000000800b136        0x2 
 .text._vfprintf_r
                0x000000000800b138      0x22c /Users/sola/.platformio/packages/toolchain-gccarmnoneeabi@1.70201.0/bin/../lib/gcc/arm-none-eabi/7.2.1/../../../../arm-none-eabi/lib/thumb/v6-m/libc_nano.a(lib_a-nano-vfprintf.o)
                0x000000000800b138                _vfiprintf_r
                0x000000000800b138                _vfprintf_r
 .text._printf_common
                0x000000000800b364       0xda /Users/sola/.platformio/packages/toolchain-gccarmnoneeabi@1.70201.0/bin/../lib/gcc/arm-none-eabi/7.2.1/../../../../arm-none-eabi/lib/thumb/v6-m/libc_nano.a(lib_a-nano-vfprintf_i.o)
                0x000000000800b364                _printf_common
 *fill*         0x000000000800b43e        0x2 
 .text._printf_i
                0x000000000800b440      0x210 /Users/sola/.platformio/packages/toolchain-gccarmnoneeabi@1.70201.0/bin/../lib/gcc/arm-none-eabi/7.2.1/../../../../arm-none-eabi/lib/thumb/v6-m/libc_nano.a(lib_a-nano-vfprintf_i.o)
                0x000000000800b440                _printf_i
 .text._sbrk_r  0x000000000800b650       0x24 /Users/sola/.platformio/packages/toolchain-gccarmnoneeabi@1.70201.0/bin/../lib/gcc/arm-none-eabi/7.2.1/../../../../arm-none-eabi/lib/thumb/v6-m/libc_nano.a(lib_a-sbrkr.o)
                0x000000000800b650                _sbrk_r
 .text.__sread  0x000000000800b674       0x28 /Users/sola/.platformio/packages/toolchain-gccarmnoneeabi@1.70201.0/bin/../lib/gcc/arm-none-eabi/7.2.1/../../../../arm-none-eabi/lib/thumb/v6-m/libc_nano.a(lib_a-stdio.o)
                0x000000000800b674                __sread
 .text.__swrite
                0x000000000800b69c       0x38 /Users/sola/.platformio/packages/toolchain-gccarmnoneeabi@1.70201.0/bin/../lib/gcc/arm-none-eabi/7.2.1/../../../../arm-none-eabi/lib/thumb/v6-m/libc_nano.a(lib_a-stdio.o)
                0x000000000800b69c                __swrite
 .text.__sseek  0x000000000800b6d4       0x2c /Users/sola/.platformio/packages/toolchain-gccarmnoneeabi@1.70201.0/bin/../lib/gcc/arm-none-eabi/7.2.1/../../../../arm-none-eabi/lib/thumb/v6-m/libc_nano.a(lib_a-stdio.o)
                0x000000000800b6d4                __sseek
 .text.__sclose
                0x000000000800b700        0xc /Users/sola/.platformio/packages/toolchain-gccarmnoneeabi@1.70201.0/bin/../lib/gcc/arm-none-eabi/7.2.1/../../../../arm-none-eabi/lib/thumb/v6-m/libc_nano.a(lib_a-stdio.o)
                0x000000000800b700                __sclose
 .text._write_r
                0x000000000800b70c       0x28 /Users/sola/.platformio/packages/toolchain-gccarmnoneeabi@1.70201.0/bin/../lib/gcc/arm-none-eabi/7.2.1/../../../../arm-none-eabi/lib/thumb/v6-m/libc_nano.a(lib_a-writer.o)
                0x000000000800b70c                _write_r
 .text._close_r
                0x000000000800b734       0x24 /Users/sola/.platformio/packages/toolchain-gccarmnoneeabi@1.70201.0/bin/../lib/gcc/arm-none-eabi/7.2.1/../../../../arm-none-eabi/lib/thumb/v6-m/libc_nano.a(lib_a-closer.o)
                0x000000000800b734                _close_r
 .text._fstat_r
                0x000000000800b758       0x24 /Users/sola/.platformio/packages/toolchain-gccarmnoneeabi@1.70201.0/bin/../lib/gcc/arm-none-eabi/7.2.1/../../../../arm-none-eabi/lib/thumb/v6-m/libc_nano.a(lib_a-fstatr.o)
                0x000000000800b758                _fstat_r
 .text._isatty_r
                0x000000000800b77c       0x24 /Users/sola/.platformio/packages/toolchain-gccarmnoneeabi@1.70201.0/bin/../lib/gcc/arm-none-eabi/7.2.1/../../../../arm-none-eabi/lib/thumb/v6-m/libc_nano.a(lib_a-isattyr.o)
                0x000000000800b77c                _isatty_r
 .text._lseek_r
                0x000000000800b7a0       0x28 /Users/sola/.platformio/packages/toolchain-gccarmnoneeabi@1.70201.0/bin/../lib/gcc/arm-none-eabi/7.2.1/../../../../arm-none-eabi/lib/thumb/v6-m/libc_nano.a(lib_a-lseekr.o)
                0x000000000800b7a0                _lseek_r
 .text.memchr   0x000000000800b7c8       0x16 /Users/sola/.platformio/packages/toolchain-gccarmnoneeabi@1.70201.0/bin/../lib/gcc/arm-none-eabi/7.2.1/../../../../arm-none-eabi/lib/thumb/v6-m/libc_nano.a(lib_a-memchr-stub.o)
                0x000000000800b7c8                memchr
 .text.__malloc_lock
                0x000000000800b7de        0x2 /Users/sola/.platformio/packages/toolchain-gccarmnoneeabi@1.70201.0/bin/../lib/gcc/arm-none-eabi/7.2.1/../../../../arm-none-eabi/lib/thumb/v6-m/libc_nano.a(lib_a-mlock.o)
                0x000000000800b7de                __malloc_lock
 .text.__malloc_unlock
                0x000000000800b7e0        0x2 /Users/sola/.platformio/packages/toolchain-gccarmnoneeabi@1.70201.0/bin/../lib/gcc/arm-none-eabi/7.2.1/../../../../arm-none-eabi/lib/thumb/v6-m/libc_nano.a(lib_a-mlock.o)
                0x000000000800b7e0                __malloc_unlock
 *fill*         0x000000000800b7e2        0x2 
 .text._read_r  0x000000000800b7e4       0x28 /Users/sola/.platformio/packages/toolchain-gccarmnoneeabi@1.70201.0/bin/../lib/gcc/arm-none-eabi/7.2.1/../../../../arm-none-eabi/lib/thumb/v6-m/libc_nano.a(lib_a-readr.o)
                0x000000000800b7e4                _read_r
 .text.ceil     0x000000000800b80c      0x128 /Users/sola/.platformio/packages/toolchain-gccarmnoneeabi@1.70201.0/bin/../lib/gcc/arm-none-eabi/7.2.1/../../../../arm-none-eabi/lib/thumb/v6-m/libm.a(lib_a-s_ceil.o)
                0x000000000800b80c                ceil
 .text.cos      0x000000000800b934       0x8c /Users/sola/.platformio/packages/toolchain-gccarmnoneeabi@1.70201.0/bin/../lib/gcc/arm-none-eabi/7.2.1/../../../../arm-none-eabi/lib/thumb/v6-m/libm.a(lib_a-s_cos.o)
                0x000000000800b934                cos
 .text.floor    0x000000000800b9c0      0x138 /Users/sola/.platformio/packages/toolchain-gccarmnoneeabi@1.70201.0/bin/../lib/gcc/arm-none-eabi/7.2.1/../../../../arm-none-eabi/lib/thumb/v6-m/libm.a(lib_a-s_floor.o)
                0x000000000800b9c0                floor
 .text.lround   0x000000000800baf8       0xa4 /Users/sola/.platformio/packages/toolchain-gccarmnoneeabi@1.70201.0/bin/../lib/gcc/arm-none-eabi/7.2.1/../../../../arm-none-eabi/lib/thumb/v6-m/libm.a(lib_a-s_lround.o)
                0x000000000800baf8                lround
 .text.round    0x000000000800bb9c       0xb0 /Users/sola/.platformio/packages/toolchain-gccarmnoneeabi@1.70201.0/bin/../lib/gcc/arm-none-eabi/7.2.1/../../../../arm-none-eabi/lib/thumb/v6-m/libm.a(lib_a-s_round.o)
                0x000000000800bb9c                round
 .text.sin      0x000000000800bc4c       0x90 /Users/sola/.platformio/packages/toolchain-gccarmnoneeabi@1.70201.0/bin/../lib/gcc/arm-none-eabi/7.2.1/../../../../arm-none-eabi/lib/thumb/v6-m/libm.a(lib_a-s_sin.o)
                0x000000000800bc4c                sin
 .text.trunc    0x000000000800bcdc       0x5c /Users/sola/.platformio/packages/toolchain-gccarmnoneeabi@1.70201.0/bin/../lib/gcc/arm-none-eabi/7.2.1/../../../../arm-none-eabi/lib/thumb/v6-m/libm.a(lib_a-s_trunc.o)
                0x000000000800bcdc                trunc
 .text.ceilf    0x000000000800bd38       0x94 /Users/sola/.platformio/packages/toolchain-gccarmnoneeabi@1.70201.0/bin/../lib/gcc/arm-none-eabi/7.2.1/../../../../arm-none-eabi/lib/thumb/v6-m/libm.a(lib_a-sf_ceil.o)
                0x000000000800bd38                ceilf
 .text.atan2    0x000000000800bdcc        0x8 /Users/sola/.platformio/packages/toolchain-gccarmnoneeabi@1.70201.0/bin/../lib/gcc/arm-none-eabi/7.2.1/../../../../arm-none-eabi/lib/thumb/v6-m/libm.a(lib_a-w_atan2.o)
                0x000000000800bdcc                atan2
 .text.sqrt     0x000000000800bdd4       0xc0 /Users/sola/.platformio/packages/toolchain-gccarmnoneeabi@1.70201.0/bin/../lib/gcc/arm-none-eabi/7.2.1/../../../../arm-none-eabi/lib/thumb/v6-m/libm.a(lib_a-w_sqrt.o)
                0x000000000800bdd4                sqrt
 .text.__ieee754_atan2
                0x000000000800be94      0x178 /Users/sola/.platformio/packages/toolchain-gccarmnoneeabi@1.70201.0/bin/../lib/gcc/arm-none-eabi/7.2.1/../../../../arm-none-eabi/lib/thumb/v6-m/libm.a(lib_a-e_atan2.o)
                0x000000000800be94                __ieee754_atan2
 .text.__ieee754_rem_pio2
                0x000000000800c00c      0x420 /Users/sola/.platformio/packages/toolchain-gccarmnoneeabi@1.70201.0/bin/../lib/gcc/arm-none-eabi/7.2.1/../../../../arm-none-eabi/lib/thumb/v6-m/libm.a(lib_a-e_rem_pio2.o)
                0x000000000800c00c                __ieee754_rem_pio2
 .text.__ieee754_sqrt
                0x000000000800c42c      0x1b0 /Users/sola/.platformio/packages/toolchain-gccarmnoneeabi@1.70201.0/bin/../lib/gcc/arm-none-eabi/7.2.1/../../../../arm-none-eabi/lib/thumb/v6-m/libm.a(lib_a-e_sqrt.o)
                0x000000000800c42c                __ieee754_sqrt
 .text.__kernel_cos
                0x000000000800c5dc      0x234 /Users/sola/.platformio/packages/toolchain-gccarmnoneeabi@1.70201.0/bin/../lib/gcc/arm-none-eabi/7.2.1/../../../../arm-none-eabi/lib/thumb/v6-m/libm.a(lib_a-k_cos.o)
                0x000000000800c5dc                __kernel_cos
 .text.__kernel_rem_pio2
                0x000000000800c810      0x8c0 /Users/sola/.platformio/packages/toolchain-gccarmnoneeabi@1.70201.0/bin/../lib/gcc/arm-none-eabi/7.2.1/../../../../arm-none-eabi/lib/thumb/v6-m/libm.a(lib_a-k_rem_pio2.o)
                0x000000000800c810                __kernel_rem_pio2
 .text.__kernel_sin
                0x000000000800d0d0      0x164 /Users/sola/.platformio/packages/toolchain-gccarmnoneeabi@1.70201.0/bin/../lib/gcc/arm-none-eabi/7.2.1/../../../../arm-none-eabi/lib/thumb/v6-m/libm.a(lib_a-k_sin.o)
                0x000000000800d0d0                __kernel_sin
 .text.atan     0x000000000800d234      0x328 /Users/sola/.platformio/packages/toolchain-gccarmnoneeabi@1.70201.0/bin/../lib/gcc/arm-none-eabi/7.2.1/../../../../arm-none-eabi/lib/thumb/v6-m/libm.a(lib_a-s_atan.o)
                0x000000000800d234                atan
 .text.fabs     0x000000000800d55c        0x8 /Users/sola/.platformio/packages/toolchain-gccarmnoneeabi@1.70201.0/bin/../lib/gcc/arm-none-eabi/7.2.1/../../../../arm-none-eabi/lib/thumb/v6-m/libm.a(lib_a-s_fabs.o)
                0x000000000800d55c                fabs
 .text.matherr  0x000000000800d564        0x4 /Users/sola/.platformio/packages/toolchain-gccarmnoneeabi@1.70201.0/bin/../lib/gcc/arm-none-eabi/7.2.1/../../../../arm-none-eabi/lib/thumb/v6-m/libm.a(lib_a-s_matherr.o)
                0x000000000800d564                matherr
 .text.scalbn   0x000000000800d568       0xd0 /Users/sola/.platformio/packages/toolchain-gccarmnoneeabi@1.70201.0/bin/../lib/gcc/arm-none-eabi/7.2.1/../../../../arm-none-eabi/lib/thumb/v6-m/libm.a(lib_a-s_scalbn.o)
                0x000000000800d568                scalbn
 .text.copysign
                0x000000000800d638       0x10 /Users/sola/.platformio/packages/toolchain-gccarmnoneeabi@1.70201.0/bin/../lib/gcc/arm-none-eabi/7.2.1/../../../../arm-none-eabi/lib/thumb/v6-m/libm.a(lib_a-s_copysign.o)
                0x000000000800d638                copysign
 .text._close   0x000000000800d648       0x10 /Users/sola/.platformio/packages/toolchain-gccarmnoneeabi@1.70201.0/bin/../lib/gcc/arm-none-eabi/7.2.1/../../../../arm-none-eabi/lib/thumb/v6-m/libnosys.a(close.o)
                0x000000000800d648                _close
 .text._fstat   0x000000000800d658       0x10 /Users/sola/.platformio/packages/toolchain-gccarmnoneeabi@1.70201.0/bin/../lib/gcc/arm-none-eabi/7.2.1/../../../../arm-none-eabi/lib/thumb/v6-m/libnosys.a(fstat.o)
                0x000000000800d658                _fstat
 .text._isatty  0x000000000800d668       0x10 /Users/sola/.platformio/packages/toolchain-gccarmnoneeabi@1.70201.0/bin/../lib/gcc/arm-none-eabi/7.2.1/../../../../arm-none-eabi/lib/thumb/v6-m/libnosys.a(isatty.o)
                0x000000000800d668                _isatty
 .text._lseek   0x000000000800d678       0x10 /Users/sola/.platformio/packages/toolchain-gccarmnoneeabi@1.70201.0/bin/../lib/gcc/arm-none-eabi/7.2.1/../../../../arm-none-eabi/lib/thumb/v6-m/libnosys.a(lseek.o)
                0x000000000800d678                _lseek
 .text._read    0x000000000800d688       0x10 /Users/sola/.platformio/packages/toolchain-gccarmnoneeabi@1.70201.0/bin/../lib/gcc/arm-none-eabi/7.2.1/../../../../arm-none-eabi/lib/thumb/v6-m/libnosys.a(read.o)
                0x000000000800d688                _read
 .text._sbrk    0x000000000800d698       0x1c /Users/sola/.platformio/packages/toolchain-gccarmnoneeabi@1.70201.0/bin/../lib/gcc/arm-none-eabi/7.2.1/../../../../arm-none-eabi/lib/thumb/v6-m/libnosys.a(sbrk.o)
                0x000000000800d698                _sbrk
 .text.Reset_Handler
                0x000000000800d6b4       0x50 .pio/build/DLC_LG0/libFrameworkCMSISDevice.a(startup_stm32g0b0xx.o)
                0x000000000800d6b4                Reset_Handler
 .text.Default_Handler
                0x000000000800d704        0x2 .pio/build/DLC_LG0/libFrameworkCMSISDevice.a(startup_stm32g0b0xx.o)
                0x000000000800d704                USART3_4_5_6_IRQHandler
                0x000000000800d704                TIM1_CC_IRQHandler
                0x000000000800d704                HardFault_Handler
                0x000000000800d704                NMI_Handler
                0x000000000800d704                I2C1_IRQHandler
                0x000000000800d704                DMA1_Ch4_7_DMA2_Ch1_5_DMAMUX1_OVR_IRQHandler
                0x000000000800d704                RTC_TAMP_IRQHandler
                0x000000000800d704                SPI1_IRQHandler
                0x000000000800d704                EXTI2_3_IRQHandler
                0x000000000800d704                ADC1_IRQHandler
                0x000000000800d704                TIM17_IRQHandler
                0x000000000800d704                TIM16_IRQHandler
                0x000000000800d704                EXTI4_15_IRQHandler
                0x000000000800d704                RCC_IRQHandler
                0x000000000800d704                DMA1_Channel1_IRQHandler
                0x000000000800d704                Default_Handler
                0x000000000800d704                TIM14_IRQHandler