Archive member included to satisfy reference by file (symbol)

.pio\build\DLC_LG0\libd39\libstm32-platformio-freertos.a(cmsis_os.o)
                              .pio\build\DLC_LG0\src\main.o (osKernelStart)
.pio\build\DLC_LG0\libd39\libstm32-platformio-freertos.a(port.o)
                              .pio\build\DLC_LG0\libd39\libstm32-platformio-freertos.a(cmsis_os.o) (vPortYield)
.pio\build\DLC_LG0\libd39\libstm32-platformio-freertos.a(heap_1.o)
                              .pio\build\DLC_LG0\libd39\libstm32-platformio-freertos.a(cmsis_os.o) (pvPortMalloc)
.pio\build\DLC_LG0\libd39\libstm32-platformio-freertos.a(queue.o)
                              .pio\build\DLC_LG0\libd39\libstm32-platformio-freertos.a(cmsis_os.o) (xQueueGenericCreate)
.pio\build\DLC_LG0\libd39\libstm32-platformio-freertos.a(tasks.o)
                              .pio\build\DLC_LG0\src\main.o (xTaskCreate)
.pio\build\DLC_LG0\libd39\libstm32-platformio-freertos.a(list.o)
                              .pio\build\DLC_LG0\libd39\libstm32-platformio-freertos.a(queue.o) (vListInitialise)
c:/users/administrator/.platformio/packages/toolchain-gccarmnoneeabi@1.70201.0/bin/../lib/gcc/arm-none-eabi/7.2.1/../../../../arm-none-eabi/lib/thumb/v6-m\libc_nano.a(lib_a-exit.o)
                              c:/users/administrator/.platformio/packages/toolchain-gccarmnoneeabi@1.70201.0/bin/../lib/gcc/arm-none-eabi/7.2.1/../../../../arm-none-eabi/lib/thumb/v6-m/crt0.o (exit)
c:/users/administrator/.platformio/packages/toolchain-gccarmnoneeabi@1.70201.0/bin/../lib/gcc/arm-none-eabi/7.2.1/../../../../arm-none-eabi/lib/thumb/v6-m\libc_nano.a(lib_a-impure.o)
                              c:/users/administrator/.platformio/packages/toolchain-gccarmnoneeabi@1.70201.0/bin/../lib/gcc/arm-none-eabi/7.2.1/../../../../arm-none-eabi/lib/thumb/v6-m\libc_nano.a(lib_a-exit.o) (_global_impure_ptr)
c:/users/administrator/.platformio/packages/toolchain-gccarmnoneeabi@1.70201.0/bin/../lib/gcc/arm-none-eabi/7.2.1/../../../../arm-none-eabi/lib/thumb/v6-m\libc_nano.a(lib_a-init.o)
                              c:/users/administrator/.platformio/packages/toolchain-gccarmnoneeabi@1.70201.0/bin/../lib/gcc/arm-none-eabi/7.2.1/../../../../arm-none-eabi/lib/thumb/v6-m/crt0.o (__libc_init_array)
c:/users/administrator/.platformio/packages/toolchain-gccarmnoneeabi@1.70201.0/bin/../lib/gcc/arm-none-eabi/7.2.1/../../../../arm-none-eabi/lib/thumb/v6-m\libc_nano.a(lib_a-memcmp.o)
                              .pio\build\DLC_LG0\src\grbl\gcode.o (memcmp)
c:/users/administrator/.platformio/packages/toolchain-gccarmnoneeabi@1.70201.0/bin/../lib/gcc/arm-none-eabi/7.2.1/../../../../arm-none-eabi/lib/thumb/v6-m\libc_nano.a(lib_a-memcpy-stub.o)
                              .pio\build\DLC_LG0\src\grbl\gcode.o (memcpy)
c:/users/administrator/.platformio/packages/toolchain-gccarmnoneeabi@1.70201.0/bin/../lib/gcc/arm-none-eabi/7.2.1/../../../../arm-none-eabi/lib/thumb/v6-m\libc_nano.a(lib_a-memset.o)
                              c:/users/administrator/.platformio/packages/toolchain-gccarmnoneeabi@1.70201.0/bin/../lib/gcc/arm-none-eabi/7.2.1/../../../../arm-none-eabi/lib/thumb/v6-m/crt0.o (memset)
c:/users/administrator/.platformio/packages/toolchain-gccarmnoneeabi@1.70201.0/bin/../lib/gcc/arm-none-eabi/7.2.1/../../../../arm-none-eabi/lib/thumb/v6-m\libc_nano.a(lib_a-printf.o)
                              .pio\build\DLC_LG0\src\bsp_hal\grbl_hal.o (printf)
c:/users/administrator/.platformio/packages/toolchain-gccarmnoneeabi@1.70201.0/bin/../lib/gcc/arm-none-eabi/7.2.1/../../../../arm-none-eabi/lib/thumb/v6-m\libc_nano.a(lib_a-puts.o)
                              .pio\build\DLC_LG0\src\bsp_hal\grbl_hal.o (puts)
c:/users/administrator/.platformio/packages/toolchain-gccarmnoneeabi@1.70201.0/bin/../lib/gcc/arm-none-eabi/7.2.1/../../../../arm-none-eabi/lib/thumb/v6-m\libc_nano.a(lib_a-wbuf.o)
                              c:/users/administrator/.platformio/packages/toolchain-gccarmnoneeabi@1.70201.0/bin/../lib/gcc/arm-none-eabi/7.2.1/../../../../arm-none-eabi/lib/thumb/v6-m\libc_nano.a(lib_a-puts.o) (__swbuf_r)
c:/users/administrator/.platformio/packages/toolchain-gccarmnoneeabi@1.70201.0/bin/../lib/gcc/arm-none-eabi/7.2.1/../../../../arm-none-eabi/lib/thumb/v6-m\libc_nano.a(lib_a-wsetup.o)
                              c:/users/administrator/.platformio/packages/toolchain-gccarmnoneeabi@1.70201.0/bin/../lib/gcc/arm-none-eabi/7.2.1/../../../../arm-none-eabi/lib/thumb/v6-m\libc_nano.a(lib_a-puts.o) (__swsetup_r)
c:/users/administrator/.platformio/packages/toolchain-gccarmnoneeabi@1.70201.0/bin/../lib/gcc/arm-none-eabi/7.2.1/../../../../arm-none-eabi/lib/thumb/v6-m\libc_nano.a(lib_a-fflush.o)
                              c:/users/administrator/.platformio/packages/toolchain-gccarmnoneeabi@1.70201.0/bin/../lib/gcc/arm-none-eabi/7.2.1/../../../../arm-none-eabi/lib/thumb/v6-m\libc_nano.a(lib_a-wbuf.o) (_fflush_r)
[...]
Memory Configuration

Name             Origin             Length             Attributes
RAM              0x20000000         0x00024000         xrw
FLASH            0x08000000         0x00080000         xr
*default*        0x00000000         0xffffffff

Linker script and memory map

LOAD c:/users/administrator/.platformio/packages/toolchain-gccarmnoneeabi@1.70201.0/bin/../lib/gcc/arm-none-eabi/7.2.1/thumb/v6-m/crti.o
LOAD c:/users/administrator/.platformio/packages/toolchain-gccarmnoneeabi@1.70201.0/bin/../lib/gcc/arm-none-eabi/7.2.1/thumb/v6-m/crtbegin.o
LOAD c:/users/administrator/.platformio/packages/toolchain-gccarmnoneeabi@1.70201.0/bin/../lib/gcc/arm-none-eabi/7.2.1/../../../../arm-none-eabi/lib/thumb/v6-m/crt0.o
LOAD .pio\build\DLC_LG0\FrameworkHALDriver\Src\stm32g0xx_hal.o
LOAD .pio\build\DLC_LG0\FrameworkHALDriver\Src\stm32g0xx_hal_adc.o
LOAD .pio\build\DLC_LG0\FrameworkHALDriver\Src\stm32g0xx_hal_adc_ex.o
LOAD .pio\build\DLC_LG0\FrameworkHALDriver\Src\stm32g0xx_hal_cec.o
LOAD .pio\build\DLC_LG0\FrameworkHALDriver\Src\stm32g0xx_hal_comp.o
LOAD .pio\build\DLC_LG0\FrameworkHALDriver\Src\stm32g0xx_hal_cortex.o
LOAD .pio\build\DLC_LG0\FrameworkHALDriver\Src\stm32g0xx_hal_crc.o
LOAD .pio\build\DLC_LG0\FrameworkHALDriver\Src\stm32g0xx_hal_crc_ex.o
LOAD .pio\build\DLC_LG0\FrameworkHALDriver\Src\stm32g0xx_hal_cryp.o
LOAD .pio\build\DLC_LG0\FrameworkHALDriver\Src\stm32g0xx_hal_cryp_ex.o
LOAD .pio\build\DLC_LG0\FrameworkHALDriver\Src\stm32g0xx_hal_dac.o
LOAD .pio\build\DLC_LG0\FrameworkHALDriver\Src\stm32g0xx_hal_dac_ex.o
LOAD .pio\build\DLC_LG0\FrameworkHALDriver\Src\stm32g0xx_hal_dma.o
LOAD .pio\build\DLC_LG0\FrameworkHALDriver\Src\stm32g0xx_hal_dma_ex.o
LOAD .pio\build\DLC_LG0\FrameworkHALDriver\Src\stm32g0xx_hal_exti.o
LOAD .pio\build\DLC_LG0\FrameworkHALDriver\Src\stm32g0xx_hal_fdcan.o
LOAD .pio\build\DLC_LG0\FrameworkHALDriver\Src\stm32g0xx_hal_flash.o
LOAD .pio\build\DLC_LG0\FrameworkHALDriver\Src\stm32g0xx_hal_flash_ex.o
LOAD .pio\build\DLC_LG0\FrameworkHALDriver\Src\stm32g0xx_hal_gpio.o
LOAD .pio\build\DLC_LG0\FrameworkHALDriver\Src\stm32g0xx_hal_hcd.o
LOAD .pio\build\DLC_LG0\FrameworkHALDriver\Src\stm32g0xx_hal_i2c.o
LOAD .pio\build\DLC_LG0\FrameworkHALDriver\Src\stm32g0xx_hal_i2c_ex.o
LOAD .pio\build\DLC_LG0\FrameworkHALDriver\Src\stm32g0xx_hal_i2s.o
LOAD .pio\build\DLC_LG0\FrameworkHALDriver\Src\stm32g0xx_hal_irda.o
LOAD .pio\build\DLC_LG0\FrameworkHALDriver\Src\stm32g0xx_hal_iwdg.o
LOAD .pio\build\DLC_LG0\FrameworkHALDriver\Src\stm32g0xx_hal_lptim.o
LOAD .pio\build\DLC_LG0\FrameworkHALDriver\Src\stm32g0xx_hal_pcd.o
LOAD .pio\build\DLC_LG0\FrameworkHALDriver\Src\stm32g0xx_hal_pcd_ex.o
LOAD .pio\build\DLC_LG0\FrameworkHALDriver\Src\stm32g0xx_hal_pwr.o
LOAD .pio\build\DLC_LG0\FrameworkHALDriver\Src\stm32g0xx_hal_pwr_ex.o
LOAD .pio\build\DLC_LG0\FrameworkHALDriver\Src\stm32g0xx_hal_rcc.o
LOAD .pio\build\DLC_LG0\FrameworkHALDriver\Src\stm32g0xx_hal_rcc_ex.o
LOAD .pio\build\DLC_LG0\FrameworkHALDriver\Src\stm32g0xx_hal_rng.o
LOAD .pio\build\DLC_LG0\FrameworkHALDriver\Src\stm32g0xx_hal_rtc.o
LOAD .pio\build\DLC_LG0\FrameworkHALDriver\Src\stm32g0xx_hal_rtc_ex.o
LOAD .pio\build\DLC_LG0\FrameworkHALDriver\Src\stm32g0xx_hal_smartcard.o
LOAD .pio\build\DLC_LG0\FrameworkHALDriver\Src\stm32g0xx_hal_smartcard_ex.o
LOAD .pio\build\DLC_LG0\FrameworkHALDriver\Src\stm32g0xx_hal_smbus.o
LOAD .pio\build\DLC_LG0\FrameworkHALDriver\Src\stm32g0xx_hal_smbus_ex.o
LOAD .pio\build\DLC_LG0\FrameworkHALDriver\Src\stm32g0xx_hal_spi.o
LOAD .pio\build\DLC_LG0\FrameworkHALDriver\Src\stm32g0xx_hal_spi_ex.o
LOAD .pio\build\DLC_LG0\FrameworkHALDriver\Src\stm32g0xx_hal_tim.o
LOAD .pio\build\DLC_LG0\FrameworkHALDriver\Src\stm32g0xx_hal_tim_ex.o
LOAD .pio\build\DLC_LG0\FrameworkHALDriver\Src\stm32g0xx_hal_uart.o
LOAD .pio\build\DLC_LG0\FrameworkHALDriver\Src\stm32g0xx_hal_uart_ex.o
LOAD .pio\build\DLC_LG0\FrameworkHALDriver\Src\stm32g0xx_hal_usart.o
LOAD .pio\build\DLC_LG0\FrameworkHALDriver\Src\stm32g0xx_hal_usart_ex.o
LOAD .pio\build\DLC_LG0\FrameworkHALDriver\Src\stm32g0xx_hal_wwdg.o
LOAD .pio\build\DLC_LG0\FrameworkHALDriver\Src\stm32g0xx_ll_adc.o
LOAD .pio\build\DLC_LG0\FrameworkHALDriver\Src\stm32g0xx_ll_comp.o
LOAD .pio\build\DLC_LG0\FrameworkHALDriver\Src\stm32g0xx_ll_crc.o
LOAD .pio\build\DLC_LG0\FrameworkHALDriver\Src\stm32g0xx_ll_crs.o
LOAD .pio\build\DLC_LG0\FrameworkHALDriver\Src\stm32g0xx_ll_dac.o
LOAD .pio\build\DLC_LG0\FrameworkHALDriver\Src\stm32g0xx_ll_dma.o
LOAD .pio\build\DLC_LG0\FrameworkHALDriver\Src\stm32g0xx_ll_exti.o
LOAD .pio\build\DLC_LG0\FrameworkHALDriver\Src\stm32g0xx_ll_gpio.o
LOAD .pio\build\DLC_LG0\FrameworkHALDriver\Src\stm32g0xx_ll_i2c.o
LOAD .pio\build\DLC_LG0\FrameworkHALDriver\Src\stm32g0xx_ll_lptim.o
LOAD .pio\build\DLC_LG0\FrameworkHALDriver\Src\stm32g0xx_ll_lpuart.o
LOAD .pio\build\DLC_LG0\FrameworkHALDriver\Src\stm32g0xx_ll_pwr.o
LOAD .pio\build\DLC_LG0\FrameworkHALDriver\Src\stm32g0xx_ll_rcc.o
LOAD .pio\build\DLC_LG0\FrameworkHALDriver\Src\stm32g0xx_ll_rng.o
LOAD .pio\build\DLC_LG0\FrameworkHALDriver\Src\stm32g0xx_ll_rtc.o
LOAD .pio\build\DLC_LG0\FrameworkHALDriver\Src\stm32g0xx_ll_spi.o
LOAD .pio\build\DLC_LG0\FrameworkHALDriver\Src\stm32g0xx_ll_tim.o
LOAD .pio\build\DLC_LG0\FrameworkHALDriver\Src\stm32g0xx_ll_ucpd.o
LOAD .pio\build\DLC_LG0\FrameworkHALDriver\Src\stm32g0xx_ll_usart.o
LOAD .pio\build\DLC_LG0\FrameworkHALDriver\Src\stm32g0xx_ll_usb.o
LOAD .pio\build\DLC_LG0\FrameworkHALDriver\Src\stm32g0xx_ll_utils.o
LOAD .pio\build\DLC_LG0\src\bsp_hal\bsp_f429ig\hal_f429_system.o
LOAD .pio\build\DLC_LG0\src\bsp_hal\bsp_g0b0ce\hal_g0b0_system.o
LOAD .pio\build\DLC_LG0\src\bsp_hal\grbl_hal.o
LOAD .pio\build\DLC_LG0\src\bsp_hal\hal_flash_eeprom.o
LOAD .pio\build\DLC_LG0\src\bsp_hal\hal_gpio.o
LOAD .pio\build\DLC_LG0\src\bsp_hal\hal_it.o
LOAD .pio\build\DLC_LG0\src\bsp_hal\hal_spi.o
LOAD .pio\build\DLC_LG0\src\bsp_hal\hal_tim.o
LOAD .pio\build\DLC_LG0\src\bsp_hal\hal_uart.o
LOAD .pio\build\DLC_LG0\src\bsp_hal\hal_w25qxx.o
LOAD .pio\build\DLC_LG0\src\grbl\coolant_control.o
LOAD .pio\build\DLC_LG0\src\grbl\eeprom.o
LOAD .pio\build\DLC_LG0\src\grbl\gcode.o
LOAD .pio\build\DLC_LG0\src\grbl\jog.o
LOAD .pio\build\DLC_LG0\src\grbl\limits.o
LOAD .pio\build\DLC_LG0\src\grbl\motion_control.o
LOAD .pio\build\DLC_LG0\src\grbl\nuts_bolts.o
LOAD .pio\build\DLC_LG0\src\grbl\planner.o
LOAD .pio\build\DLC_LG0\src\grbl\print.o
LOAD .pio\build\DLC_LG0\src\grbl\probe.o
LOAD .pio\build\DLC_LG0\src\grbl\protocol.o
LOAD .pio\build\DLC_LG0\src\grbl\report.o
LOAD .pio\build\DLC_LG0\src\grbl\serial.o
LOAD .pio\build\DLC_LG0\src\grbl\settings.o
LOAD .pio\build\DLC_LG0\src\grbl\spindle_control.o
LOAD .pio\build\DLC_LG0\src\grbl\stepper.o
LOAD .pio\build\DLC_LG0\src\grbl\system.o
LOAD .pio\build\DLC_LG0\src\main.o
START GROUP
LOAD .pio\build\DLC_LG0\libd39\libstm32-platformio-freertos.a
LOAD c:/users/administrator/.platformio/packages/toolchain-gccarmnoneeabi@1.70201.0/bin/../lib/gcc/arm-none-eabi/7.2.1/../../../../arm-none-eabi/lib/thumb/v6-m\libc_nano.a
LOAD c:/users/administrator/.platformio/packages/toolchain-gccarmnoneeabi@1.70201.0/bin/../lib/gcc/arm-none-eabi/7.2.1/thumb/v6-m\libgcc.a
LOAD c:/users/administrator/.platformio/packages/toolchain-gccarmnoneeabi@1.70201.0/bin/../lib/gcc/arm-none-eabi/7.2.1/../../../../arm-none-eabi/lib/thumb/v6-m\libm.a
LOAD c:/users/administrator/.platformio/packages/toolchain-gccarmnoneeabi@1.70201.0/bin/../lib/gcc/arm-none-eabi/7.2.1/../../../../arm-none-eabi/lib/thumb/v6-m\libstdc++_nano.a
LOAD c:/users/administrator/.platformio/packages/toolchain-gccarmnoneeabi@1.70201.0/bin/../lib/gcc/arm-none-eabi/7.2.1/../../../../arm-none-eabi/lib/thumb/v6-m\libnosys.a
LOAD .pio\build\DLC_LG0\libFrameworkCMSISDevice.a
END GROUP
START GROUP
LOAD c:/users/administrator/.platformio/packages/toolchain-gccarmnoneeabi@1.70201.0/bin/../lib/gcc/arm-none-eabi/7.2.1/thumb/v6-m\libgcc.a
LOAD c:/users/administrator/.platformio/packages/toolchain-gccarmnoneeabi@1.70201.0/bin/../lib/gcc/arm-none-eabi/7.2.1/../../../../arm-none-eabi/lib/thumb/v6-m\libc_nano.a
END GROUP
START GROUP
LOAD c:/users/administrator/.platformio/packages/toolchain-gccarmnoneeabi@1.70201.0/bin/../lib/gcc/arm-none-eabi/7.2.1/thumb/v6-m\libgcc.a
LOAD c:/users/administrator/.platformio/packages/toolchain-gccarmnoneeabi@1.70201.0/bin/../lib/gcc/arm-none-eabi/7.2.1/../../../../arm-none-eabi/lib/thumb/v6-m\libc_nano.a
LOAD c:/users/administrator/.platformio/packages/toolchain-gccarmnoneeabi@1.70201.0/bin/../lib/gcc/arm-none-eabi/7.2.1/../../../../arm-none-eabi/lib/thumb/v6-m\libnosys.a
END GROUP
START GROUP
LOAD c:/users/administrator/.platformio/packages/toolchain-gccarmnoneeabi@1.70201.0/bin/../lib/gcc/arm-none-eabi/7.2.1/thumb/v6-m\libgcc.a
LOAD c:/users/administrator/.platformio/packages/toolchain-gccarmnoneeabi@1.70201.0/bin/../lib/gcc/arm-none-eabi/7.2.1/../../../../arm-none-eabi/lib/thumb/v6-m\libc_nano.a
LOAD c:/users/administrator/.platformio/packages/toolchain-gccarmnoneeabi@1.70201.0/bin/../lib/gcc/arm-none-eabi/7.2.1/../../../../arm-none-eabi/lib/thumb/v6-m\libnosys.a
END GROUP
LOAD c:/users/administrator/.platformio/packages/toolchain-gccarmnoneeabi@1.70201.0/bin/../lib/gcc/arm-none-eabi/7.2.1/thumb/v6-m/crtend.o
LOAD c:/users/administrator/.platformio/packages/toolchain-gccarmnoneeabi@1.70201.0/bin/../lib/gcc/arm-none-eabi/7.2.1/thumb/v6-m/crtn.o
                0x20024000                _estack = (ORIGIN (RAM) + LENGTH (RAM))
                0x00000200                _Min_Heap_Size = 0x200
                0x00000400                _Min_Stack_Size = 0x400

.isr_vector     0x08000000       0xb8
                0x08000000                . = ALIGN (0x4)
 *(.isr_vector)
 .isr_vector    0x08000000       0xb8 .pio\build\DLC_LG0\libFrameworkCMSISDevice.a(startup_stm32g0b0xx.o)
                0x08000000                g_pfnVectors
                0x080000b8                . = ALIGN (0x4)

.text           0x080000c0     0xd670
                0x080000c0                . = ALIGN (0x4)
 *(.text)
 .text          0x080000c0       0x48 c:/users/administrator/.platformio/packages/toolchain-gccarmnoneeabi@1.70201.0/bin/../lib/gcc/arm-none-eabi/7.2.1/thumb/v6-m/crtbegin.o
 .text          0x08000108       0x14 c:/users/administrator/.platformio/packages/toolchain-gccarmnoneeabi@1.70201.0/bin/../lib/gcc/arm-none-eabi/7.2.1/thumb/v6-m\libgcc.a(_thumb1_case_sqi.o)
                0x08000108                __gnu_thumb1_case_sqi
 .text          0x0800011c       0x14 c:/users/administrator/.platformio/packages/toolchain-gccarmnoneeabi@1.70201.0/bin/../lib/gcc/arm-none-eabi/7.2.1/thumb/v6-m\libgcc.a(_thumb1_case_uqi.o)
                0x0800011c                __gnu_thumb1_case_uqi
 .text          0x08000130       0x14 c:/users/administrator/.platformio/packages/toolchain-gccarmnoneeabi@1.70201.0/bin/../lib/gcc/arm-none-eabi/7.2.1/thumb/v6-m\libgcc.a(_thumb1_case_uhi.o)
                0x08000130                __gnu_thumb1_case_uhi
 .text          0x08000144      0x114 c:/users/administrator/.platformio/packages/toolchain-gccarmnoneeabi@1.70201.0/bin/../lib/gcc/arm-none-eabi/7.2.1/thumb/v6-m\libgcc.a(_udivsi3.o)
                0x08000144                __aeabi_uidiv
                0x08000144                __udivsi3
                0x08000250                __aeabi_uidivmod
 .text          0x08000258      0x1d4 c:/users/administrator/.platformio/packages/toolchain-gccarmnoneeabi@1.70201.0/bin/../lib/gcc/arm-none-eabi/7.2.1/thumb/v6-m\libgcc.a(_divsi3.o)
                0x08000258                __divsi3
                0x08000258                __aeabi_idiv
                0x08000424                __aeabi_idivmod
 .text          0x0800042c        0x4 c:/users/administrator/.platformio/packages/toolchain-gccarmnoneeabi@1.70201.0/bin/../lib/gcc/arm-none-eabi/7.2.1/thumb/v6-m\libgcc.a(_dvmd_tls.o)
                0x0800042c                __aeabi_idiv0
                0x0800042c                __aeabi_ldiv0
 .text          0x08000430       0x7c c:/users/administrator/.platformio/packages/toolchain-gccarmnoneeabi@1.70201.0/bin/../lib/gcc/arm-none-eabi/7.2.1/thumb/v6-m\libgcc.a(_arm_cmpdf2.o)
                0x08000430                __aeabi_cdrcmple
                0x08000440                __aeabi_cdcmple
                0x08000440                __aeabi_cdcmpeq
                0x08000450                __aeabi_dcmpeq
                0x0800045c                __aeabi_dcmplt
                0x08000470                __aeabi_dcmple
                0x08000484                __aeabi_dcmpgt
                0x08000498                __aeabi_dcmpge
 .text          0x080004ac       0x74 c:/users/administrator/.platformio/packages/toolchain-gccarmnoneeabi@1.70201.0/bin/../lib/gcc/arm-none-eabi/7.2.1/thumb/v6-m\libgcc.a(_arm_cmpsf2.o)
                0x080004ac                __aeabi_cfrcmple
                0x080004b4                __aeabi_cfcmpeq
                0x080004b4                __aeabi_cfcmple
                0x080004c4                __aeabi_fcmpeq
                0x080004d0                __aeabi_fcmplt
                0x080004e4                __aeabi_fcmple
                0x080004f8                __aeabi_fcmpgt
                0x0800050c                __aeabi_fcmpge
 .text          0x08000520       0x30 c:/users/administrator/.platformio/packages/toolchain-gccarmnoneeabi@1.70201.0/bin/../lib/gcc/arm-none-eabi/7.2.1/thumb/v6-m\libgcc.a(_fixunssfsi.o)
                0x08000520                __fixunssfsi
                0x08000520                __aeabi_f2uiz
 .text          0x08000550       0x3c c:/users/administrator/.platformio/packages/toolchain-gccarmnoneeabi@1.70201.0/bin/../lib/gcc/arm-none-eabi/7.2.1/thumb/v6-m\libgcc.a(_fixunsdfsi.o)
                0x08000550                __aeabi_d2uiz
                0x08000550                __fixunsdfsi
 .text          0x0800058c      0x334 c:/users/administrator/.platformio/packages/toolchain-gccarmnoneeabi@1.70201.0/bin/../lib/gcc/arm-none-eabi/7.2.1/thumb/v6-m\libgcc.a(addsf3.o)
                0x0800058c                __aeabi_fadd
 .text          0x080008c0      0x224 c:/users/administrator/.platformio/packages/toolchain-gccarmnoneeabi@1.70201.0/bin/../lib/gcc/arm-none-eabi/7.2.1/thumb/v6-m\libgcc.a(divsf3.o)
                0x080008c0                __aeabi_fdiv
 .text          0x08000ae4       0x50 c:/users/administrator/.platformio/packages/toolchain-gccarmnoneeabi@1.70201.0/bin/../lib/gcc/arm-none-eabi/7.2.1/thumb/v6-m\libgcc.a(eqsf2.o)
                0x08000ae4                __eqsf2
                0x08000ae4                __nesf2
 .text          0x08000b34       0x9c c:/users/administrator/.platformio/packages/toolchain-gccarmnoneeabi@1.70201.0/bin/../lib/gcc/arm-none-eabi/7.2.1/thumb/v6-m\libgcc.a(gesf2.o)
                0x08000b34                __gesf2
                0x08000b34                __gtsf2
 .text          0x08000bd0       0xa0 c:/users/administrator/.platformio/packages/toolchain-gccarmnoneeabi@1.70201.0/bin/../lib/gcc/arm-none-eabi/7.2.1/thumb/v6-m\libgcc.a(lesf2.o)
                0x08000bd0                __ltsf2
                0x08000bd0                __lesf2
 .text          0x08000c70      0x264 c:/users/administrator/.platformio/packages/toolchain-gccarmnoneeabi@1.70201.0/bin/../lib/gcc/arm-none-eabi/7.2.1/thumb/v6-m\libgcc.a(mulsf3.o)
                0x08000c70                __aeabi_fmul
 .text          0x08000ed4      0x388 c:/users/administrator/.platformio/packages/toolchain-gccarmnoneeabi@1.70201.0/bin/../lib/gcc/arm-none-eabi/7.2.1/thumb/v6-m\libgcc.a(subsf3.o)
                0x08000ed4                __aeabi_fsub
 .text          0x0800125c       0x40 c:/users/administrator/.platformio/packages/toolchain-gccarmnoneeabi@1.70201.0/bin/../lib/gcc/arm-none-eabi/7.2.1/thumb/v6-m\libgcc.a(fixsfsi.o)
                0x0800125c                __aeabi_f2iz
 .text          0x0800129c       0x94 c:/users/administrator/.platformio/packages/toolchain-gccarmnoneeabi@1.70201.0/bin/../lib/gcc/arm-none-eabi/7.2.1/thumb/v6-m\libgcc.a(floatsisf.o)
                0x0800129c                __aeabi_i2f
 .text          0x08001330       0x80 c:/users/administrator/.platformio/packages/toolchain-gccarmnoneeabi@1.70201.0/bin/../lib/gcc/arm-none-eabi/7.2.1/thumb/v6-m\libgcc.a(floatunsisf.o)
                0x08001330                __aeabi_ui2f
 .text          0x080013b0      0x638 c:/users/administrator/.platformio/packages/toolchain-gccarmnoneeabi@1.70201.0/bin/../lib/gcc/arm-none-eabi/7.2.1/thumb/v6-m\libgcc.a(adddf3.o)
                0x080013b0                __aeabi_dadd
 .text          0x080019e8      0x604 c:/users/administrator/.platformio/packages/toolchain-gccarmnoneeabi@1.70201.0/bin/../lib/gcc/arm-none-eabi/7.2.1/thumb/v6-m\libgcc.a(divdf3.o)
                0x080019e8                __aeabi_ddiv
 .text          0x08001fec       0x78 c:/users/administrator/.platformio/packages/toolchain-gccarmnoneeabi@1.70201.0/bin/../lib/gcc/arm-none-eabi/7.2.1/thumb/v6-m\libgcc.a(eqdf2.o)
                0x08001fec                __nedf2
                0x08001fec                __eqdf2
 .text          0x08002064       0xc8 c:/users/administrator/.platformio/packages/toolchain-gccarmnoneeabi@1.70201.0/bin/../lib/gcc/arm-none-eabi/7.2.1/thumb/v6-m\libgcc.a(gedf2.o)
                0x08002064                __gedf2
                0x08002064                __gtdf2
 .text          0x0800212c       0xd0 c:/users/administrator/.platformio/packages/toolchain-gccarmnoneeabi@1.70201.0/bin/../lib/gcc/arm-none-eabi/7.2.1/thumb/v6-m\libgcc.a(ledf2.o)
                0x0800212c                __ledf2
                0x0800212c                __ltdf2
 .text          0x080021fc      0x4e4 c:/users/administrator/.platformio/packages/toolchain-gccarmnoneeabi@1.70201.0/bin/../lib/gcc/arm-none-eabi/7.2.1/thumb/v6-m\libgcc.a(muldf3.o)
                0x080021fc                __aeabi_dmul
 .text          0x080026e0      0x690 c:/users/administrator/.platformio/packages/toolchain-gccarmnoneeabi@1.70201.0/bin/../lib/gcc/arm-none-eabi/7.2.1/thumb/v6-m\libgcc.a(subdf3.o)
                0x080026e0                __aeabi_dsub
 .text          0x08002d70       0x6c c:/users/administrator/.platformio/packages/toolchain-gccarmnoneeabi@1.70201.0/bin/../lib/gcc/arm-none-eabi/7.2.1/thumb/v6-m\libgcc.a(fixdfsi.o)
                0x08002d70                __aeabi_d2iz
 .text          0x08002ddc       0x74 c:/users/administrator/.platformio/packages/toolchain-gccarmnoneeabi@1.70201.0/bin/../lib/gcc/arm-none-eabi/7.2.1/thumb/v6-m\libgcc.a(floatsidf.o)
                0x08002ddc                __aeabi_i2d
 .text          0x08002e50       0x64 c:/users/administrator/.platformio/packages/toolchain-gccarmnoneeabi@1.70201.0/bin/../lib/gcc/arm-none-eabi/7.2.1/thumb/v6-m\libgcc.a(floatunsidf.o)
                0x08002e50                __aeabi_ui2d
 .text          0x08002eb4       0xa4 c:/users/administrator/.platformio/packages/toolchain-gccarmnoneeabi@1.70201.0/bin/../lib/gcc/arm-none-eabi/7.2.1/thumb/v6-m\libgcc.a(extendsfdf2.o)
                0x08002eb4                __aeabi_f2d
 .text          0x08002f58      0x108 c:/users/administrator/.platformio/packages/toolchain-gccarmnoneeabi@1.70201.0/bin/../lib/gcc/arm-none-eabi/7.2.1/thumb/v6-m\libgcc.a(truncdfsf2.o)
                0x08002f58                __aeabi_d2f
 .text          0x08003060       0x3c c:/users/administrator/.platformio/packages/toolchain-gccarmnoneeabi@1.70201.0/bin/../lib/gcc/arm-none-eabi/7.2.1/thumb/v6-m\libgcc.a(_clzsi2.o)
                0x08003060                __clzsi2
 .text          0x0800309c       0x38 c:/users/administrator/.platformio/packages/toolchain-gccarmnoneeabi@1.70201.0/bin/../lib/gcc/arm-none-eabi/7.2.1/thumb/v6-m\libgcc.a(unorddf2.o)
                0x0800309c                __aeabi_dcmpun
 *(.text*)
 .text.HAL_MspInit
                0x080030d4        0x2 .pio\build\DLC_LG0\FrameworkHALDriver\Src\stm32g0xx_hal.o
                0x080030d4                HAL_MspInit
 *fill*         0x080030d6        0x2 
 .text.HAL_InitTick
                0x080030d8       0x50 .pio\build\DLC_LG0\FrameworkHALDriver\Src\stm32g0xx_hal.o
                0x080030d8                HAL_InitTick
 .text.HAL_Init
                0x08003128       0x28 .pio\build\DLC_LG0\FrameworkHALDriver\Src\stm32g0xx_hal.o
                0x08003128                HAL_Init
 .text.HAL_IncTick
                0x08003150       0x18 .pio\build\DLC_LG0\FrameworkHALDriver\Src\stm32g0xx_hal.o
                0x08003150                HAL_IncTick
 .text.HAL_GetTick
                0x08003168        0xc .pio\build\DLC_LG0\FrameworkHALDriver\Src\stm32g0xx_hal.o
                0x08003168                HAL_GetTick
 .text.HAL_Delay
                0x08003174       0x24 .pio\build\DLC_LG0\FrameworkHALDriver\Src\stm32g0xx_hal.o
                0x08003174                HAL_Delay
 .text.HAL_NVIC_SetPriority
                0x08003198       0x54 .pio\build\DLC_LG0\FrameworkHALDriver\Src\stm32g0xx_hal_cortex.o
                0x08003198                HAL_NVIC_SetPriority
 .text.HAL_NVIC_EnableIRQ
                0x080031ec       0x18 .pio\build\DLC_LG0\FrameworkHALDriver\Src\stm32g0xx_hal_cortex.o
                0x080031ec                HAL_NVIC_EnableIRQ
 .text.HAL_NVIC_DisableIRQ
                0x08003204       0x20 .pio\build\DLC_LG0\FrameworkHALDriver\Src\stm32g0xx_hal_cortex.o
                0x08003204                HAL_NVIC_DisableIRQ
 .text.HAL_SYSTICK_Config
                0x08003224       0x34 .pio\build\DLC_LG0\FrameworkHALDriver\Src\stm32g0xx_hal_cortex.o
                0x08003224                HAL_SYSTICK_Config
 .text.HAL_FLASH_Unlock
                0x08003258       0x24 .pio\build\DLC_LG0\FrameworkHALDriver\Src\stm32g0xx_hal_flash.o
                0x08003258                HAL_FLASH_Unlock
 .text.HAL_FLASH_Lock
                0x0800327c       0x18 .pio\build\DLC_LG0\FrameworkHALDriver\Src\stm32g0xx_hal_flash.o
                0x0800327c                HAL_FLASH_Lock
 .text.FLASH_WaitForLastOperation
                0x08003294       0x64 .pio\build\DLC_LG0\FrameworkHALDriver\Src\stm32g0xx_hal_flash.o
                0x08003294                FLASH_WaitForLastOperation
 .text.HAL_FLASH_Program
                0x080032f8       0x68 .pio\build\DLC_LG0\FrameworkHALDriver\Src\stm32g0xx_hal_flash.o
                0x080032f8                HAL_FLASH_Program
 .text.FLASH_PageErase
                0x08003360       0x38 .pio\build\DLC_LG0\FrameworkHALDriver\Src\stm32g0xx_hal_flash_ex.o
                0x08003360                FLASH_PageErase
 .text.HAL_FLASHEx_Erase
                0x08003398       0x94 .pio\build\DLC_LG0\FrameworkHALDriver\Src\stm32g0xx_hal_flash_ex.o
                0x08003398                HAL_FLASHEx_Erase
 .text.HAL_GPIO_Init
                0x0800342c      0x178 .pio\build\DLC_LG0\FrameworkHALDriver\Src\stm32g0xx_hal_gpio.o
                0x0800342c                HAL_GPIO_Init
 .text.HAL_GPIO_ReadPin
                0x080035a4        0xc .pio\build\DLC_LG0\FrameworkHALDriver\Src\stm32g0xx_hal_gpio.o
                0x080035a4                HAL_GPIO_ReadPin
 .text.HAL_GPIO_WritePin
                0x080035b0        0xc .pio\build\DLC_LG0\FrameworkHALDriver\Src\stm32g0xx_hal_gpio.o
                0x080035b0                HAL_GPIO_WritePin
 .text.HAL_GPIO_TogglePin
                0x080035bc       0x10 .pio\build\DLC_LG0\FrameworkHALDriver\Src\stm32g0xx_hal_gpio.o
                0x080035bc                HAL_GPIO_TogglePin
 .text.HAL_PWREx_ControlVoltageScaling
                0x080035cc       0x54 .pio\build\DLC_LG0\FrameworkHALDriver\Src\stm32g0xx_hal_pwr_ex.o
                0x080035cc                HAL_PWREx_ControlVoltageScaling
 .text.HAL_RCC_OscConfig
                0x08003620      0x450 .pio\build\DLC_LG0\FrameworkHALDriver\Src\stm32g0xx_hal_rcc.o
                0x08003620                HAL_RCC_OscConfig
 .text.HAL_RCC_GetSysClockFreq
                0x08003a70       0x8c .pio\build\DLC_LG0\FrameworkHALDriver\Src\stm32g0xx_hal_rcc.o
                0x08003a70                HAL_RCC_GetSysClockFreq
 .text.HAL_RCC_ClockConfig
                0x08003afc      0x15c .pio\build\DLC_LG0\FrameworkHALDriver\Src\stm32g0xx_hal_rcc.o
                0x08003afc                HAL_RCC_ClockConfig
 .text.HAL_RCC_GetHCLKFreq
                0x08003c58        0xc .pio\build\DLC_LG0\FrameworkHALDriver\Src\stm32g0xx_hal_rcc.o
                0x08003c58                HAL_RCC_GetHCLKFreq
 .text.HAL_RCC_GetPCLK1Freq
                0x08003c64       0x28 .pio\build\DLC_LG0\FrameworkHALDriver\Src\stm32g0xx_hal_rcc.o
                0x08003c64                HAL_RCC_GetPCLK1Freq
 .text.SPI_WaitFifoStateUntilTimeout
                0x08003c8c       0xe4 .pio\build\DLC_LG0\FrameworkHALDriver\Src\stm32g0xx_hal_spi.o
 .text.SPI_WaitFlagStateUntilTimeout
                0x08003d70       0xc0 .pio\build\DLC_LG0\FrameworkHALDriver\Src\stm32g0xx_hal_spi.o
 .text.SPI_EndRxTxTransaction
                0x08003e30       0x4a .pio\build\DLC_LG0\FrameworkHALDriver\Src\stm32g0xx_hal_spi.o
 .text.HAL_SPI_MspInit
                0x08003e7a        0x2 .pio\build\DLC_LG0\FrameworkHALDriver\Src\stm32g0xx_hal_spi.o
                0x08003e7a                HAL_SPI_MspInit
 .text.HAL_SPI_Init
                0x08003e7c      0x158 .pio\build\DLC_LG0\FrameworkHALDriver\Src\stm32g0xx_hal_spi.o
                0x08003e7c                HAL_SPI_Init
 .text.HAL_SPI_TransmitReceive
                0x08003fd4      0x33c .pio\build\DLC_LG0\FrameworkHALDriver\Src\stm32g0xx_hal_spi.o
                0x08003fd4                HAL_SPI_TransmitReceive
 .text.HAL_TIM_Base_MspInit
                0x08004310        0x2 .pio\build\DLC_LG0\FrameworkHALDriver\Src\stm32g0xx_hal_tim.o
                0x08004310                HAL_TIM_Base_MspInit
 *fill*         0x08004312        0x2 
 .text.HAL_TIM_Base_Start_IT
                0x08004314       0x6c .pio\build\DLC_LG0\FrameworkHALDriver\Src\stm32g0xx_hal_tim.o
                0x08004314                HAL_TIM_Base_Start_IT
 .text.HAL_TIM_OC_DelayElapsedCallback
                0x08004380        0x2 .pio\build\DLC_LG0\FrameworkHALDriver\Src\stm32g0xx_hal_tim.o
                0x08004380                HAL_TIM_OC_DelayElapsedCallback
 .text.HAL_TIM_IC_CaptureCallback
                0x08004382        0x2 .pio\build\DLC_LG0\FrameworkHALDriver\Src\stm32g0xx_hal_tim.o
                0x08004382                HAL_TIM_IC_CaptureCallback
 .text.HAL_TIM_PWM_PulseFinishedCallback
                0x08004384        0x2 .pio\build\DLC_LG0\FrameworkHALDriver\Src\stm32g0xx_hal_tim.o
                0x08004384                HAL_TIM_PWM_PulseFinishedCallback
 .text.HAL_TIM_TriggerCallback
                0x08004386        0x2 .pio\build\DLC_LG0\FrameworkHALDriver\Src\stm32g0xx_hal_tim.o
                0x08004386                HAL_TIM_TriggerCallback
 .text.HAL_TIM_IRQHandler
                0x08004388      0x168 .pio\build\DLC_LG0\FrameworkHALDriver\Src\stm32g0xx_hal_tim.o
                0x08004388                HAL_TIM_IRQHandler
 .text.TIM_Base_SetConfig
                0x080044f0       0xa0 .pio\build\DLC_LG0\FrameworkHALDriver\Src\stm32g0xx_hal_tim.o
                0x080044f0                TIM_Base_SetConfig
 .text.HAL_TIM_Base_Init
                0x08004590       0x54 .pio\build\DLC_LG0\FrameworkHALDriver\Src\stm32g0xx_hal_tim.o
                0x08004590                HAL_TIM_Base_Init
 .text.HAL_TIMEx_CommutCallback
                0x080045e4        0x2 .pio\build\DLC_LG0\FrameworkHALDriver\Src\stm32g0xx_hal_tim_ex.o
                0x080045e4                HAL_TIMEx_CommutCallback
 .text.HAL_TIMEx_BreakCallback
                0x080045e6        0x2 .pio\build\DLC_LG0\FrameworkHALDriver\Src\stm32g0xx_hal_tim_ex.o
                0x080045e6                HAL_TIMEx_BreakCallback
 .text.HAL_TIMEx_Break2Callback
                0x080045e8        0x2 .pio\build\DLC_LG0\FrameworkHALDriver\Src\stm32g0xx_hal_tim_ex.o
                0x080045e8                HAL_TIMEx_Break2Callback
 .text.HAL_UART_MspInit
                0x080045ea        0x2 .pio\build\DLC_LG0\FrameworkHALDriver\Src\stm32g0xx_hal_uart.o
                0x080045ea                HAL_UART_MspInit
 .text.UART_SetConfig
                0x080045ec      0x1d4 .pio\build\DLC_LG0\FrameworkHALDriver\Src\stm32g0xx_hal_uart.o
                0x080045ec                UART_SetConfig
 .text.UART_AdvFeatureConfig
                0x080047c0       0xd0 .pio\build\DLC_LG0\FrameworkHALDriver\Src\stm32g0xx_hal_uart.o
                0x080047c0                UART_AdvFeatureConfig
 .text.UART_WaitOnFlagUntilTimeout
                0x08004890       0xd0 .pio\build\DLC_LG0\FrameworkHALDriver\Src\stm32g0xx_hal_uart.o
                0x08004890                UART_WaitOnFlagUntilTimeout
 .text.HAL_UART_Transmit
                0x08004960       0xde .pio\build\DLC_LG0\FrameworkHALDriver\Src\stm32g0xx_hal_uart.o
                0x08004960                HAL_UART_Transmit
 *fill*         0x08004a3e        0x2 
 .text.UART_CheckIdleState
                0x08004a40       0x6c .pio\build\DLC_LG0\FrameworkHALDriver\Src\stm32g0xx_hal_uart.o
                0x08004a40                UART_CheckIdleState
 .text.HAL_UART_Init
                0x08004aac       0x68 .pio\build\DLC_LG0\FrameworkHALDriver\Src\stm32g0xx_hal_uart.o
                0x08004aac                HAL_UART_Init
 .text.UARTEx_SetNbDataToProcess
                0x08004b14       0x4c .pio\build\DLC_LG0\FrameworkHALDriver\Src\stm32g0xx_hal_uart_ex.o
 .text.HAL_UARTEx_DisableFifoMode
                0x08004b60       0x3c .pio\build\DLC_LG0\FrameworkHALDriver\Src\stm32g0xx_hal_uart_ex.o
                0x08004b60                HAL_UARTEx_DisableFifoMode
 .text.HAL_UARTEx_SetTxFifoThreshold
                0x08004b9c       0x44 .pio\build\DLC_LG0\FrameworkHALDriver\Src\stm32g0xx_hal_uart_ex.o
                0x08004b9c                HAL_UARTEx_SetTxFifoThreshold
 .text.HAL_UARTEx_SetRxFifoThreshold
                0x08004be0       0x48 .pio\build\DLC_LG0\FrameworkHALDriver\Src\stm32g0xx_hal_uart_ex.o
                0x08004be0                HAL_UARTEx_SetRxFifoThreshold
 .text.hal_g0b0_clk_init
                0x08004c28       0x60 .pio\build\DLC_LG0\src\bsp_hal\bsp_g0b0ce\hal_g0b0_system.o
                0x08004c28                hal_g0b0_clk_init
 .text.hal_g0b0_system_init
                0x08004c88       0x7e .pio\build\DLC_LG0\src\bsp_hal\bsp_g0b0ce\hal_g0b0_system.o
                0x08004c88                hal_g0b0_system_init
 *fill*         0x08004d06        0x2 
 .text.HAL_TIM_PeriodElapsedCallback
                0x08004d08       0x24 .pio\build\DLC_LG0\src\bsp_hal\bsp_g0b0ce\hal_g0b0_system.o
                0x08004d08                HAL_TIM_PeriodElapsedCallback
 .text.Error_Handler
                0x08004d2c        0x4 .pio\build\DLC_LG0\src\bsp_hal\bsp_g0b0ce\hal_g0b0_system.o
                0x08004d2c                Error_Handler
 .text.grbl_report_mcu_info
                0x08004d30       0x7c .pio\build\DLC_LG0\src\bsp_hal\grbl_hal.o
                0x08004d30                grbl_report_mcu_info
 .text.hal_flash_unlock
                0x08004dac        0x2 .pio\build\DLC_LG0\src\bsp_hal\hal_flash_eeprom.o
                0x08004dac                hal_flash_unlock
 *fill*         0x08004dae        0x2 
 .text.hal_eeprom_get_char
                0x08004db0        0xc .pio\build\DLC_LG0\src\bsp_hal\hal_flash_eeprom.o
                0x08004db0                hal_eeprom_get_char
 .text.hal_flash_write_buff
                0x08004dbc       0xa0 .pio\build\DLC_LG0\src\bsp_hal\hal_flash_eeprom.o
                0x08004dbc                hal_flash_write_buff
 .text.hal_eeprom_flush
                0x08004e5c       0x18 .pio\build\DLC_LG0\src\bsp_hal\hal_flash_eeprom.o
                0x08004e5c                hal_eeprom_flush
 .text.hal_flash_read_buf
                0x08004e74       0x14 .pio\build\DLC_LG0\src\bsp_hal\hal_flash_eeprom.o
                0x08004e74                hal_flash_read_buf
 .text.hal_eeprom_init
                0x08004e88       0x30 .pio\build\DLC_LG0\src\bsp_hal\hal_flash_eeprom.o
                0x08004e88                hal_eeprom_init
 .text.hal_led_gpio_init
                0x08004eb8       0x38 .pio\build\DLC_LG0\src\bsp_hal\hal_gpio.o
                0x08004eb8                hal_led_gpio_init
 .text.hal_led_toggle
                0x08004ef0       0x10 .pio\build\DLC_LG0\src\bsp_hal\hal_gpio.o
                0x08004ef0                hal_led_toggle
 .text.hal_limit_gpio_init
                0x08004f00       0x40 .pio\build\DLC_LG0\src\bsp_hal\hal_gpio.o
                0x08004f00                hal_limit_gpio_init
 .text.hal_limit_gpio_irq_enable
                0x08004f40       0x14 .pio\build\DLC_LG0\src\bsp_hal\hal_gpio.o
                0x08004f40                hal_limit_gpio_irq_enable
 .text.hal_limit_gpio_irq_disable
                0x08004f54        0xa .pio\build\DLC_LG0\src\bsp_hal\hal_gpio.o
                0x08004f54                hal_limit_gpio_irq_disable
 *fill*         0x08004f5e        0x2 
 .text.hal_limits_get_gpio_status
                0x08004f60       0x20 .pio\build\DLC_LG0\src\bsp_hal\hal_gpio.o
                0x08004f60                hal_limits_get_gpio_status
 .text.hal_motor_gpio_init
                0x08004f80       0x88 .pio\build\DLC_LG0\src\bsp_hal\hal_gpio.o
                0x08004f80                hal_motor_gpio_init
 .text.hal_step_en_gpio_set
                0x08005008       0x18 .pio\build\DLC_LG0\src\bsp_hal\hal_gpio.o
                0x08005008                hal_step_en_gpio_set
 .text.hal_set_dir_gpio_status
                0x08005020       0x4c .pio\build\DLC_LG0\src\bsp_hal\hal_gpio.o
                0x08005020                hal_set_dir_gpio_status
 .text.hal_set_step_gpio_status
                0x0800506c       0x4c .pio\build\DLC_LG0\src\bsp_hal\hal_gpio.o
                0x0800506c                hal_set_step_gpio_status
 .text.hal_get_moter_dir_gpio_mask
                0x080050b8       0x12 .pio\build\DLC_LG0\src\bsp_hal\hal_gpio.o
                0x080050b8                hal_get_moter_dir_gpio_mask
 .text.hal_get_moter_axis_gpio_mask
                0x080050ca        0x8 .pio\build\DLC_LG0\src\bsp_hal\hal_gpio.o
                0x080050ca                hal_get_moter_axis_gpio_mask
 *fill*         0x080050d2        0x2 
 .text.set_spi_clk
                0x080050d4       0x6c .pio\build\DLC_LG0\src\bsp_hal\hal_spi.o
                0x080050d4                set_spi_clk
 .text.set_spi_mode
                0x08005140       0x32 .pio\build\DLC_LG0\src\bsp_hal\hal_spi.o
                0x08005140                set_spi_mode
 .text.set_spi_trans_mode
                0x08005172       0x46 .pio\build\DLC_LG0\src\bsp_hal\hal_spi.o
                0x08005172                set_spi_trans_mode
 .text.set_spi_start
                0x080051b8        0xc .pio\build\DLC_LG0\src\bsp_hal\hal_spi.o
                0x080051b8                set_spi_start
 .text.hal_spi_transfer_revice_byte
                0x080051c4       0x28 .pio\build\DLC_LG0\src\bsp_hal\hal_spi.o
                0x080051c4                hal_spi_transfer_revice_byte
 .text.hal_spi_begin
                0x080051ec       0x66 .pio\build\DLC_LG0\src\bsp_hal\hal_spi.o
                0x080051ec                hal_spi_begin
 .text.hal_spi_register
                0x08005252        0x8 .pio\build\DLC_LG0\src\bsp_hal\hal_spi.o
                0x08005252                hal_spi_register
 *fill*         0x0800525a        0x2 
 .text.hal_set_timer_init
                0x0800525c       0x54 .pio\build\DLC_LG0\src\bsp_hal\hal_tim.o
                0x0800525c                hal_set_timer_init
 .text.hal_reset_timer_init
                0x080052b0       0x50 .pio\build\DLC_LG0\src\bsp_hal\hal_tim.o
                0x080052b0                hal_reset_timer_init
 .text.hal_set_timer_irq_enable
                0x08005300        0xa .pio\build\DLC_LG0\src\bsp_hal\hal_tim.o
                0x08005300                hal_set_timer_irq_enable
 *fill*         0x0800530a        0x2 
 .text.hal_set_timer_irq_disable
                0x0800530c       0x18 .pio\build\DLC_LG0\src\bsp_hal\hal_tim.o
                0x0800530c                hal_set_timer_irq_disable
 .text.hal_tim_set_reload
                0x08005324        0x6 .pio\build\DLC_LG0\src\bsp_hal\hal_tim.o
                0x08005324                hal_tim_set_reload
 .text.hal_set_tim_cnt
                0x0800532a        0x6 .pio\build\DLC_LG0\src\bsp_hal\hal_tim.o
                0x0800532a                hal_set_tim_cnt
 .text.hal_tim_generateEvent_update
                0x08005330        0xc .pio\build\DLC_LG0\src\bsp_hal\hal_tim.o
                0x08005330                hal_tim_generateEvent_update
 .text.hal_tim_clear_flag_update
                0x0800533c        0xa .pio\build\DLC_LG0\src\bsp_hal\hal_tim.o
                0x0800533c                hal_tim_clear_flag_update
 .text.hal_reset_timer_irq_enable
                0x08005346        0xa .pio\build\DLC_LG0\src\bsp_hal\hal_tim.o
                0x08005346                hal_reset_timer_irq_enable
 .text.hal_reset_timer_irq_disable
                0x08005350        0xa .pio\build\DLC_LG0\src\bsp_hal\hal_tim.o
                0x08005350                hal_reset_timer_irq_disable
 *fill*         0x0800535a        0x2 
 .text.TIM7_IRQHandler
                0x0800535c       0x10 .pio\build\DLC_LG0\src\bsp_hal\hal_tim.o
                0x0800535c                TIM7_IRQHandler
 .text.TIM6_IRQHandler
                0x0800536c       0x10 .pio\build\DLC_LG0\src\bsp_hal\hal_tim.o
                0x0800536c                TIM6_IRQHandler
 .text.hal_uart_gpio_init
                0x0800537c       0x5c .pio\build\DLC_LG0\src\bsp_hal\hal_uart.o
                0x0800537c                hal_uart_gpio_init
 .text.hal_uart_init
                0x080053d8       0x84 .pio\build\DLC_LG0\src\bsp_hal\hal_uart.o
                0x080053d8                hal_uart_init
 .text.hal_uart_sendbyte
                0x0800545c       0x1c .pio\build\DLC_LG0\src\bsp_hal\hal_uart.o
                0x0800545c                hal_uart_sendbyte
 .text.hal_is_uart_sr_txe
                0x08005478       0x10 .pio\build\DLC_LG0\src\bsp_hal\hal_uart.o
                0x08005478                hal_is_uart_sr_txe
 .text.hal_read_usrt_status_reg
                0x08005488        0xc .pio\build\DLC_LG0\src\bsp_hal\hal_uart.o
                0x08005488                hal_read_usrt_status_reg
 .text.hal_read_uart_dr_reg
                0x08005494       0x10 .pio\build\DLC_LG0\src\bsp_hal\hal_uart.o
                0x08005494                hal_read_uart_dr_reg
 .text.hal_clean_isr
                0x080054a4       0x14 .pio\build\DLC_LG0\src\bsp_hal\hal_uart.o
                0x080054a4                hal_clean_isr
 .text.USART2_IRQHandler
                0x080054b8        0x8 .pio\build\DLC_LG0\src\bsp_hal\hal_uart.o
                0x080054b8                USART2_IRQHandler
 .text._write   0x080054c0       0x1c .pio\build\DLC_LG0\src\bsp_hal\hal_uart.o
                0x080054c0                _write
 .text.hal_w25qxx_spi_init
                0x080054dc       0x90 .pio\build\DLC_LG0\src\bsp_hal\hal_w25qxx.o
                0x080054dc                hal_w25qxx_spi_init
 .text.w25qxx_write_read_16
                0x0800556c       0x10 .pio\build\DLC_LG0\src\bsp_hal\hal_w25qxx.o
                0x0800556c                w25qxx_write_read_16
 .text.w25qxx_enable
                0x0800557c       0x14 .pio\build\DLC_LG0\src\bsp_hal\hal_w25qxx.o
                0x0800557c                w25qxx_enable
 .text.w25qxx_disable
                0x08005590       0x14 .pio\build\DLC_LG0\src\bsp_hal\hal_w25qxx.o
                0x08005590                w25qxx_disable
 .text.w25qxx_read_write_cb
                0x080055a4        0xc .pio\build\DLC_LG0\src\bsp_hal\hal_w25qxx.o
                0x080055a4                w25qxx_read_write_cb
 .text.w25qxx_read_write_byte
                0x080055b0       0x10 .pio\build\DLC_LG0\src\bsp_hal\hal_w25qxx.o
                0x080055b0                w25qxx_read_write_byte
 .text.w25qxx_read_id
                0x080055c0       0x30 .pio\build\DLC_LG0\src\bsp_hal\hal_w25qxx.o
                0x080055c0                w25qxx_read_id
 .text.w25qxx_enter_flash_mode
                0x080055f0       0x2c .pio\build\DLC_LG0\src\bsp_hal\hal_w25qxx.o
                0x080055f0                w25qxx_enter_flash_mode
 .text.w25qxx_init
                0x0800561c       0x90 .pio\build\DLC_LG0\src\bsp_hal\hal_w25qxx.o
                0x0800561c                w25qxx_init
 .text.coolant_init
                0x080056ac        0x2 .pio\build\DLC_LG0\src\grbl\coolant_control.o
                0x080056ac                coolant_init
 .text.coolant_get_state
                0x080056ae        0x4 .pio\build\DLC_LG0\src\grbl\coolant_control.o
                0x080056ae                coolant_get_state
 .text.coolant_stop
                0x080056b2        0x2 .pio\build\DLC_LG0\src\grbl\coolant_control.o
                0x080056b2                coolant_stop
 .text.coolant_set_state
                0x080056b4       0x10 .pio\build\DLC_LG0\src\grbl\coolant_control.o
                0x080056b4                coolant_set_state
 .text.coolant_sync
                0x080056c4       0x1c .pio\build\DLC_LG0\src\grbl\coolant_control.o
                0x080056c4                coolant_sync
 .text.eeprom_get_char
                0x080056e0        0x8 .pio\build\DLC_LG0\src\grbl\eeprom.o
                0x080056e0                eeprom_get_char
 .text.eeprom_put_char
                0x080056e8        0xc .pio\build\DLC_LG0\src\grbl\eeprom.o
                0x080056e8                eeprom_put_char
 .text.memcpy_to_eeprom_with_checksum
                0x080056f4       0x34 .pio\build\DLC_LG0\src\grbl\eeprom.o
                0x080056f4                memcpy_to_eeprom_with_checksum
 .text.memcpy_from_eeprom_with_checksum
                0x08005728       0x3a .pio\build\DLC_LG0\src\grbl\eeprom.o
                0x08005728                memcpy_from_eeprom_with_checksum
 *fill*         0x08005762        0x2 
 .text.gc_init  0x08005764       0x28 .pio\build\DLC_LG0\src\grbl\gcode.o
                0x08005764                gc_init
 .text.gc_sync_position
                0x0800578c       0x14 .pio\build\DLC_LG0\src\grbl\gcode.o
                0x0800578c                gc_sync_position
 .text.gc_execute_line
                0x080057a0      0xe7c .pio\build\DLC_LG0\src\grbl\gcode.o
                0x080057a0                gc_execute_line
 .text.jog_execute
                0x0800661c       0x60 .pio\build\DLC_LG0\src\grbl\jog.o
                0x0800661c                jog_execute
 .text.limits_init
                0x0800667c       0x20 .pio\build\DLC_LG0\src\grbl\limits.o
                0x0800667c                limits_init
 .text.limits_disable
                0x0800669c        0x8 .pio\build\DLC_LG0\src\grbl\limits.o
                0x0800669c                limits_disable
 .text.limits_get_state
                0x080066a4       0x2e .pio\build\DLC_LG0\src\grbl\limits.o
                0x080066a4                limits_get_state
 *fill*         0x080066d2        0x2 
 .text.limits_go_home
                0x080066d4      0x250 .pio\build\DLC_LG0\src\grbl\limits.o
                0x080066d4                limits_go_home
 .text.limits_soft_check
                0x08006924       0x40 .pio\build\DLC_LG0\src\grbl\limits.o
                0x08006924                limits_soft_check
 .text.mc_line  0x08006964       0x68 .pio\build\DLC_LG0\src\grbl\motion_control.o
                0x08006964                mc_line
 .text.mc_arc   0x080069cc      0x35c .pio\build\DLC_LG0\src\grbl\motion_control.o
                0x080069cc                mc_arc
 .text.mc_dwell
                0x08006d28       0x20 .pio\build\DLC_LG0\src\grbl\motion_control.o
                0x08006d28                mc_dwell
 .text.mc_homing_cycle
                0x08006d48       0x30 .pio\build\DLC_LG0\src\grbl\motion_control.o
                0x08006d48                mc_homing_cycle
 .text.mc_probe_cycle
                0x08006d78       0xc0 .pio\build\DLC_LG0\src\grbl\motion_control.o
                0x08006d78                mc_probe_cycle
 .text.mc_reset
                0x08006e38       0x54 .pio\build\DLC_LG0\src\grbl\motion_control.o
                0x08006e38                mc_reset
 .text.read_float
                0x08006e8c      0x10c .pio\build\DLC_LG0\src\grbl\nuts_bolts.o
                0x08006e8c                read_float
 .text.delay_sec
                0x08006f98       0x50 .pio\build\DLC_LG0\src\grbl\nuts_bolts.o
                0x08006f98                delay_sec
 .text.delay_ms
                0x08006fe8       0x1c .pio\build\DLC_LG0\src\grbl\nuts_bolts.o
                0x08006fe8                delay_ms
 .text.hypot_f  0x08007004       0x2a .pio\build\DLC_LG0\src\grbl\nuts_bolts.o
                0x08007004                hypot_f
 .text.convert_delta_vector_to_unit_vector
                0x0800702e       0x74 .pio\build\DLC_LG0\src\grbl\nuts_bolts.o
                0x0800702e                convert_delta_vector_to_unit_vector
 *fill*         0x080070a2        0x2 
 .text.limit_value_by_axis_maximum
                0x080070a4       0x44 .pio\build\DLC_LG0\src\grbl\nuts_bolts.o
                0x080070a4                limit_value_by_axis_maximum
 .text.planner_recalculate
                0x080070e8      0x18c .pio\build\DLC_LG0\src\grbl\planner.o
 .text.plan_reset_buffer
                0x08007274       0x28 .pio\build\DLC_LG0\src\grbl\planner.o
                0x08007274                plan_reset_buffer
 .text.plan_reset
                0x0800729c       0x18 .pio\build\DLC_LG0\src\grbl\planner.o
                0x0800729c                plan_reset
 .text.plan_discard_current_block
                0x080072b4       0x34 .pio\build\DLC_LG0\src\grbl\planner.o
                0x080072b4                plan_discard_current_block
 .text.plan_get_system_motion_block
                0x080072e8       0x18 .pio\build\DLC_LG0\src\grbl\planner.o
                0x080072e8                plan_get_system_motion_block
 .text.plan_get_current_block
                0x08007300       0x24 .pio\build\DLC_LG0\src\grbl\planner.o
                0x08007300                plan_get_current_block
 .text.plan_get_exec_block_exit_speed_sqr
                0x08007324       0x30 .pio\build\DLC_LG0\src\grbl\planner.o
                0x08007324                plan_get_exec_block_exit_speed_sqr
 .text.plan_check_full_buffer
                0x08007354       0x1c .pio\build\DLC_LG0\src\grbl\planner.o
                0x08007354                plan_check_full_buffer
 .text.plan_compute_profile_nominal_speed
                0x08007370       0x9c .pio\build\DLC_LG0\src\grbl\planner.o
                0x08007370                plan_compute_profile_nominal_speed
 .text.plan_update_velocity_profile_parameters
                0x0800740c       0x80 .pio\build\DLC_LG0\src\grbl\planner.o
                0x0800740c                plan_update_velocity_profile_parameters
 .text.plan_buffer_line
                0x0800748c      0x2f0 .pio\build\DLC_LG0\src\grbl\planner.o
                0x0800748c                plan_buffer_line
 .text.plan_sync_position
                0x0800777c       0x1c .pio\build\DLC_LG0\src\grbl\planner.o
                0x0800777c                plan_sync_position
 .text.plan_get_block_buffer_available
                0x08007798       0x20 .pio\build\DLC_LG0\src\grbl\planner.o
                0x08007798                plan_get_block_buffer_available
 .text.plan_cycle_reinitialize
                0x080077b8       0x1c .pio\build\DLC_LG0\src\grbl\planner.o
                0x080077b8                plan_cycle_reinitialize
 .text.printString
                0x080077d4       0x14 .pio\build\DLC_LG0\src\grbl\print.o
                0x080077d4                printString
 .text.print_uint8_base10
                0x080077e8       0x5c .pio\build\DLC_LG0\src\grbl\print.o
                0x080077e8                print_uint8_base10
 .text.printFloat
                0x08007844       0xcc .pio\build\DLC_LG0\src\grbl\print.o
                0x08007844                printFloat
 .text.printFloat_CoordValue
                0x08007910       0x34 .pio\build\DLC_LG0\src\grbl\print.o
                0x08007910                printFloat_CoordValue
 .text.printFloat_RateValue
                0x08007944       0x34 .pio\build\DLC_LG0\src\grbl\print.o
                0x08007944                printFloat_RateValue
 .text.probe_init
                0x08007978        0x2 .pio\build\DLC_LG0\src\grbl\probe.o
                0x08007978                probe_init
 .text.probe_configure_invert_mask
                0x0800797a        0x2 .pio\build\DLC_LG0\src\grbl\probe.o
                0x0800797a                probe_configure_invert_mask
 .text.probe_get_state
                0x0800797c        0x4 .pio\build\DLC_LG0\src\grbl\probe.o
                0x0800797c                probe_get_state
 .text.probe_state_monitor
                0x08007980        0x2 .pio\build\DLC_LG0\src\grbl\probe.o
                0x08007980                probe_state_monitor
 .text.protocol_auto_cycle_start
                0x08007982       0x12 .pio\build\DLC_LG0\src\grbl\protocol.o
                0x08007982                protocol_auto_cycle_start
 .text.protocol_exec_rt_system
                0x08007994      0x36c .pio\build\DLC_LG0\src\grbl\protocol.o
                0x08007994                protocol_exec_rt_system
 .text.protocol_execute_realtime
                0x08007d00      0x1c4 .pio\build\DLC_LG0\src\grbl\protocol.o
                0x08007d00                protocol_execute_realtime
 .text.protocol_main_loop
                0x08007ec4      0x118 .pio\build\DLC_LG0\src\grbl\protocol.o
                0x08007ec4                protocol_main_loop
 .text.protocol_buffer_synchronize
                0x08007fdc       0x28 .pio\build\DLC_LG0\src\grbl\protocol.o
                0x08007fdc                protocol_buffer_synchronize
 .text.report_util_line_feed
                0x08008004       0x10 .pio\build\DLC_LG0\src\grbl\report.o
 .text.report_util_feedback_line_feed
                0x08008014        0xe .pio\build\DLC_LG0\src\grbl\report.o
 .text.report_util_axis_values
                0x08008022       0x24 .pio\build\DLC_LG0\src\grbl\report.o
 .text.report_util_setting_prefix
                0x08008046       0x18 .pio\build\DLC_LG0\src\grbl\report.o
                0x08008046                report_util_setting_prefix
 .text.report_util_uint8_setting
                0x0800805e       0x14 .pio\build\DLC_LG0\src\grbl\report.o
 .text.report_util_float_setting
                0x08008072       0x18 .pio\build\DLC_LG0\src\grbl\report.o
 *fill*         0x0800808a        0x2 
 .text.report_status_message
                0x0800808c       0x28 .pio\build\DLC_LG0\src\grbl\report.o
                0x0800808c                report_status_message
 .text.report_alarm_message
                0x080080b4       0x24 .pio\build\DLC_LG0\src\grbl\report.o
                0x080080b4                report_alarm_message
 .text.report_feedback_message
                0x080080d8       0x84 .pio\build\DLC_LG0\src\grbl\report.o
                0x080080d8                report_feedback_message
 .text.report_init_message
                0x0800815c       0x10 .pio\build\DLC_LG0\src\grbl\report.o
                0x0800815c                report_init_message
 .text.report_grbl_help
                0x0800816c       0x10 .pio\build\DLC_LG0\src\grbl\report.o
                0x0800816c                report_grbl_help
 .text.report_grbl_settings
                0x0800817c      0x16c .pio\build\DLC_LG0\src\grbl\report.o
                0x0800817c                report_grbl_settings
 .text.report_probe_parameters
                0x080082e8       0x38 .pio\build\DLC_LG0\src\grbl\report.o
                0x080082e8                report_probe_parameters
 .text.report_ngc_parameters
                0x08008320       0xa8 .pio\build\DLC_LG0\src\grbl\report.o
                0x08008320                report_ngc_parameters
 .text.report_gcode_modes
                0x080083c8      0x120 .pio\build\DLC_LG0\src\grbl\report.o
                0x080083c8                report_gcode_modes
 .text.report_startup_line
                0x080084e8       0x28 .pio\build\DLC_LG0\src\grbl\report.o
                0x080084e8                report_startup_line
 .text.report_execute_startup_message
                0x08008510       0x20 .pio\build\DLC_LG0\src\grbl\report.o
                0x08008510                report_execute_startup_message
 .text.report_build_info
                0x08008530       0x48 .pio\build\DLC_LG0\src\grbl\report.o
                0x08008530                report_build_info
 .text.report_realtime_status
                0x08008578      0x2ec .pio\build\DLC_LG0\src\grbl\report.o
                0x08008578                report_realtime_status
 .text.serial_get_rx_buffer_available
                0x08008864       0x24 .pio\build\DLC_LG0\src\grbl\serial.o
                0x08008864                serial_get_rx_buffer_available
 .text.serial_init
                0x08008888        0x2 .pio\build\DLC_LG0\src\grbl\serial.o
                0x08008888                serial_init
 .text.serial_write
                0x0800888a       0x10 .pio\build\DLC_LG0\src\grbl\serial.o
                0x0800888a                serial_write
 *fill*         0x0800889a        0x2 
 .text.serial_read
                0x0800889c       0x28 .pio\build\DLC_LG0\src\grbl\serial.o
                0x0800889c                serial_read
 .text.laser_uart_handler
                0x080088c4       0xec .pio\build\DLC_LG0\src\grbl\serial.o
                0x080088c4                laser_uart_handler
 .text.serial_reset_read_buffer
                0x080089b0       0x14 .pio\build\DLC_LG0\src\grbl\serial.o
                0x080089b0                serial_reset_read_buffer
 .text.settings_store_startup_line
                0x080089c4       0x1e .pio\build\DLC_LG0\src\grbl\settings.o
                0x080089c4                settings_store_startup_line
 *fill*         0x080089e2        0x2 
 .text.settings_store_build_info
                0x080089e4       0x14 .pio\build\DLC_LG0\src\grbl\settings.o
                0x080089e4                settings_store_build_info
 .text.settings_write_coord_data
                0x080089f8       0x1e .pio\build\DLC_LG0\src\grbl\settings.o
                0x080089f8                settings_write_coord_data
 *fill*         0x08008a16        0x2 
 .text.write_global_settings
                0x08008a18       0x1c .pio\build\DLC_LG0\src\grbl\settings.o
                0x08008a18                write_global_settings
 .text.settings_restore
                0x08008a34      0x104 .pio\build\DLC_LG0\src\grbl\settings.o
                0x08008a34                settings_restore
 .text.settings_read_startup_line
                0x08008b38       0x2e .pio\build\DLC_LG0\src\grbl\settings.o
                0x08008b38                settings_read_startup_line
 *fill*         0x08008b66        0x2 
 .text.settings_read_build_info
                0x08008b68       0x24 .pio\build\DLC_LG0\src\grbl\settings.o
                0x08008b68                settings_read_build_info
 .text.settings_read_coord_data
                0x08008b8c       0x36 .pio\build\DLC_LG0\src\grbl\settings.o
                0x08008b8c                settings_read_coord_data
 *fill*         0x08008bc2        0x2 
 .text.read_global_settings
                0x08008bc4       0x28 .pio\build\DLC_LG0\src\grbl\settings.o
                0x08008bc4                read_global_settings
 .text.settings_store_global_setting
                0x08008bec      0x1e8 .pio\build\DLC_LG0\src\grbl\settings.o
                0x08008bec                settings_store_global_setting
 .text.settings_init
                0x08008dd4       0x1c .pio\build\DLC_LG0\src\grbl\settings.o
                0x08008dd4                settings_init
 .text.get_step_pin_mask
                0x08008df0        0x8 .pio\build\DLC_LG0\src\grbl\settings.o
                0x08008df0                get_step_pin_mask
 .text.get_direction_pin_mask
                0x08008df8        0x8 .pio\build\DLC_LG0\src\grbl\settings.o
                0x08008df8                get_direction_pin_mask
 .text.get_limit_pin_mask
                0x08008e00        0x8 .pio\build\DLC_LG0\src\grbl\settings.o
                0x08008e00                get_limit_pin_mask
 .text.spindle_init
                0x08008e08        0x2 .pio\build\DLC_LG0\src\grbl\spindle_control.o
                0x08008e08                spindle_init
 .text.spindle_get_state
                0x08008e0a        0x4 .pio\build\DLC_LG0\src\grbl\spindle_control.o
                0x08008e0a                spindle_get_state
 .text.spindle_stop
                0x08008e0e        0x2 .pio\build\DLC_LG0\src\grbl\spindle_control.o
                0x08008e0e                spindle_stop
 .text.spindle_set_speed
                0x08008e10        0x2 .pio\build\DLC_LG0\src\grbl\spindle_control.o
                0x08008e10                spindle_set_speed
 .text.spindle_compute_pwm_value
                0x08008e12        0x4 .pio\build\DLC_LG0\src\grbl\spindle_control.o
                0x08008e12                spindle_compute_pwm_value
 *fill*         0x08008e16        0x2 
 .text.spindle_set_state
                0x08008e18       0x10 .pio\build\DLC_LG0\src\grbl\spindle_control.o
                0x08008e18                spindle_set_state
 .text.spindle_sync
                0x08008e28       0x20 .pio\build\DLC_LG0\src\grbl\spindle_control.o
                0x08008e28                spindle_sync
 .text.st_wake_up
                0x08008e48       0x74 .pio\build\DLC_LG0\src\grbl\stepper.o
                0x08008e48                st_wake_up
 .text.st_go_idle
                0x08008ebc       0x64 .pio\build\DLC_LG0\src\grbl\stepper.o
                0x08008ebc                st_go_idle
 .text.set_timer_irq_handler
                0x08008f20      0x1d0 .pio\build\DLC_LG0\src\grbl\stepper.o
                0x08008f20                set_timer_irq_handler
 .text.reset_timer_irq_handler
                0x080090f0       0x14 .pio\build\DLC_LG0\src\grbl\stepper.o
                0x080090f0                reset_timer_irq_handler
 .text.st_generate_step_dir_invert_masks
                0x08009104       0x58 .pio\build\DLC_LG0\src\grbl\stepper.o
                0x08009104                st_generate_step_dir_invert_masks
 .text.st_reset
                0x0800915c       0x60 .pio\build\DLC_LG0\src\grbl\stepper.o
                0x0800915c                st_reset
 .text.stepper_init
                0x080091bc       0x10 .pio\build\DLC_LG0\src\grbl\stepper.o
                0x080091bc                stepper_init
 .text.st_update_plan_block_parameters
                0x080091cc       0x2c .pio\build\DLC_LG0\src\grbl\stepper.o
                0x080091cc                st_update_plan_block_parameters
 .text.st_prep_buffer
                0x080091f8      0x89c .pio\build\DLC_LG0\src\grbl\stepper.o
                0x080091f8                st_prep_buffer
 .text.st_get_realtime_rate
                0x08009a94       0x1c .pio\build\DLC_LG0\src\grbl\stepper.o
                0x08009a94                st_get_realtime_rate
 .text.system_init
                0x08009ab0        0x2 .pio\build\DLC_LG0\src\grbl\system.o
                0x08009ab0                system_init
 .text.system_control_get_state
                0x08009ab2        0x4 .pio\build\DLC_LG0\src\grbl\system.o
                0x08009ab2                system_control_get_state
 .text.system_check_safety_door_ajar
                0x08009ab6        0x4 .pio\build\DLC_LG0\src\grbl\system.o
                0x08009ab6                system_check_safety_door_ajar
 .text.system_execute_startup
                0x08009aba       0x38 .pio\build\DLC_LG0\src\grbl\system.o
                0x08009aba                system_execute_startup
 *fill*         0x08009af2        0x2 
 .text.system_flag_wco_change
                0x08009af4       0x14 .pio\build\DLC_LG0\src\grbl\system.o
                0x08009af4                system_flag_wco_change
 .text.system_convert_axis_steps_to_mpos
                0x08009b08       0x18 .pio\build\DLC_LG0\src\grbl\system.o
                0x08009b08                system_convert_axis_steps_to_mpos
 .text.system_convert_array_steps_to_mpos
                0x08009b20       0x1c .pio\build\DLC_LG0\src\grbl\system.o
                0x08009b20                system_convert_array_steps_to_mpos
 .text.system_check_travel_limits
                0x08009b3c       0x34 .pio\build\DLC_LG0\src\grbl\system.o
                0x08009b3c                system_check_travel_limits
 .text.system_set_exec_state_flag
                0x08009b70       0x14 .pio\build\DLC_LG0\src\grbl\system.o
                0x08009b70                system_set_exec_state_flag
 .text.system_execute_line
                0x08009b84      0x2cc .pio\build\DLC_LG0\src\grbl\system.o
                0x08009b84                system_execute_line
 .text.system_clear_exec_state_flag
                0x08009e50       0x14 .pio\build\DLC_LG0\src\grbl\system.o
                0x08009e50                system_clear_exec_state_flag
 .text.system_set_exec_alarm
                0x08009e64       0x14 .pio\build\DLC_LG0\src\grbl\system.o
                0x08009e64                system_set_exec_alarm
 .text.system_clear_exec_alarm
                0x08009e78       0x10 .pio\build\DLC_LG0\src\grbl\system.o
                0x08009e78                system_clear_exec_alarm
 .text.system_set_exec_motion_override_flag
                0x08009e88       0x14 .pio\build\DLC_LG0\src\grbl\system.o
                0x08009e88                system_set_exec_motion_override_flag
 .text.system_set_exec_accessory_override_flag
                0x08009e9c       0x14 .pio\build\DLC_LG0\src\grbl\system.o
                0x08009e9c                system_set_exec_accessory_override_flag
 .text.system_clear_exec_motion_overrides
                0x08009eb0       0x10 .pio\build\DLC_LG0\src\grbl\system.o
                0x08009eb0                system_clear_exec_motion_overrides
 .text.system_clear_exec_accessory_overrides
                0x08009ec0       0x10 .pio\build\DLC_LG0\src\grbl\system.o
                0x08009ec0                system_clear_exec_accessory_overrides
 .text.led_task
                0x08009ed0       0x12 .pio\build\DLC_LG0\src\main.o
                0x08009ed0                led_task
 *fill*         0x08009ee2        0x2 
 .text.enter_grbl_task
                0x08009ee4       0xc4 .pio\build\DLC_LG0\src\main.o
                0x08009ee4                enter_grbl_task
 .text.startup.main
                0x08009fa8       0x6c .pio\build\DLC_LG0\src\main.o
                0x08009fa8                main
 .text.SysTick_Handler
                0x0800a014       0x14 .pio\build\DLC_LG0\src\main.o
                0x0800a014                SysTick_Handler
 .text._delay_ms
                0x0800a028       0x20 .pio\build\DLC_LG0\src\main.o
                0x0800a028                _delay_ms
 .text.osKernelStart
                0x0800a048        0xa .pio\build\DLC_LG0\libd39\libstm32-platformio-freertos.a(cmsis_os.o)
                0x0800a048                osKernelStart
 *fill*         0x0800a052        0x2 
 .text.prvTaskExitError
                0x0800a054       0x24 .pio\build\DLC_LG0\libd39\libstm32-platformio-freertos.a(port.o)
 *fill*         0x0800a078        0x8 
 .text.vPortStartFirstTask
                0x0800a080       0x34 .pio\build\DLC_LG0\libd39\libstm32-platformio-freertos.a(port.o)
 .text.pxPortInitialiseStack
                0x0800a0b4       0x20 .pio\build\DLC_LG0\libd39\libstm32-platformio-freertos.a(port.o)
                0x0800a0b4                pxPortInitialiseStack
 .text.SVC_Handler
                0x0800a0d4        0x2 .pio\build\DLC_LG0\libd39\libstm32-platformio-freertos.a(port.o)
                0x0800a0d4                SVC_Handler
 *fill*         0x0800a0d6        0x2 
 .text.vPortYield
                0x0800a0d8       0x18 .pio\build\DLC_LG0\libd39\libstm32-platformio-freertos.a(port.o)
                0x0800a0d8                vPortYield
 .text.vPortEnterCritical
                0x0800a0f0       0x18 .pio\build\DLC_LG0\libd39\libstm32-platformio-freertos.a(port.o)
                0x0800a0f0                vPortEnterCritical
 .text.vPortExitCritical
                0x0800a108       0x1c .pio\build\DLC_LG0\libd39\libstm32-platformio-freertos.a(port.o)
                0x0800a108                vPortExitCritical
 .text.ulSetInterruptMaskFromISR
                0x0800a124        0x8 .pio\build\DLC_LG0\libd39\libstm32-platformio-freertos.a(port.o)
                0x0800a124                ulSetInterruptMaskFromISR
 .text.vClearInterruptMaskFromISR
                0x0800a12c        0x6 .pio\build\DLC_LG0\libd39\libstm32-platformio-freertos.a(port.o)
                0x0800a12c                vClearInterruptMaskFromISR
 *fill*         0x0800a132        0xe 
 .text.PendSV_Handler
                0x0800a140       0x44 .pio\build\DLC_LG0\libd39\libstm32-platformio-freertos.a(port.o)
                0x0800a140                PendSV_Handler
 .text.xPortSysTickHandler
                0x0800a184       0x24 .pio\build\DLC_LG0\libd39\libstm32-platformio-freertos.a(port.o)
                0x0800a184                xPortSysTickHandler
 .text.vPortSetupTimerInterrupt
                0x0800a1a8       0x34 .pio\build\DLC_LG0\libd39\libstm32-platformio-freertos.a(port.o)
                0x0800a1a8                vPortSetupTimerInterrupt
 .text.xPortStartScheduler
                0x0800a1dc       0x3c .pio\build\DLC_LG0\libd39\libstm32-platformio-freertos.a(port.o)
                0x0800a1dc                xPortStartScheduler
 .text.pvPortMalloc
                0x0800a218       0x54 .pio\build\DLC_LG0\libd39\libstm32-platformio-freertos.a(heap_1.o)
                0x0800a218                pvPortMalloc
 .text.vPortFree
                0x0800a26c        0xa .pio\build\DLC_LG0\libd39\libstm32-platformio-freertos.a(heap_1.o)
                0x0800a26c                vPortFree
 *fill*         0x0800a276        0x2 
 .text.prvResetNextTaskUnblockTime
                0x0800a278       0x28 .pio\build\DLC_LG0\libd39\libstm32-platformio-freertos.a(tasks.o)
 .text.prvAddCurrentTaskToDelayedList
                0x0800a2a0       0x70 .pio\build\DLC_LG0\libd39\libstm32-platformio-freertos.a(tasks.o)
 .text.prvIdleTask
                0x0800a310       0x58 .pio\build\DLC_LG0\libd39\libstm32-platformio-freertos.a(tasks.o)
 .text.xTaskCreate
                0x0800a368      0x194 .pio\build\DLC_LG0\libd39\libstm32-platformio-freertos.a(tasks.o)
                0x0800a368                xTaskCreate
 .text.vTaskStartScheduler
                0x0800a4fc       0x54 .pio\build\DLC_LG0\libd39\libstm32-platformio-freertos.a(tasks.o)
                0x0800a4fc                vTaskStartScheduler
 .text.vTaskSuspendAll
                0x0800a550       0x10 .pio\build\DLC_LG0\libd39\libstm32-platformio-freertos.a(tasks.o)
                0x0800a550                vTaskSuspendAll
 .text.xTaskIncrementTick
                0x0800a560       0xfc .pio\build\DLC_LG0\libd39\libstm32-platformio-freertos.a(tasks.o)
                0x0800a560                xTaskIncrementTick
 .text.xTaskResumeAll
                0x0800a65c       0xd0 .pio\build\DLC_LG0\libd39\libstm32-platformio-freertos.a(tasks.o)
                0x0800a65c                xTaskResumeAll
 .text.vTaskDelay
                0x0800a72c       0x34 .pio\build\DLC_LG0\libd39\libstm32-platformio-freertos.a(tasks.o)
                0x0800a72c                vTaskDelay
 .text.vTaskSwitchContext
                0x0800a760       0x6c .pio\build\DLC_LG0\libd39\libstm32-platformio-freertos.a(tasks.o)
                0x0800a760                vTaskSwitchContext
 .text.xTaskGetSchedulerState
                0x0800a7cc       0x20 .pio\build\DLC_LG0\libd39\libstm32-platformio-freertos.a(tasks.o)
                0x0800a7cc                xTaskGetSchedulerState
 .text.vListInitialise
                0x0800a7ec       0x16 .pio\build\DLC_LG0\libd39\libstm32-platformio-freertos.a(list.o)
                0x0800a7ec                vListInitialise
 .text.vListInitialiseItem
                0x0800a802        0x6 .pio\build\DLC_LG0\libd39\libstm32-platformio-freertos.a(list.o)
                0x0800a802                vListInitialiseItem
 .text.vListInsertEnd
                0x0800a808       0x18 .pio\build\DLC_LG0\libd39\libstm32-platformio-freertos.a(list.o)
                0x0800a808                vListInsertEnd
 .text.vListInsert
                0x0800a820       0x2e .pio\build\DLC_LG0\libd39\libstm32-platformio-freertos.a(list.o)
                0x0800a820                vListInsert
 .text.uxListRemove
                0x0800a84e       0x22 .pio\build\DLC_LG0\libd39\libstm32-platformio-freertos.a(list.o)
                0x0800a84e                uxListRemove
 .text.__libc_init_array
                0x0800a870       0x48 c:/users/administrator/.platformio/packages/toolchain-gccarmnoneeabi@1.70201.0/bin/../lib/gcc/arm-none-eabi/7.2.1/../../../../arm-none-eabi/lib/thumb/v6-m\libc_nano.a(lib_a-init.o)
                0x0800a870                __libc_init_array
 .text.memcmp   0x0800a8b8       0x1e c:/users/administrator/.platformio/packages/toolchain-gccarmnoneeabi@1.70201.0/bin/../lib/gcc/arm-none-eabi/7.2.1/../../../../arm-none-eabi/lib/thumb/v6-m\libc_nano.a(lib_a-memcmp.o)
                0x0800a8b8                memcmp
 .text.memcpy   0x0800a8d6       0x12 c:/users/administrator/.platformio/packages/toolchain-gccarmnoneeabi@1.70201.0/bin/../lib/gcc/arm-none-eabi/7.2.1/../../../../arm-none-eabi/lib/thumb/v6-m\libc_nano.a(lib_a-memcpy-stub.o)
                0x0800a8d6                memcpy
 .text.memset   0x0800a8e8       0x10 c:/users/administrator/.platformio/packages/toolchain-gccarmnoneeabi@1.70201.0/bin/../lib/gcc/arm-none-eabi/7.2.1/../../../../arm-none-eabi/lib/thumb/v6-m\libc_nano.a(lib_a-memset.o)
                0x0800a8e8                memset
 .text.printf   0x0800a8f8       0x34 c:/users/administrator/.platformio/packages/toolchain-gccarmnoneeabi@1.70201.0/bin/../lib/gcc/arm-none-eabi/7.2.1/../../../../arm-none-eabi/lib/thumb/v6-m\libc_nano.a(lib_a-printf.o)
                0x0800a8f8                iprintf
                0x0800a8f8                printf
 .text._puts_r  0x0800a92c       0xc0 c:/users/administrator/.platformio/packages/toolchain-gccarmnoneeabi@1.70201.0/bin/../lib/gcc/arm-none-eabi/7.2.1/../../../../arm-none-eabi/lib/thumb/v6-m\libc_nano.a(lib_a-puts.o)
                0x0800a92c                _puts_r
 .text.puts     0x0800a9ec       0x14 c:/users/administrator/.platformio/packages/toolchain-gccarmnoneeabi@1.70201.0/bin/../lib/gcc/arm-none-eabi/7.2.1/../../../../arm-none-eabi/lib/thumb/v6-m\libc_nano.a(lib_a-puts.o)
                0x0800a9ec                puts
 .text.__swbuf_r
                0x0800aa00       0xac c:/users/administrator/.platformio/packages/toolchain-gccarmnoneeabi@1.70201.0/bin/../lib/gcc/arm-none-eabi/7.2.1/../../../../arm-none-eabi/lib/thumb/v6-m\libc_nano.a(lib_a-wbuf.o)
                0x0800aa00                __swbuf_r
 .text.__swsetup_r
                0x0800aaac       0xec c:/users/administrator/.platformio/packages/toolchain-gccarmnoneeabi@1.70201.0/bin/../lib/gcc/arm-none-eabi/7.2.1/../../../../arm-none-eabi/lib/thumb/v6-m\libc_nano.a(lib_a-wsetup.o)
                0x0800aaac                __swsetup_r
 .text.__sflush_r
                0x0800ab98      0x114 c:/users/administrator/.platformio/packages/toolchain-gccarmnoneeabi@1.70201.0/bin/../lib/gcc/arm-none-eabi/7.2.1/../../../../arm-none-eabi/lib/thumb/v6-m\libc_nano.a(lib_a-fflush.o)
                0x0800ab98                __sflush_r
 .text._fflush_r
                0x0800acac       0x58 c:/users/administrator/.platformio/packages/toolchain-gccarmnoneeabi@1.70201.0/bin/../lib/gcc/arm-none-eabi/7.2.1/../../../../arm-none-eabi/lib/thumb/v6-m\libc_nano.a(lib_a-fflush.o)
                0x0800acac                _fflush_r
 .text.std      0x0800ad04       0x48 c:/users/administrator/.platformio/packages/toolchain-gccarmnoneeabi@1.70201.0/bin/../lib/gcc/arm-none-eabi/7.2.1/../../../../arm-none-eabi/lib/thumb/v6-m\libc_nano.a(lib_a-findfp.o)
 .text._cleanup_r
                0x0800ad4c       0x10 c:/users/administrator/.platformio/packages/toolchain-gccarmnoneeabi@1.70201.0/bin/../lib/gcc/arm-none-eabi/7.2.1/../../../../arm-none-eabi/lib/thumb/v6-m\libc_nano.a(lib_a-findfp.o)
                0x0800ad4c                _cleanup_r
 .text.__sfmoreglue
                0x0800ad5c       0x2c c:/users/administrator/.platformio/packages/toolchain-gccarmnoneeabi@1.70201.0/bin/../lib/gcc/arm-none-eabi/7.2.1/../../../../arm-none-eabi/lib/thumb/v6-m\libc_nano.a(lib_a-findfp.o)
                0x0800ad5c                __sfmoreglue
 .text.__sinit  0x0800ad88       0x68 c:/users/administrator/.platformio/packages/toolchain-gccarmnoneeabi@1.70201.0/bin/../lib/gcc/arm-none-eabi/7.2.1/../../../../arm-none-eabi/lib/thumb/v6-m\libc_nano.a(lib_a-findfp.o)
                0x0800ad88                __sinit
 .text.__sfp    0x0800adf0       0x7c c:/users/administrator/.platformio/packages/toolchain-gccarmnoneeabi@1.70201.0/bin/../lib/gcc/arm-none-eabi/7.2.1/../../../../arm-none-eabi/lib/thumb/v6-m\libc_nano.a(lib_a-findfp.o)
                0x0800adf0                __sfp
 .text._fwalk_reent
                0x0800ae6c       0x42 c:/users/administrator/.platformio/packages/toolchain-gccarmnoneeabi@1.70201.0/bin/../lib/gcc/arm-none-eabi/7.2.1/../../../../arm-none-eabi/lib/thumb/v6-m\libc_nano.a(lib_a-fwalk.o)
                0x0800ae6c                _fwalk_reent
 *fill*         0x0800aeae        0x2 
 .text.__swhatbuf_r
                0x0800aeb0       0x50 c:/users/administrator/.platformio/packages/toolchain-gccarmnoneeabi@1.70201.0/bin/../lib/gcc/arm-none-eabi/7.2.1/../../../../arm-none-eabi/lib/thumb/v6-m\libc_nano.a(lib_a-makebuf.o)
                0x0800aeb0                __swhatbuf_r
 .text.__smakebuf_r
                0x0800af00       0x88 c:/users/administrator/.platformio/packages/toolchain-gccarmnoneeabi@1.70201.0/bin/../lib/gcc/arm-none-eabi/7.2.1/../../../../arm-none-eabi/lib/thumb/v6-m\libc_nano.a(lib_a-makebuf.o)
                0x0800af00                __smakebuf_r
 .text._free_r  0x0800af88       0x94 c:/users/administrator/.platformio/packages/toolchain-gccarmnoneeabi@1.70201.0/bin/../lib/gcc/arm-none-eabi/7.2.1/../../../../arm-none-eabi/lib/thumb/v6-m\libc_nano.a(lib_a-nano-freer.o)
                0x0800af88                _free_r
 .text._malloc_r
                0x0800b01c       0xbc c:/users/administrator/.platformio/packages/toolchain-gccarmnoneeabi@1.70201.0/bin/../lib/gcc/arm-none-eabi/7.2.1/../../../../arm-none-eabi/lib/thumb/v6-m\libc_nano.a(lib_a-nano-mallocr.o)
                0x0800b01c                _malloc_r
 .text.__sfputc_r
                0x0800b0d8       0x2a c:/users/administrator/.platformio/packages/toolchain-gccarmnoneeabi@1.70201.0/bin/../lib/gcc/arm-none-eabi/7.2.1/../../../../arm-none-eabi/lib/thumb/v6-m\libc_nano.a(lib_a-nano-vfprintf.o)
 .text.__sfputs_r
                0x0800b102       0x24 c:/users/administrator/.platformio/packages/toolchain-gccarmnoneeabi@1.70201.0/bin/../lib/gcc/arm-none-eabi/7.2.1/../../../../arm-none-eabi/lib/thumb/v6-m\libc_nano.a(lib_a-nano-vfprintf.o)
                0x0800b102                __sfputs_r
 *fill*         0x0800b126        0x2 
 .text._vfprintf_r
                0x0800b128      0x22c c:/users/administrator/.platformio/packages/toolchain-gccarmnoneeabi@1.70201.0/bin/../lib/gcc/arm-none-eabi/7.2.1/../../../../arm-none-eabi/lib/thumb/v6-m\libc_nano.a(lib_a-nano-vfprintf.o)
                0x0800b128                _vfprintf_r
                0x0800b128                _vfiprintf_r
 .text._printf_common
                0x0800b354       0xda c:/users/administrator/.platformio/packages/toolchain-gccarmnoneeabi@1.70201.0/bin/../lib/gcc/arm-none-eabi/7.2.1/../../../../arm-none-eabi/lib/thumb/v6-m\libc_nano.a(lib_a-nano-vfprintf_i.o)
                0x0800b354                _printf_common
 *fill*         0x0800b42e        0x2 
 .text._printf_i
                0x0800b430      0x210 c:/users/administrator/.platformio/packages/toolchain-gccarmnoneeabi@1.70201.0/bin/../lib/gcc/arm-none-eabi/7.2.1/../../../../arm-none-eabi/lib/thumb/v6-m\libc_nano.a(lib_a-nano-vfprintf_i.o)
                0x0800b430                _printf_i
 .text._sbrk_r  0x0800b640       0x24 c:/users/administrator/.platformio/packages/toolchain-gccarmnoneeabi@1.70201.0/bin/../lib/gcc/arm-none-eabi/7.2.1/../../../../arm-none-eabi/lib/thumb/v6-m\libc_nano.a(lib_a-sbrkr.o)
                0x0800b640                _sbrk_r
 .text.__sread  0x0800b664       0x28 c:/users/administrator/.platformio/packages/toolchain-gccarmnoneeabi@1.70201.0/bin/../lib/gcc/arm-none-eabi/7.2.1/../../../../arm-none-eabi/lib/thumb/v6-m\libc_nano.a(lib_a-stdio.o)
                0x0800b664                __sread
 .text.__swrite
                0x0800b68c       0x38 c:/users/administrator/.platformio/packages/toolchain-gccarmnoneeabi@1.70201.0/bin/../lib/gcc/arm-none-eabi/7.2.1/../../../../arm-none-eabi/lib/thumb/v6-m\libc_nano.a(lib_a-stdio.o)
                0x0800b68c                __swrite
 .text.__sseek  0x0800b6c4       0x2c c:/users/administrator/.platformio/packages/toolchain-gccarmnoneeabi@1.70201.0/bin/../lib/gcc/arm-none-eabi/7.2.1/../../../../arm-none-eabi/lib/thumb/v6-m\libc_nano.a(lib_a-stdio.o)
                0x0800b6c4                __sseek
 .text.__sclose
                0x0800b6f0        0xc c:/users/administrator/.platformio/packages/toolchain-gccarmnoneeabi@1.70201.0/bin/../lib/gcc/arm-none-eabi/7.2.1/../../../../arm-none-eabi/lib/thumb/v6-m\libc_nano.a(lib_a-stdio.o)
                0x0800b6f0                __sclose
 .text._write_r
                0x0800b6fc       0x28 c:/users/administrator/.platformio/packages/toolchain-gccarmnoneeabi@1.70201.0/bin/../lib/gcc/arm-none-eabi/7.2.1/../../../../arm-none-eabi/lib/thumb/v6-m\libc_nano.a(lib_a-writer.o)
                0x0800b6fc                _write_r
 .text._close_r
                0x0800b724       0x24 c:/users/administrator/.platformio/packages/toolchain-gccarmnoneeabi@1.70201.0/bin/../lib/gcc/arm-none-eabi/7.2.1/../../../../arm-none-eabi/lib/thumb/v6-m\libc_nano.a(lib_a-closer.o)
                0x0800b724                _close_r
 .text._fstat_r
                0x0800b748       0x24 c:/users/administrator/.platformio/packages/toolchain-gccarmnoneeabi@1.70201.0/bin/../lib/gcc/arm-none-eabi/7.2.1/../../../../arm-none-eabi/lib/thumb/v6-m\libc_nano.a(lib_a-fstatr.o)
                0x0800b748                _fstat_r
 .text._isatty_r
                0x0800b76c       0x24 c:/users/administrator/.platformio/packages/toolchain-gccarmnoneeabi@1.70201.0/bin/../lib/gcc/arm-none-eabi/7.2.1/../../../../arm-none-eabi/lib/thumb/v6-m\libc_nano.a(lib_a-isattyr.o)
                0x0800b76c                _isatty_r
 .text._lseek_r
                0x0800b790       0x28 c:/users/administrator/.platformio/packages/toolchain-gccarmnoneeabi@1.70201.0/bin/../lib/gcc/arm-none-eabi/7.2.1/../../../../arm-none-eabi/lib/thumb/v6-m\libc_nano.a(lib_a-lseekr.o)
                0x0800b790                _lseek_r
 .text.memchr   0x0800b7b8       0x16 c:/users/administrator/.platformio/packages/toolchain-gccarmnoneeabi@1.70201.0/bin/../lib/gcc/arm-none-eabi/7.2.1/../../../../arm-none-eabi/lib/thumb/v6-m\libc_nano.a(lib_a-memchr-stub.o)
                0x0800b7b8                memchr
 .text.__malloc_lock
                0x0800b7ce        0x2 c:/users/administrator/.platformio/packages/toolchain-gccarmnoneeabi@1.70201.0/bin/../lib/gcc/arm-none-eabi/7.2.1/../../../../arm-none-eabi/lib/thumb/v6-m\libc_nano.a(lib_a-mlock.o)
                0x0800b7ce                __malloc_lock
 .text.__malloc_unlock
                0x0800b7d0        0x2 c:/users/administrator/.platformio/packages/toolchain-gccarmnoneeabi@1.70201.0/bin/../lib/gcc/arm-none-eabi/7.2.1/../../../../arm-none-eabi/lib/thumb/v6-m\libc_nano.a(lib_a-mlock.o)
                0x0800b7d0                __malloc_unlock
 *fill*         0x0800b7d2        0x2 
 .text._read_r  0x0800b7d4       0x28 c:/users/administrator/.platformio/packages/toolchain-gccarmnoneeabi@1.70201.0/bin/../lib/gcc/arm-none-eabi/7.2.1/../../../../arm-none-eabi/lib/thumb/v6-m\libc_nano.a(lib_a-readr.o)
                0x0800b7d4                _read_r
 .text.ceil     0x0800b7fc      0x128 c:/users/administrator/.platformio/packages/toolchain-gccarmnoneeabi@1.70201.0/bin/../lib/gcc/arm-none-eabi/7.2.1/../../../../arm-none-eabi/lib/thumb/v6-m\libm.a(lib_a-s_ceil.o)
                0x0800b7fc                ceil
 .text.cos      0x0800b924       0x8c c:/users/administrator/.platformio/packages/toolchain-gccarmnoneeabi@1.70201.0/bin/../lib/gcc/arm-none-eabi/7.2.1/../../../../arm-none-eabi/lib/thumb/v6-m\libm.a(lib_a-s_cos.o)
                0x0800b924                cos
 .text.floor    0x0800b9b0      0x138 c:/users/administrator/.platformio/packages/toolchain-gccarmnoneeabi@1.70201.0/bin/../lib/gcc/arm-none-eabi/7.2.1/../../../../arm-none-eabi/lib/thumb/v6-m\libm.a(lib_a-s_floor.o)
                0x0800b9b0                floor
 .text.lround   0x0800bae8       0xa4 c:/users/administrator/.platformio/packages/toolchain-gccarmnoneeabi@1.70201.0/bin/../lib/gcc/arm-none-eabi/7.2.1/../../../../arm-none-eabi/lib/thumb/v6-m\libm.a(lib_a-s_lround.o)
                0x0800bae8                lround
 .text.round    0x0800bb8c       0xb0 c:/users/administrator/.platformio/packages/toolchain-gccarmnoneeabi@1.70201.0/bin/../lib/gcc/arm-none-eabi/7.2.1/../../../../arm-none-eabi/lib/thumb/v6-m\libm.a(lib_a-s_round.o)
                0x0800bb8c                round
 .text.sin      0x0800bc3c       0x90 c:/users/administrator/.platformio/packages/toolchain-gccarmnoneeabi@1.70201.0/bin/../lib/gcc/arm-none-eabi/7.2.1/../../../../arm-none-eabi/lib/thumb/v6-m\libm.a(lib_a-s_sin.o)
                0x0800bc3c                sin
 .text.trunc    0x0800bccc       0x5c c:/users/administrator/.platformio/packages/toolchain-gccarmnoneeabi@1.70201.0/bin/../lib/gcc/arm-none-eabi/7.2.1/../../../../arm-none-eabi/lib/thumb/v6-m\libm.a(lib_a-s_trunc.o)
                0x0800bccc                trunc
 .text.ceilf    0x0800bd28       0x94 c:/users/administrator/.platformio/packages/toolchain-gccarmnoneeabi@1.70201.0/bin/../lib/gcc/arm-none-eabi/7.2.1/../../../../arm-none-eabi/lib/thumb/v6-m\libm.a(lib_a-sf_ceil.o)
                0x0800bd28                ceilf
 .text.atan2    0x0800bdbc        0x8 c:/users/administrator/.platformio/packages/toolchain-gccarmnoneeabi@1.70201.0/bin/../lib/gcc/arm-none-eabi/7.2.1/../../../../arm-none-eabi/lib/thumb/v6-m\libm.a(lib_a-w_atan2.o)
                0x0800bdbc                atan2
 .text.sqrt     0x0800bdc4       0xc0 c:/users/administrator/.platformio/packages/toolchain-gccarmnoneeabi@1.70201.0/bin/../lib/gcc/arm-none-eabi/7.2.1/../../../../arm-none-eabi/lib/thumb/v6-m\libm.a(lib_a-w_sqrt.o)
                0x0800bdc4                sqrt
 .text.__ieee754_atan2
                0x0800be84      0x178 c:/users/administrator/.platformio/packages/toolchain-gccarmnoneeabi@1.70201.0/bin/../lib/gcc/arm-none-eabi/7.2.1/../../../../arm-none-eabi/lib/thumb/v6-m\libm.a(lib_a-e_atan2.o)
                0x0800be84                __ieee754_atan2
 .text.__ieee754_rem_pio2
                0x0800bffc      0x420 c:/users/administrator/.platformio/packages/toolchain-gccarmnoneeabi@1.70201.0/bin/../lib/gcc/arm-none-eabi/7.2.1/../../../../arm-none-eabi/lib/thumb/v6-m\libm.a(lib_a-e_rem_pio2.o)
                0x0800bffc                __ieee754_rem_pio2
 .text.__ieee754_sqrt
                0x0800c41c      0x1b0 c:/users/administrator/.platformio/packages/toolchain-gccarmnoneeabi@1.70201.0/bin/../lib/gcc/arm-none-eabi/7.2.1/../../../../arm-none-eabi/lib/thumb/v6-m\libm.a(lib_a-e_sqrt.o)
                0x0800c41c                __ieee754_sqrt
 .text.__kernel_cos
                0x0800c5cc      0x234 c:/users/administrator/.platformio/packages/toolchain-gccarmnoneeabi@1.70201.0/bin/../lib/gcc/arm-none-eabi/7.2.1/../../../../arm-none-eabi/lib/thumb/v6-m\libm.a(lib_a-k_cos.o)
                0x0800c5cc                __kernel_cos
 .text.__kernel_rem_pio2
                0x0800c800      0x8c0 c:/users/administrator/.platformio/packages/toolchain-gccarmnoneeabi@1.70201.0/bin/../lib/gcc/arm-none-eabi/7.2.1/../../../../arm-none-eabi/lib/thumb/v6-m\libm.a(lib_a-k_rem_pio2.o)
                0x0800c800                __kernel_rem_pio2
 .text.__kernel_sin
                0x0800d0c0      0x164 c:/users/administrator/.platformio/packages/toolchain-gccarmnoneeabi@1.70201.0/bin/../lib/gcc/arm-none-eabi/7.2.1/../../../../arm-none-eabi/lib/thumb/v6-m\libm.a(lib_a-k_sin.o)
                0x0800d0c0                __kernel_sin
 .text.atan     0x0800d224      0x328 c:/users/administrator/.platformio/packages/toolchain-gccarmnoneeabi@1.70201.0/bin/../lib/gcc/arm-none-eabi/7.2.1/../../../../arm-none-eabi/lib/thumb/v6-m\libm.a(lib_a-s_atan.o)
                0x0800d224                atan
 .text.fabs     0x0800d54c        0x8 c:/users/administrator/.platformio/packages/toolchain-gccarmnoneeabi@1.70201.0/bin/../lib/gcc/arm-none-eabi/7.2.1/../../../../arm-none-eabi/lib/thumb/v6-m\libm.a(lib_a-s_fabs.o)
                0x0800d54c                fabs
 .text.matherr  0x0800d554        0x4 c:/users/administrator/.platformio/packages/toolchain-gccarmnoneeabi@1.70201.0/bin/../lib/gcc/arm-none-eabi/7.2.1/../../../../arm-none-eabi/lib/thumb/v6-m\libm.a(lib_a-s_matherr.o)
                0x0800d554                matherr
 .text.scalbn   0x0800d558       0xd0 c:/users/administrator/.platformio/packages/toolchain-gccarmnoneeabi@1.70201.0/bin/../lib/gcc/arm-none-eabi/7.2.1/../../../../arm-none-eabi/lib/thumb/v6-m\libm.a(lib_a-s_scalbn.o)
                0x0800d558                scalbn
 .text.copysign
                0x0800d628       0x10 c:/users/administrator/.platformio/packages/toolchain-gccarmnoneeabi@1.70201.0/bin/../lib/gcc/arm-none-eabi/7.2.1/../../../../arm-none-eabi/lib/thumb/v6-m\libm.a(lib_a-s_copysign.o)
                0x0800d628                copysign
 .text._close   0x0800d638       0x10 c:/users/administrator/.platformio/packages/toolchain-gccarmnoneeabi@1.70201.0/bin/../lib/gcc/arm-none-eabi/7.2.1/../../../../arm-none-eabi/lib/thumb/v6-m\libnosys.a(close.o)
                0x0800d638                _close
 .text._fstat   0x0800d648       0x10 c:/users/administrator/.platformio/packages/toolchain-gccarmnoneeabi@1.70201.0/bin/../lib/gcc/arm-none-eabi/7.2.1/../../../../arm-none-eabi/lib/thumb/v6-m\libnosys.a(fstat.o)
                0x0800d648                _fstat
 .text._isatty  0x0800d658       0x10 c:/users/administrator/.platformio/packages/toolchain-gccarmnoneeabi@1.70201.0/bin/../lib/gcc/arm-none-eabi/7.2.1/../../../../arm-none-eabi/lib/thumb/v6-m\libnosys.a(isatty.o)
                0x0800d658                _isatty
 .text._lseek   0x0800d668       0x10 c:/users/administrator/.platformio/packages/toolchain-gccarmnoneeabi@1.70201.0/bin/../lib/gcc/arm-none-eabi/7.2.1/../../../../arm-none-eabi/lib/thumb/v6-m\libnosys.a(lseek.o)
                0x0800d668                _lseek
 .text._read    0x0800d678       0x10 c:/users/administrator/.platformio/packages/toolchain-gccarmnoneeabi@1.70201.0/bin/../lib/gcc/arm-none-eabi/7.2.1/../../../../arm-none-eabi/lib/thumb/v6-m\libnosys.a(read.o)
                0x0800d678                _read
 .text._sbrk    0x0800d688       0x1c c:/users/administrator/.platformio/packages/toolchain-gccarmnoneeabi@1.70201.0/bin/../lib/gcc/arm-none-eabi/7.2.1/../../../../arm-none-eabi/lib/thumb/v6-m\libnosys.a(sbrk.o)
                0x0800d688                _sbrk
 .text.Reset_Handler
                0x0800d6a4       0x50 .pio\build\DLC_LG0\libFrameworkCMSISDevice.a(startup_stm32g0b0xx.o)
                0x0800d6a4                Reset_Handler
 .text.Default_Handler
                0x0800d6f4        0x2 .pio\build\DLC_LG0\libFrameworkCMSISDevice.a(startup_stm32g0b0xx.o)
                0x0800d6f4                I2C2_3_IRQHandler
                0x0800d6f4                TIM1_CC_IRQHandler
                0x0800d6f4                HardFault_Handler
                0x0800d6f4                NMI_Handler
                0x0800d6f4                I2C1_IRQHandler
                0x0800d6f4                DMA1_Ch4_7_DMA2_Ch1_5_DMAMUX1_OVR_IRQHandler
                0x0800d6f4                RTC_TAMP_IRQHandler
                0x0800d6f4                SPI1_IRQHandler
                0x0800d6f4                EXTI2_3_IRQHandler
                0x0800d6f4                ADC1_IRQHandler
                0x0800d6f4                TIM17_IRQHandler
                0x0800d6f4                TIM16_IRQHandler
                0x0800d6f4                EXTI4_15_IRQHandler
                0x0800d6f4                RCC_IRQHandler
                0x0800d6f4                DMA1_Channel1_IRQHandler
                0x0800d6f4                Default_Handler
                0x0800d6f4                TIM14_IRQHandler
                0x0800d6f4                TIM15_IRQHandler
                0x0800d6f4                TIM3_TIM4_IRQHandler
                0x0800d6f4                EXTI0_1_IRQHandler
                0x0800d6f4                USB_IRQHandler
                0x0800d6f4                SPI2_3_IRQHandler
                0x0800d6f4                WWDG_IRQHandler
                0x0800d6f4                DMA1_Channel2_3_IRQHandler
                0x0800d6f4                FLASH_IRQHandler
                0x0800d6f4                USART1_IRQHandler
                0x0800d6f4                TIM1_BRK_UP_TRG_COM_IRQHandler
                0x0800d6f4                USART3_4_5_6_IRQHandler
 .text.SystemInit
                0x0800d6f6        0x2 .pio\build\DLC_LG0\libFrameworkCMSISDevice.a(system_stm32g0xx.o)
                0x0800d6f6                SystemInit
 .text.__errno  0x0800d6f8        0xc c:/users/administrator/.platformio/packages/toolchain-gccarmnoneeabi@1.70201.0/bin/../lib/gcc/arm-none-eabi/7.2.1/../../../../arm-none-eabi/lib/thumb/v6-m\libc_nano.a(lib_a-errno.o)
                0x0800d6f8                __errno
 *(.glue_7)
 .glue_7        0x0800d704        0x0 linker stubs
 *(.glue_7t)
 .glue_7t       0x0800d704        0x0 linker stubs
 *(.eh_frame)
 .eh_frame      0x0800d704        0x0 c:/users/administrator/.platformio/packages/toolchain-gccarmnoneeabi@1.70201.0/bin/../lib/gcc/arm-none-eabi/7.2.1/thumb/v6-m/crtbegin.o
 *(.init)
 .init          0x0800d704        0x4 c:/users/administrator/.platformio/packages/toolchain-gccarmnoneeabi@1.70201.0/bin/../lib/gcc/arm-none-eabi/7.2.1/thumb/v6-m/crti.o
                0x0800d704                _init
 .init          0x0800d708        0x8 c:/users/administrator/.platformio/packages/toolchain-gccarmnoneeabi@1.70201.0/bin/../lib/gcc/arm-none-eabi/7.2.1/thumb/v6-m/crtn.o
 *(.fini)
 .fini          0x0800d710        0x4 c:/users/administrator/.platformio/packages/toolchain-gccarmnoneeabi@1.70201.0/bin/../lib/gcc/arm-none-eabi/7.2.1/thumb/v6-m/crti.o
                0x0800d710                _fini
 .fini          0x0800d714        0x8 c:/users/administrator/.platformio/packages/toolchain-gccarmnoneeabi@1.70201.0/bin/../lib/gcc/arm-none-eabi/7.2.1/thumb/v6-m/crtn.o
 *fill*         0x0800d71c        0x4 
 .fini.__stub   0x0800d720       0x10 linker stubs
                0x0800d730                . = ALIGN (0x4)
                0x0800d730                _etext = .

.vfp11_veneer   0x0800d730        0x0
 .vfp11_veneer  0x0800d730        0x0 linker stubs

.v4_bx          0x0800d730        0x0
 .v4_bx         0x0800d730        0x0 linker stubs

.iplt           0x0800d730        0x0
 .iplt          0x0800d730        0x0 c:/users/administrator/.platformio/packages/toolchain-gccarmnoneeabi@1.70201.0/bin/../lib/gcc/arm-none-eabi/7.2.1/thumb/v6-m/crtbegin.o

.rodata         0x0800d730      0x718
                0x0800d730                . = ALIGN (0x4)
 *(.rodata)
 .rodata        0x0800d730       0x80 c:/users/administrator/.platformio/packages/toolchain-gccarmnoneeabi@1.70201.0/bin/../lib/gcc/arm-none-eabi/7.2.1/thumb/v6-m\libgcc.a(divsf3.o)
 .rodata        0x0800d7b0       0x40 c:/users/administrator/.platformio/packages/toolchain-gccarmnoneeabi@1.70201.0/bin/../lib/gcc/arm-none-eabi/7.2.1/thumb/v6-m\libgcc.a(mulsf3.o)
 .rodata        0x0800d7f0       0x40 c:/users/administrator/.platformio/packages/toolchain-gccarmnoneeabi@1.70201.0/bin/../lib/gcc/arm-none-eabi/7.2.1/thumb/v6-m\libgcc.a(divdf3.o)
 .rodata        0x0800d830       0x40 c:/users/administrator/.platformio/packages/toolchain-gccarmnoneeabi@1.70201.0/bin/../lib/gcc/arm-none-eabi/7.2.1/thumb/v6-m\libgcc.a(muldf3.o)
 *(.rodata*)
 .rodata.CSWTCH.66
                0x0800d870        0x4 .pio\build\DLC_LG0\FrameworkHALDriver\Src\stm32g0xx_hal_uart.o
 .rodata.CSWTCH.67
                0x0800d874        0xd .pio\build\DLC_LG0\FrameworkHALDriver\Src\stm32g0xx_hal_uart.o
 *fill*         0x0800d881        0x1 
 .rodata.UARTPrescTable
                0x0800d882       0x18 .pio\build\DLC_LG0\FrameworkHALDriver\Src\stm32g0xx_hal_uart.o
                0x0800d882                UARTPrescTable
 .rodata.denominator.9756
                0x0800d89a        0x8 .pio\build\DLC_LG0\FrameworkHALDriver\Src\stm32g0xx_hal_uart_ex.o
 .rodata.numerator.9755
                0x0800d8a2        0x8 .pio\build\DLC_LG0\FrameworkHALDriver\Src\stm32g0xx_hal_uart_ex.o
 .rodata.grbl_report_mcu_info.str1.1
                0x0800d8aa       0xb0 .pio\build\DLC_LG0\src\bsp_hal\grbl_hal.o
 .rodata.protocol_exec_rt_system.cst1
                0x0800d95a        0x1 .pio\build\DLC_LG0\src\grbl\protocol.o
 .rodata.report_alarm_message.str1.1
                0x0800d95b        0x7 .pio\build\DLC_LG0\src\grbl\report.o
 .rodata.report_build_info.str1.1
                0x0800d962       0x1a .pio\build\DLC_LG0\src\grbl\report.o
 .rodata.report_feedback_message.str1.1
                0x0800d97c       0x9d .pio\build\DLC_LG0\src\grbl\report.o
 .rodata.report_gcode_modes.str1.1
                0x0800da19       0x19 .pio\build\DLC_LG0\src\grbl\report.o
 .rodata.report_grbl_help.str1.1
                0x0800da32       0x4a .pio\build\DLC_LG0\src\grbl\report.o
 .rodata.report_init_message.str1.1
                0x0800da7c       0x1d .pio\build\DLC_LG0\src\grbl\report.o
 .rodata.report_ngc_parameters.str1.1
                0x0800da99       0x15 .pio\build\DLC_LG0\src\grbl\report.o
 .rodata.report_probe_parameters.str1.1