Component: ARM Compiler 5.06 update 7 (build 960) Tool: armlink [4d3601]

==============================================================================

Section Cross References

    startup_stm32f429xx.o(RESET) refers to startup_stm32f429xx.o(STACK) for __initial_sp
    startup_stm32f429xx.o(RESET) refers to startup_stm32f429xx.o(.text) for Reset_Handler
    startup_stm32f429xx.o(RESET) refers to stm32f4xx_it.o(i.NMI_Handler) for NMI_Handler
    startup_stm32f429xx.o(RESET) refers to stm32f4xx_it.o(i.HardFault_Handler) for HardFault_Handler
    startup_stm32f429xx.o(RESET) refers to stm32f4xx_it.o(i.MemManage_Handler) for MemManage_Handler
    startup_stm32f429xx.o(RESET) refers to stm32f4xx_it.o(i.BusFault_Handler) for BusFault_Handler
    startup_stm32f429xx.o(RESET) refers to stm32f4xx_it.o(i.UsageFault_Handler) for UsageFault_Handler
    startup_stm32f429xx.o(RESET) refers to port.o(.emb_text) for SVC_Handler
    startup_stm32f429xx.o(RESET) refers to stm32f4xx_it.o(i.DebugMon_Handler) for DebugMon_Handler
    startup_stm32f429xx.o(RESET) refers to port.o(i.SysTick_Handler) for SysTick_Handler
    startup_stm32f429xx.o(RESET) refers to limits.o(i.EXTI0_IRQHandler) for EXTI0_IRQHandler
    startup_stm32f429xx.o(RESET) refers to hal_tim.o(i.TIM3_IRQHandler) for TIM3_IRQHandler
    startup_stm32f429xx.o(RESET) refers to hal_tim.o(i.TIM4_IRQHandler) for TIM4_IRQHandler
    startup_stm32f429xx.o(RESET) refers to serial.o(i.USART1_IRQHandler) for USART1_IRQHandler
    startup_stm32f429xx.o(RESET) refers to stm32f4xx_it.o(i.TIM6_DAC_IRQHandler) for TIM6_DAC_IRQHandler
    startup_stm32f429xx.o(.text) refers to system_stm32f4xx.o(i.SystemInit) for SystemInit
    startup_stm32f429xx.o(.text) refers to entry.o(.ARM.Collect$$$$00000000) for __main
    main.o(i.HAL_TIM_PeriodElapsedCallback) refers to stm32f4xx_hal.o(i.HAL_IncTick) for HAL_IncTick
    main.o(i.HAL_TIM_PeriodElapsedCallback) refers to stepper.o(i.reset_timer_irq_handler) for reset_timer_irq_handler
    main.o(i.HAL_TIM_PeriodElapsedCallback) refers to stepper.o(i.set_timer_irq_handler) for set_timer_irq_handler
    main.o(i.HAL_TIM_PeriodElapsedCallback) refers to hal_tim.o(.bss) for htim4
    main.o(i.SystemClock_Config) refers to memseta.o(.text) for __aeabi_memclr4
    main.o(i.SystemClock_Config) refers to stm32f4xx_hal_rcc.o(i.HAL_RCC_OscConfig) for HAL_RCC_OscConfig
    main.o(i.SystemClock_Config) refers to main.o(i.Error_Handler) for Error_Handler
    main.o(i.SystemClock_Config) refers to stm32f4xx_hal_pwr_ex.o(i.HAL_PWREx_EnableOverDrive) for HAL_PWREx_EnableOverDrive
    main.o(i.SystemClock_Config) refers to stm32f4xx_hal_rcc.o(i.HAL_RCC_ClockConfig) for HAL_RCC_ClockConfig
    main.o(i.main) refers to stm32f4xx_hal.o(i.HAL_Init) for HAL_Init
    main.o(i.main) refers to main.o(i.SystemClock_Config) for SystemClock_Config
    main.o(i.main) refers to gpio.o(i.MX_GPIO_Init) for MX_GPIO_Init
    main.o(i.main) refers to hal_gpio.o(i.hal_led_gpio_init) for hal_led_gpio_init
    main.o(i.main) refers to hal_gpio.o(i.hal_led_off) for hal_led_off
    main.o(i.main) refers to hal_uart.o(i.hal_uart_init) for hal_uart_init
    main.o(i.main) refers to hal_w25qxx.o(i.w25qxx_init) for w25qxx_init
    main.o(i.main) refers to stm32f4xx_hal.o(i.HAL_Delay) for HAL_Delay
    main.o(i.main) refers to ff.o(i.f_mount) for f_mount
    main.o(i.main) refers to printf5.o(i.__0printf$5) for __2printf
    main.o(i.main) refers to ff.o(i.f_mkfs) for f_mkfs
    main.o(i.main) refers to grbl_hal.o(i.grbl_report_mcu_info) for grbl_report_mcu_info
    main.o(i.main) refers to port.o(i.vPortEnterCritical) for vPortEnterCritical
    main.o(i.main) refers to led_task.o(i.led_task_creat) for led_task_creat
    main.o(i.main) refers to grbl_main.o(i.grbl_task_create) for grbl_task_create
    main.o(i.main) refers to port.o(i.vPortExitCritical) for vPortExitCritical
    main.o(i.main) refers to main.o(.bss) for fs
    main.o(i.main) refers to main.o(.data) for res_flash
    stm32f4xx_it.o(i.HardFault_Handler) refers to printf5.o(i.__0printf$5) for __2printf
    stm32f4xx_it.o(i.TIM6_DAC_IRQHandler) refers to stm32f4xx_hal_tim.o(i.HAL_TIM_IRQHandler) for HAL_TIM_IRQHandler
    stm32f4xx_it.o(i.TIM6_DAC_IRQHandler) refers to stm32f4xx_hal_timebase_tim.o(.bss) for htim6
    stm32f4xx_hal_timebase_tim.o(i.HAL_InitTick) refers to stm32f4xx_hal_cortex.o(i.HAL_NVIC_SetPriority) for HAL_NVIC_SetPriority
    stm32f4xx_hal_timebase_tim.o(i.HAL_InitTick) refers to stm32f4xx_hal_cortex.o(i.HAL_NVIC_EnableIRQ) for HAL_NVIC_EnableIRQ
    stm32f4xx_hal_timebase_tim.o(i.HAL_InitTick) refers to stm32f4xx_hal_rcc.o(i.HAL_RCC_GetClockConfig) for HAL_RCC_GetClockConfig
    stm32f4xx_hal_timebase_tim.o(i.HAL_InitTick) refers to stm32f4xx_hal_rcc.o(i.HAL_RCC_GetPCLK1Freq) for HAL_RCC_GetPCLK1Freq
    stm32f4xx_hal_timebase_tim.o(i.HAL_InitTick) refers to stm32f4xx_hal_tim.o(i.HAL_TIM_Base_Init) for HAL_TIM_Base_Init
[...]
    __scatterload_zeroinit                   0x08004071   Thumb Code    14  handlers.o(i.__scatterload_zeroinit)
    __set_errno                              0x08004081   Thumb Code     6  errno.o(i.__set_errno)
    _delay_ms                                0x0800408d   Thumb Code    12  grbl_main.o(i._delay_ms)
    atan                                     0x08004359   Thumb Code    16  atan.o(i.atan)
    convert_delta_vector_to_unit_vector      0x080043f9   Thumb Code   218  nuts_bolts.o(i.convert_delta_vector_to_unit_vector)
    coolant_get_state                        0x080044e9   Thumb Code     4  coolant_control.o(i.coolant_get_state)
    coolant_init                             0x080044ed   Thumb Code     2  coolant_control.o(i.coolant_init)
    coolant_set_state                        0x080044f1   Thumb Code    18  coolant_control.o(i.coolant_set_state)
    coolant_stop                             0x08004509   Thumb Code     2  coolant_control.o(i.coolant_stop)
    coolant_sync                             0x0800450d   Thumb Code    28  coolant_control.o(i.coolant_sync)
    delay_ms                                 0x0800452d   Thumb Code    24  nuts_bolts.o(i.delay_ms)
    delay_sec                                0x08004545   Thumb Code   122  nuts_bolts.o(i.delay_sec)
    disk_initialize                          0x080045c5   Thumb Code    36  diskio.o(i.disk_initialize)
    disk_ioctl                               0x080045e9   Thumb Code    66  diskio.o(i.disk_ioctl)
    disk_read                                0x0800462b   Thumb Code    60  diskio.o(i.disk_read)
    disk_status                              0x08004667   Thumb Code    28  diskio.o(i.disk_status)
    disk_write                               0x08004683   Thumb Code    74  diskio.o(i.disk_write)
    eeprom_get_char                          0x080046cd   Thumb Code    12  eeprom.o(i.eeprom_get_char)
    eeprom_put_char                          0x080046d9   Thumb Code     6  eeprom.o(i.eeprom_put_char)
    f_led_task                               0x080046e5   Thumb Code    16  led_task.o(i.f_led_task)
    f_mkfs                                   0x080046f5   Thumb Code  1622  ff.o(i.f_mkfs)
    f_mount                                  0x08004d79   Thumb Code    86  ff.o(i.f_mount)
    fabs                                     0x08004dd5   Thumb Code    24  fabs.o(i.fabs)
    fputc                                    0x080051c5   Thumb Code    26  hal_uart.o(i.fputc)
    gc_execute_line                          0x080051e5   Thumb Code  5918  gcode.o(i.gc_execute_line)
    gc_init                                  0x08006911   Thumb Code    30  gcode.o(i.gc_init)
    gc_sync_position                         0x08006935   Thumb Code    12  gcode.o(i.gc_sync_position)
    get_direction_pin_mask                   0x08006949   Thumb Code    12  settings.o(i.get_direction_pin_mask)
    get_fattime                              0x08006955   Thumb Code     4  diskio.o(i.get_fattime)
    get_limit_pin_mask                       0x080069a7   Thumb Code    12  settings.o(i.get_limit_pin_mask)
    get_step_pin_mask                        0x080069b3   Thumb Code    12  settings.o(i.get_step_pin_mask)
    grbl_main_task                           0x080069c1   Thumb Code   168  grbl_main.o(i.grbl_main_task)
    grbl_report_mcu_info                     0x08006a8d   Thumb Code    62  grbl_hal.o(i.grbl_report_mcu_info)
    grbl_task_create                         0x08006b7d   Thumb Code    28  grbl_main.o(i.grbl_task_create)
    hal_clean_isr                            0x08006ba9   Thumb Code    18  hal_uart.o(i.hal_clean_isr)
    hal_eeprom_flush                         0x08006bc1   Thumb Code    16  hal_flash_eeprom.o(i.hal_eeprom_flush)
    hal_eeprom_get_char                      0x08006bd9   Thumb Code     8  hal_flash_eeprom.o(i.hal_eeprom_get_char)
    hal_eeprom_init                          0x08006be5   Thumb Code    50  hal_flash_eeprom.o(i.hal_eeprom_init)
    hal_flash_read_buf                       0x08006c21   Thumb Code    32  hal_flash_eeprom.o(i.hal_flash_read_buf)
    hal_flash_unlock                         0x08006c41   Thumb Code     2  hal_flash_eeprom.o(i.hal_flash_unlock)
    hal_flash_write_buff                     0x08006c45   Thumb Code   180  hal_flash_eeprom.o(i.hal_flash_write_buff)
    hal_get_flash_sector                     0x08006d15   Thumb Code   236  hal_flash_eeprom.o(i.hal_get_flash_sector)
    hal_get_moter_axis_gpio_mask             0x08006e59   Thumb Code    20  hal_gpio.o(i.hal_get_moter_axis_gpio_mask)
    hal_get_moter_dir_gpio_mask              0x08006e6d   Thumb Code    20  hal_gpio.o(i.hal_get_moter_dir_gpio_mask)
    hal_is_uart_sr_txe                       0x08006e81   Thumb Code    12  hal_uart.o(i.hal_is_uart_sr_txe)
    hal_led_gpio_init                        0x08006e91   Thumb Code    94  hal_gpio.o(i.hal_led_gpio_init)
    hal_led_off                              0x08006ef9   Thumb Code    14  hal_gpio.o(i.hal_led_off)
    hal_limit_gpio_init                      0x08006f0d   Thumb Code   126  hal_gpio.o(i.hal_limit_gpio_init)
    hal_limit_gpio_irq_disable               0x08006f99   Thumb Code    16  hal_gpio.o(i.hal_limit_gpio_irq_disable)
    hal_limit_gpio_irq_enable                0x08006fa9   Thumb Code    36  hal_gpio.o(i.hal_limit_gpio_irq_enable)
    hal_limits_get_gpio_status               0x08006fcd   Thumb Code    48  hal_gpio.o(i.hal_limits_get_gpio_status)
    hal_motor_gpio_init                      0x0800710d   Thumb Code    16  hal_gpio.o(i.hal_motor_gpio_init)
    hal_read_uart_dr_reg                     0x0800711d   Thumb Code    12  hal_uart.o(i.hal_read_uart_dr_reg)
    hal_read_usrt_status_reg                 0x0800712d   Thumb Code     8  hal_uart.o(i.hal_read_usrt_status_reg)
    hal_reset_timer_init                     0x08007139   Thumb Code    88  hal_tim.o(i.hal_reset_timer_init)
    hal_reset_timer_irq_disable              0x0800719d   Thumb Code    10  hal_tim.o(i.hal_reset_timer_irq_disable)
    hal_reset_timer_irq_enable               0x080071a7   Thumb Code    10  hal_tim.o(i.hal_reset_timer_irq_enable)
    hal_set_dir_gpio_status                  0x080071b1   Thumb Code    84  hal_gpio.o(i.hal_set_dir_gpio_status)
    hal_set_step_gpio_status                 0x08007209   Thumb Code    86  hal_gpio.o(i.hal_set_step_gpio_status)
    hal_set_timer_init                       0x08007265   Thumb Code    88  hal_tim.o(i.hal_set_timer_init)
    hal_set_timer_irq_disable                0x080072c9   Thumb Code    10  hal_tim.o(i.hal_set_timer_irq_disable)
    hal_set_timer_irq_enable                 0x080072d3   Thumb Code    10  hal_tim.o(i.hal_set_timer_irq_enable)
    hal_spi_begin                            0x080072dd   Thumb Code    82  hal_spi.o(i.hal_spi_begin)
    hal_spi_register                         0x0800732f   Thumb Code    10  hal_spi.o(i.hal_spi_register)
    hal_spi_transfer_revice_byte             0x08007339   Thumb Code    36  hal_spi.o(i.hal_spi_transfer_revice_byte)
    hal_step_en_gpio_set                     0x0800735d   Thumb Code    32  hal_gpio.o(i.hal_step_en_gpio_set)
    hal_tim_clear_flag_update                0x08007381   Thumb Code    10  hal_tim.o(i.hal_tim_clear_flag_update)
    hal_tim_generateEvent_update             0x0800738b   Thumb Code    14  hal_tim.o(i.hal_tim_generateEvent_update)
    hal_tim_set_reload                       0x08007399   Thumb Code     6  hal_tim.o(i.hal_tim_set_reload)
    hal_uart_gpio_init                       0x080073a1   Thumb Code   114  hal_uart.o(i.hal_uart_gpio_init)
    hal_uart_init                            0x0800741d   Thumb Code    82  hal_uart.o(i.hal_uart_init)
    hal_uart_sendbyte                        0x08007479   Thumb Code    18  hal_uart.o(i.hal_uart_sendbyte)
    hal_w25qxx_spi_init                      0x08007539   Thumb Code    60  hal_w25qxx.o(i.hal_w25qxx_spi_init)
    hypot_f                                  0x08007581   Thumb Code    74  nuts_bolts.o(i.hypot_f)
    jog_execute                              0x080075cd   Thumb Code    88  jog.o(i.jog_execute)
    led_task_creat                           0x0800762d   Thumb Code    26  led_task.o(i.led_task_creat)
    limit_value_by_axis_maximum              0x0800765d   Thumb Code   218  nuts_bolts.o(i.limit_value_by_axis_maximum)
    limits_disable                           0x0800773d   Thumb Code     8  limits.o(i.limits_disable)
    limits_get_state                         0x08007745   Thumb Code    40  limits.o(i.limits_get_state)
    limits_go_home                           0x0800776d   Thumb Code   884  limits.o(i.limits_go_home)
    limits_init                              0x08007b09   Thumb Code    30  limits.o(i.limits_init)
    limits_soft_check                        0x08007b2d   Thumb Code    72  limits.o(i.limits_soft_check)
    main                                     0x08007b79   Thumb Code   182  main.o(i.main)
    mc_arc                                   0x08007c91   Thumb Code  1172  motion_control.o(i.mc_arc)
    mc_dwell                                 0x08008165   Thumb Code    42  motion_control.o(i.mc_dwell)
    mc_homing_cycle                          0x08008195   Thumb Code    48  motion_control.o(i.mc_homing_cycle)
    mc_line                                  0x080081c9   Thumb Code   122  motion_control.o(i.mc_line)
    mc_probe_cycle                           0x0800824d   Thumb Code   206  motion_control.o(i.mc_probe_cycle)
    mc_reset                                 0x0800832d   Thumb Code    80  motion_control.o(i.mc_reset)
    memcpy_from_eeprom_with_checksum         0x080083b7   Thumb Code    78  eeprom.o(i.memcpy_from_eeprom_with_checksum)
    memcpy_to_eeprom_with_checksum           0x08008405   Thumb Code    70  eeprom.o(i.memcpy_to_eeprom_with_checksum)
    plan_buffer_line                         0x08008481   Thumb Code   944  planner.o(i.plan_buffer_line)
    plan_check_full_buffer                   0x0800887d   Thumb Code    20  planner.o(i.plan_check_full_buffer)
    plan_compute_profile_nominal_speed       0x08008899   Thumb Code   218  planner.o(i.plan_compute_profile_nominal_speed)
    plan_cycle_reinitialize                  0x080089c1   Thumb Code    20  planner.o(i.plan_cycle_reinitialize)
    plan_discard_current_block               0x080089dd   Thumb Code    48  planner.o(i.plan_discard_current_block)
    plan_get_block_buffer_available          0x08008a19   Thumb Code    46  planner.o(i.plan_get_block_buffer_available)
    plan_get_current_block                   0x08008a51   Thumb Code    36  planner.o(i.plan_get_current_block)
    plan_get_exec_block_exit_speed_sqr       0x08008a81   Thumb Code    46  planner.o(i.plan_get_exec_block_exit_speed_sqr)
    plan_get_system_motion_block             0x08008ac1   Thumb Code    20  planner.o(i.plan_get_system_motion_block)
    plan_next_block_index                    0x08008add   Thumb Code    12  planner.o(i.plan_next_block_index)
    plan_reset                               0x08008af5   Thumb Code    16  planner.o(i.plan_reset)
    plan_reset_buffer                        0x08008b09   Thumb Code    24  planner.o(i.plan_reset_buffer)
    plan_sync_position                       0x08008b31   Thumb Code    26  planner.o(i.plan_sync_position)
    plan_update_velocity_profile_parameters  0x08008b55   Thumb Code    90  planner.o(i.plan_update_velocity_profile_parameters)
    printFloat                               0x08008d75   Thumb Code   228  print.o(i.printFloat)
    printFloat_CoordValue                    0x08008e65   Thumb Code    86  print.o(i.printFloat_CoordValue)
    printFloat_RateValue                     0x08008ec9   Thumb Code    86  print.o(i.printFloat_RateValue)
    printString                              0x08008f2d   Thumb Code    22  print.o(i.printString)
    print_uint8_base10                       0x08008f43   Thumb Code    88  print.o(i.print_uint8_base10)
    probe_configure_invert_mask              0x08008f9b   Thumb Code     2  probe.o(i.probe_configure_invert_mask)
    probe_get_state                          0x08008f9d   Thumb Code     4  probe.o(i.probe_get_state)
    probe_init                               0x08008fa1   Thumb Code     2  probe.o(i.probe_init)
    probe_state_monitor                      0x08008fa5   Thumb Code    36  probe.o(i.probe_state_monitor)
    protocol_auto_cycle_start                0x08008fd9   Thumb Code    16  protocol.o(i.protocol_auto_cycle_start)
    protocol_buffer_synchronize              0x08008fe9   Thumb Code    40  protocol.o(i.protocol_buffer_synchronize)
    protocol_exec_rt_system                  0x08009261   Thumb Code  1164  protocol.o(i.protocol_exec_rt_system)
    protocol_execute_realtime                0x080096f5   Thumb Code    18  protocol.o(i.protocol_execute_realtime)
    protocol_main_loop                       0x0800970d   Thumb Code   336  protocol.o(i.protocol_main_loop)
    pvPortMalloc                             0x0800a1e5   Thumb Code   228  heap_4.o(i.pvPortMalloc)
    pxPortInitialiseStack                    0x0800a2e1   Thumb Code    38  port.o(i.pxPortInitialiseStack)
    read_float                               0x0800a30d   Thumb Code   356  nuts_bolts.o(i.read_float)
    read_global_settings                     0x0800a489   Thumb Code    38  settings.o(i.read_global_settings)
    report_alarm_message                     0x0800a4b5   Thumb Code    30  report.o(i.report_alarm_message)
    report_build_info                        0x0800a4dd   Thumb Code    62  report.o(i.report_build_info)
    report_execute_startup_message           0x0800a539   Thumb Code    32  report.o(i.report_execute_startup_message)
    report_feedback_message                  0x0800a559   Thumb Code   126  report.o(i.report_feedback_message)
    report_gcode_modes                       0x0800a689   Thumb Code   310  report.o(i.report_gcode_modes)
    report_grbl_help                         0x0800a7dd   Thumb Code    10  report.o(i.report_grbl_help)
    report_grbl_settings                     0x0800a7ed   Thumb Code   524  report.o(i.report_grbl_settings)
    report_init_message                      0x0800aa01   Thumb Code    10  report.o(i.report_init_message)
    report_ngc_parameters                    0x0800aa2d   Thumb Code   144  report.o(i.report_ngc_parameters)
    report_probe_parameters                  0x0800aadd   Thumb Code    42  report.o(i.report_probe_parameters)
    report_realtime_status                   0x0800ab19   Thumb Code   880  report.o(i.report_realtime_status)
    report_startup_line                      0x0800af15   Thumb Code    36  report.o(i.report_startup_line)
    report_status_message                    0x0800af3d   Thumb Code    36  report.o(i.report_status_message)
    report_util_setting_prefix               0x0800b005   Thumb Code    24  report.o(i.report_util_setting_prefix)
    reset_timer_irq_handler                  0x0800b035   Thumb Code    16  stepper.o(i.reset_timer_irq_handler)
    serial_get_rx_buffer_available           0x0800b049   Thumb Code    38  serial.o(i.serial_get_rx_buffer_available)
    serial_init                              0x0800b079   Thumb Code     2  serial.o(i.serial_init)
    serial_read                              0x0800b07d   Thumb Code    40  serial.o(i.serial_read)
    serial_reset_read_buffer                 0x0800b0b1   Thumb Code    10  serial.o(i.serial_reset_read_buffer)
    serial_write                             0x0800b0c5   Thumb Code    30  serial.o(i.serial_write)
    set_spi_clk                              0x0800b0e9   Thumb Code   218  hal_spi.o(i.set_spi_clk)
    set_spi_date_size                        0x0800b1dd   Thumb Code    16  hal_spi.o(i.set_spi_date_size)
    set_spi_first_bit                        0x0800b1ed   Thumb Code    16  hal_spi.o(i.set_spi_first_bit)
    set_spi_irq_enable                       0x0800b1fd   Thumb Code    16  hal_spi.o(i.set_spi_irq_enable)
    set_spi_mode                             0x0800b20d   Thumb Code    58  hal_spi.o(i.set_spi_mode)
    set_spi_others                           0x0800b247   Thumb Code    16  hal_spi.o(i.set_spi_others)
    set_spi_speed                            0x0800b257   Thumb Code     4  hal_spi.o(i.set_spi_speed)
    set_spi_start                            0x0800b25b   Thumb Code    14  hal_spi.o(i.set_spi_start)
    set_spi_trans_mode                       0x0800b269   Thumb Code    92  hal_spi.o(i.set_spi_trans_mode)
    set_timer_irq_handler                    0x0800b2c5   Thumb Code   606  stepper.o(i.set_timer_irq_handler)
    settings_init                            0x0800b555   Thumb Code    26  settings.o(i.settings_init)
    settings_read_build_info                 0x0800b56f   Thumb Code    36  settings.o(i.settings_read_build_info)
    settings_read_coord_data                 0x0800b593   Thumb Code    54  settings.o(i.settings_read_coord_data)
    settings_read_startup_line               0x0800b5c9   Thumb Code    50  settings.o(i.settings_read_startup_line)
    settings_restore                         0x0800b5fd   Thumb Code   334  settings.o(i.settings_restore)
    settings_store_build_info                0x0800b775   Thumb Code    18  settings.o(i.settings_store_build_info)
    settings_store_global_setting            0x0800b789   Thumb Code   776  settings.o(i.settings_store_global_setting)
    settings_store_startup_line              0x0800baa1   Thumb Code    34  settings.o(i.settings_store_startup_line)
    settings_write_coord_data                0x0800bac3   Thumb Code    34  settings.o(i.settings_write_coord_data)
    spindle_compute_pwm_value                0x0800bae5   Thumb Code     2  spindle_control.o(i.spindle_compute_pwm_value)
    spindle_get_state                        0x0800bae7   Thumb Code     4  spindle_control.o(i.spindle_get_state)
    spindle_init                             0x0800baeb   Thumb Code     8  spindle_control.o(i.spindle_init)
    spindle_set_speed                        0x0800baf3   Thumb Code     2  spindle_control.o(i.spindle_set_speed)
    spindle_set_state                        0x0800baf5   Thumb Code    18  spindle_control.o(i.spindle_set_state)
    spindle_stop                             0x0800bb0d   Thumb Code     2  spindle_control.o(i.spindle_stop)
    spindle_sync                             0x0800bb11   Thumb Code    44  spindle_control.o(i.spindle_sync)
    st_generate_step_dir_invert_masks        0x0800bb41   Thumb Code    86  stepper.o(i.st_generate_step_dir_invert_masks)
    st_get_realtime_rate                     0x0800bba5   Thumb Code    24  stepper.o(i.st_get_realtime_rate)
    st_go_idle                               0x0800bbc9   Thumb Code    92  stepper.o(i.st_go_idle)
    st_prep_buffer                           0x0800bc49   Thumb Code  3916  stepper.o(i.st_prep_buffer)
    st_reset                                 0x0800cbc5   Thumb Code    66  stepper.o(i.st_reset)
    st_update_plan_block_parameters          0x0800cc29   Thumb Code    44  stepper.o(i.st_update_plan_block_parameters)
    st_wake_up                               0x0800cc5d   Thumb Code   108  stepper.o(i.st_wake_up)
    stepper_init                             0x0800cce5   Thumb Code    16  stepper.o(i.stepper_init)
    system_check_safety_door_ajar            0x0800cd47   Thumb Code     4  system.o(i.system_check_safety_door_ajar)
    system_check_travel_limits               0x0800cd4d   Thumb Code    68  system.o(i.system_check_travel_limits)
    system_clear_exec_accessory_overrides    0x0800cd95   Thumb Code    12  system.o(i.system_clear_exec_accessory_overrides)
    system_clear_exec_alarm                  0x0800cda5   Thumb Code    12  system.o(i.system_clear_exec_alarm)
    system_clear_exec_motion_overrides       0x0800cdb5   Thumb Code    12  system.o(i.system_clear_exec_motion_overrides)
    system_clear_exec_state_flag             0x0800cdc5   Thumb Code    16  system.o(i.system_clear_exec_state_flag)
    system_control_get_state                 0x0800cdd9   Thumb Code     4  system.o(i.system_control_get_state)
    system_convert_array_steps_to_mpos       0x0800cddd   Thumb Code    36  system.o(i.system_convert_array_steps_to_mpos)
    system_convert_axis_steps_to_mpos        0x0800ce01   Thumb Code    32  system.o(i.system_convert_axis_steps_to_mpos)
    system_execute_line                      0x0800ce25   Thumb Code   878  system.o(i.system_execute_line)
    system_execute_startup                   0x0800d1a1   Thumb Code    64  system.o(i.system_execute_startup)
    system_flag_wco_change                   0x0800d1e1   Thumb Code    14  system.o(i.system_flag_wco_change)
    system_init                              0x0800d1f5   Thumb Code     2  system.o(i.system_init)
    system_set_exec_accessory_override_flag  0x0800d1f9   Thumb Code    16  system.o(i.system_set_exec_accessory_override_flag)
    system_set_exec_alarm                    0x0800d20d   Thumb Code    16  system.o(i.system_set_exec_alarm)
    system_set_exec_motion_override_flag     0x0800d221   Thumb Code    16  system.o(i.system_set_exec_motion_override_flag)
    system_set_exec_state_flag               0x0800d235   Thumb Code    16  system.o(i.system_set_exec_state_flag)
    uxListRemove                             0x0800d249   Thumb Code    40  list.o(i.uxListRemove)
    vListInitialise                          0x0800d271   Thumb Code    26  list.o(i.vListInitialise)
    vListInitialiseItem                      0x0800d28b   Thumb Code     6  list.o(i.vListInitialiseItem)
    vListInsert                              0x0800d291   Thumb Code    52  list.o(i.vListInsert)
    vListInsertEnd                           0x0800d2c5   Thumb Code    24  list.o(i.vListInsertEnd)
    vPortEnterCritical                       0x0800d2dd   Thumb Code    30  port.o(i.vPortEnterCritical)
    vPortExitCritical                        0x0800d301   Thumb Code    28  port.o(i.vPortExitCritical)
    vPortFree                                0x0800d321   Thumb Code    74  heap_4.o(i.vPortFree)
    vPortSetupTimerInterrupt                 0x0800d379   Thumb Code    36  port.o(i.vPortSetupTimerInterrupt)
    vQueueAddToRegistry                      0x0800d3a1   Thumb Code    38  queue.o(i.vQueueAddToRegistry)
    vQueueWaitForMessageRestricted           0x0800d3cd   Thumb Code    74  queue.o(i.vQueueWaitForMessageRestricted)
    vTaskDelay                               0x0800d419   Thumb Code    46  tasks.o(i.vTaskDelay)
    vTaskInternalSetTimeOutState             0x0800d44d   Thumb Code    14  tasks.o(i.vTaskInternalSetTimeOutState)
    vTaskMissedYield                         0x0800d465   Thumb Code     8  tasks.o(i.vTaskMissedYield)
    vTaskPlaceOnEventList                    0x0800d471   Thumb Code    28  tasks.o(i.vTaskPlaceOnEventList)
    vTaskPlaceOnEventListRestricted          0x0800d491   Thumb Code    36  tasks.o(i.vTaskPlaceOnEventListRestricted)
    vTaskStartScheduler                      0x0800d4b9   Thumb Code    86  tasks.o(i.vTaskStartScheduler)
    vTaskSuspendAll                          0x0800d531   Thumb Code    12  tasks.o(i.vTaskSuspendAll)
    vTaskSwitchContext                       0x0800d541   Thumb Code    76  tasks.o(i.vTaskSwitchContext)
    w25qxx_buffer_read                       0x0800d5a1   Thumb Code    72  hal_w25qxx.o(i.w25qxx_buffer_read)
    w25qxx_buffer_write                      0x0800d5e9   Thumb Code   248  hal_w25qxx.o(i.w25qxx_buffer_write)
    w25qxx_disable                           0x0800d6e1   Thumb Code    14  hal_w25qxx.o(i.w25qxx_disable)
    w25qxx_enable                            0x0800d6f5   Thumb Code    14  hal_w25qxx.o(i.w25qxx_enable)
    w25qxx_enter_flash_mode                  0x0800d709   Thumb Code    46  hal_w25qxx.o(i.w25qxx_enter_flash_mode)
    w25qxx_init                              0x0800d739   Thumb Code   140  hal_w25qxx.o(i.w25qxx_init)
    w25qxx_page_write                        0x0800d7dd   Thumb Code    88  hal_w25qxx.o(i.w25qxx_page_write)
    w25qxx_read_id                           0x0800d835   Thumb Code    50  hal_w25qxx.o(i.w25qxx_read_id)
    w25qxx_read_sr_reg                       0x0800d867   Thumb Code    66  hal_w25qxx.o(i.w25qxx_read_sr_reg)
    w25qxx_read_write_byte                   0x0800d8a9   Thumb Code    14  hal_w25qxx.o(i.w25qxx_read_write_byte)
    w25qxx_read_write_cb                     0x0800d8bd   Thumb Code    20  hal_w25qxx.o(i.w25qxx_read_write_cb)
    w25qxx_sector_erase                      0x0800d8d1   Thumb Code    60  hal_w25qxx.o(i.w25qxx_sector_erase)
    w25qxx_wait_busy                         0x0800d90d   Thumb Code    20  hal_w25qxx.o(i.w25qxx_wait_busy)
    w25qxx_write_enable                      0x0800d921   Thumb Code    18  hal_w25qxx.o(i.w25qxx_write_enable)
    w25qxx_write_read_16                     0x0800d935   Thumb Code    14  hal_w25qxx.o(i.w25qxx_write_read_16)
    write_global_settings                    0x0800d949   Thumb Code    22  settings.o(i.write_global_settings)
    xPortStartScheduler                      0x0800d965   Thumb Code    58  port.o(i.xPortStartScheduler)
    xQueueGenericCreate                      0x0800d9ad   Thumb Code    52  queue.o(i.xQueueGenericCreate)
    xQueueGenericReset                       0x0800d9e1   Thumb Code   122  queue.o(i.xQueueGenericReset)
    xQueueGenericSend                        0x0800da61   Thumb Code   322  queue.o(i.xQueueGenericSend)
    xQueueGenericSendFromISR                 0x0800dba9   Thumb Code   168  queue.o(i.xQueueGenericSendFromISR)
    xQueueReceive                            0x0800dc51   Thumb Code   256  queue.o(i.xQueueReceive)
    xTaskCheckForTimeOut                     0x0800dd55   Thumb Code    88  tasks.o(i.xTaskCheckForTimeOut)
    xTaskCreate                              0x0800ddb5   Thumb Code    96  tasks.o(i.xTaskCreate)
    xTaskGetSchedulerState                   0x0800de15   Thumb Code    24  tasks.o(i.xTaskGetSchedulerState)
    xTaskGetTickCount                        0x0800de35   Thumb Code     6  tasks.o(i.xTaskGetTickCount)
    xTaskIncrementTick                       0x0800de41   Thumb Code   238  tasks.o(i.xTaskIncrementTick)
    xTaskPriorityDisinherit                  0x0800df5d   Thumb Code   108  tasks.o(i.xTaskPriorityDisinherit)
    xTaskRemoveFromEventList                 0x0800dfd1   Thumb Code   104  tasks.o(i.xTaskRemoveFromEventList)
    xTaskResumeAll                           0x0800e051   Thumb Code   196  tasks.o(i.xTaskResumeAll)
    xTimerCreateTimerTask                    0x0800e139   Thumb Code    42  timers.o(i.xTimerCreateTimerTask)
    xTimerGenericCommand                     0x0800e179   Thumb Code   104  timers.o(i.xTimerGenericCommand)
    AHBPrescTable                            0x0800e1e4   Data          16  system_stm32f4xx.o(.constdata)
    APBPrescTable                            0x0800e1f4   Data           8  system_stm32f4xx.o(.constdata)
    __mathlib_zero                           0x0800e300   Data           8  qnan.o(.constdata)
    Region$$Table$$Base                      0x0800e444   Number         0  anon$$obj.o(Region$$Table)
    Region$$Table$$Limit                     0x0800e464   Number         0  anon$$obj.o(Region$$Table)
    res_flash                                0x20000000   Data           1  main.o(.data)
    fnum                                     0x20000004   Data           4  main.o(.data)
    WriteBuffer                              0x20000008   Data          13  main.o(.data)
    uwTick                                   0x20000018   Data           4  stm32f4xx_hal.o(.data)
    uwTickPrio                               0x2000001c   Data           4  stm32f4xx_hal.o(.data)
    uwTickFreq                               0x20000020   Data           1  stm32f4xx_hal.o(.data)
    SystemCoreClock                          0x20000024   Data           4  system_stm32f4xx.o(.data)
    serial_rx_buffer_head                    0x2000002c   Data           1  serial.o(.data)
    serial_rx_buffer_tail                    0x2000002d   Data           1  serial.o(.data)
    serial_tx_buffer_head                    0x2000002e   Data           1  serial.o(.data)
    serial_tx_buffer_tail                    0x2000002f   Data           1  serial.o(.data)
    sys_probe_state                          0x20000040   Data           1  grbl_main.o(.data)
    sys_rt_exec_state                        0x20000041   Data           1  grbl_main.o(.data)
    sys_rt_exec_alarm                        0x20000042   Data           1  grbl_main.o(.data)
    sys_rt_exec_motion_override              0x20000043   Data           1  grbl_main.o(.data)
    sys_rt_exec_accessory_override           0x20000044   Data           1  grbl_main.o(.data)
    grbl_task_handle                         0x20000048   Data           4  grbl_main.o(.data)
    pxCurrentTCB                             0x2000004c   Data           4  tasks.o(.data)
    uxTopUsedPriority                        0x20000084   Data           4  tasks.o(.data)
    led_task_handle                          0x200000c4   Data           4  led_task.o(.data)
    __stdout                                 0x200000d4   Data           4  stdout.o(.data)
    fs                                       0x200000dc   Data        4144  main.o(.bss)
    fnew                                     0x2000110c   Data        4132  main.o(.bss)
    ReadBuffer                               0x20002130   Data        1024  main.o(.bss)
    htim6                                    0x20002530   Data          72  stm32f4xx_hal_timebase_tim.o(.bss)
    pFlash                                   0x20002578   Data          32  stm32f4xx_hal_flash.o(.bss)
    eeprom_buf                               0x20002598   Data        1024  hal_flash_eeprom.o(.bss)
    eeprom_flash                             0x20002998   Data          20  hal_flash_eeprom.o(.bss)
    laser_uart                               0x200029ac   Data          68  hal_uart.o(.bss)
    htim3                                    0x200029f0   Data          72  hal_tim.o(.bss)
    htim4                                    0x20002a38   Data          72  hal_tim.o(.bss)
    htim8                                    0x20002a80   Data          72  hal_tim.o(.bss)
    dev_w25qxx_spi                           0x20002ac8   Data         116  hal_w25qxx.o(.bss)
    dev_w25qxx_spi_set                       0x20002b3c   Data          16  hal_w25qxx.o(.bss)
    dev_sdcard_set                           0x20002b4c   Data          16  hal_w25qxx.o(.bss)
    sFlash                                   0x20002b5c   Data          16  hal_w25qxx.o(.bss)
    gc_state                                 0x20002b6c   Data          68  gcode.o(.bss)
    gc_block                                 0x20002bb0   Data          64  gcode.o(.bss)
    serial_rx_buffer                         0x20002f9c   Data         256  serial.o(.bss)
    serial_tx_buffer                         0x2000309c   Data         256  serial.o(.bss)
    settings                                 0x2000319c   Data          92  settings.o(.bss)
    sys                                      0x20003324   Data          20  grbl_main.o(.bss)
    sys_position                             0x20003338   Data          12  grbl_main.o(.bss)
    sys_probe_position                       0x20003344   Data          12  grbl_main.o(.bss)
    xQueueRegistry                           0x20003350   Data          64  queue.o(.bss)
    __initial_sp                             0x2000f880   Data           0  startup_stm32f429xx.o(STACK)



==============================================================================

Memory Map of the image

  Image Entry point : 0x080001ad

  Load Region LR_IROM1 (Base: 0x08000000, Size: 0x0000e540, Max: 0x00100000, ABSOLUTE)

    Execution Region ER_IROM1 (Exec base: 0x08000000, Load base: 0x08000000, Size: 0x0000e464, Max: 0x00100000, ABSOLUTE)

    Exec Addr    Load Addr    Size         Type   Attr      Idx    E Section Name        Object

    0x08000000   0x08000000   0x000001ac   Data   RO            3    RESET               startup_stm32f429xx.o
    0x080001ac   0x080001ac   0x00000000   Code   RO         8166  * .ARM.Collect$$$$00000000  mc_w.l(entry.o)
    0x080001ac   0x080001ac   0x00000004   Code   RO         8537    .ARM.Collect$$$$00000001  mc_w.l(entry2.o)
    0x080001b0   0x080001b0   0x00000004   Code   RO         8540    .ARM.Collect$$$$00000004  mc_w.l(entry5.o)
    0x080001b4   0x080001b4   0x00000000   Code   RO         8542    .ARM.Collect$$$$00000008  mc_w.l(entry7b.o)
    0x080001b4   0x080001b4   0x00000000   Code   RO         8544    .ARM.Collect$$$$0000000A  mc_w.l(entry8b.o)
    0x080001b4   0x080001b4   0x00000008   Code   RO         8545    .ARM.Collect$$$$0000000B  mc_w.l(entry9a.o)
    0x080001bc   0x080001bc   0x00000004   Code   RO         8552    .ARM.Collect$$$$0000000E  mc_w.l(entry12b.o)
    0x080001c0   0x080001c0   0x00000000   Code   RO         8547    .ARM.Collect$$$$0000000F  mc_w.l(entry10a.o)
    0x080001c0   0x080001c0   0x00000000   Code   RO         8549    .ARM.Collect$$$$00000011  mc_w.l(entry11a.o)
    0x080001c0   0x080001c0   0x00000004   Code   RO         8538    .ARM.Collect$$$$00002712  mc_w.l(entry2.o)
    0x080001c4   0x080001c4   0x000000be   Code   RO         7562    .emb_text           port.o
    0x08000282   0x08000282   0x00000002   PAD
    0x08000284   0x08000284   0x00000024   Code   RO            4    .text               startup_stm32f429xx.o
    0x080002a8   0x080002a8   0x00000062   Code   RO         8169    .text               mc_w.l(uldiv.o)
    0x0800030a   0x0800030a   0x00000024   Code   RO         8171    .text               mc_w.l(memcpya.o)
    0x0800032e   0x0800032e   0x00000024   Code   RO         8173    .text               mc_w.l(memseta.o)
    0x08000352   0x08000352   0x0000001a   Code   RO         8177    .text               mc_w.l(memcmp.o)
    0x0800036c   0x0800036c   0x0000014e   Code   RO         8472    .text               mf_w.l(dadd.o)
    0x080004ba   0x080004ba   0x000000e4   Code   RO         8474    .text               mf_w.l(dmul.o)
    0x0800059e   0x0800059e   0x000000de   Code   RO         8476    .text               mf_w.l(ddiv.o)
    0x0800067c   0x0800067c   0x0000001a   Code   RO         8480    .text               mf_w.l(dfltui.o)
    0x08000696   0x08000696   0x0000003e   Code   RO         8482    .text               mf_w.l(dfixi.o)
    0x080006d4   0x080006d4   0x00000032   Code   RO         8484    .text               mf_w.l(dfixui.o)
    0x08000706   0x08000706   0x00000026   Code   RO         8486    .text               mf_w.l(f2d.o)
    0x0800072c   0x0800072c   0x00000030   Code   RO         8488    .text               mf_w.l(cdcmple.o)
    0x0800075c   0x0800075c   0x00000030   Code   RO         8490    .text               mf_w.l(cdrcmple.o)
    0x0800078c   0x0800078c   0x00000038   Code   RO         8492    .text               mf_w.l(d2f.o)
    0x080007c4   0x080007c4   0x0000001e   Code   RO         8556    .text               mc_w.l(llshl.o)
    0x080007e2   0x080007e2   0x00000020   Code   RO         8558    .text               mc_w.l(llushr.o)
    0x08000802   0x08000802   0x00000024   Code   RO         8560    .text               mc_w.l(llsshr.o)
    0x08000826   0x08000826   0x00000000   Code   RO         8571    .text               mc_w.l(iusefp.o)
    0x08000826   0x08000826   0x0000006e   Code   RO         8572    .text               mf_w.l(fepilogue.o)
    0x08000894   0x08000894   0x000000ba   Code   RO         8574    .text               mf_w.l(depilogue.o)
    0x0800094e   0x0800094e   0x000000a2   Code   RO         8576    .text               mf_w.l(dsqrt.o)
    0x080009f0   0x080009f0   0x00000088   Code   RO         8578    .text               mf_w.l(drnd.o)
    0x08000a78   0x08000a78   0x000000a8   Code   RO         8582    .text               mf_w.l(dfixir.o)
    0x08000b20   0x08000b20   0x00000024   Code   RO         8588    .text               mc_w.l(init.o)
    0x08000b44   0x08000b44   0x00000022   Code   RO         8590    .text               mf_w.l(dflti.o)
    0x08000b66   0x08000b66   0x00000004   Code   RO          280    i.BusFault_Handler  stm32f4xx_it.o
    0x08000b6a   0x08000b6a   0x00000002   Code   RO          281    i.DebugMon_Handler  stm32f4xx_it.o
    0x08000b6c   0x08000b6c   0x0000005c   Code   RO         5187    i.EXTI0_IRQHandler  limits.o
    0x08000bc8   0x08000bc8   0x00000006   Code   RO           13    i.Error_Handler     main.o
    0x08000bce   0x08000bce   0x00000002   PAD
    0x08000bd0   0x08000bd0   0x00000060   Code   RO         1677    i.FLASH_Erase_Sector  stm32f4xx_hal_flash_ex.o
    0x08000c30   0x08000c30   0x00000078   Code   RO         1678    i.FLASH_FlushCaches  stm32f4xx_hal_flash_ex.o
    0x08000ca8   0x08000ca8   0x00000054   Code   RO         1679    i.FLASH_MassErase   stm32f4xx_hal_flash_ex.o
    0x08000cfc   0x08000cfc   0x00000024   Code   RO         1559    i.FLASH_Program_Byte  stm32f4xx_hal_flash.o
    0x08000d20   0x08000d20   0x0000003c   Code   RO         1560    i.FLASH_Program_DoubleWord  stm32f4xx_hal_flash.o
    0x08000d5c   0x08000d5c   0x00000028   Code   RO         1561    i.FLASH_Program_HalfWord  stm32f4xx_hal_flash.o
    0x08000d84   0x08000d84   0x00000028   Code   RO         1562    i.FLASH_Program_Word  stm32f4xx_hal_flash.o
    0x08000dac   0x08000dac   0x000000b4   Code   RO         1563    i.FLASH_SetErrorCode  stm32f4xx_hal_flash.o
    0x08000e60   0x08000e60   0x00000064   Code   RO         1564    i.FLASH_WaitForLastOperation  stm32f4xx_hal_flash.o
    0x08000ec4   0x08000ec4   0x00000028   Code   RO         2397    i.HAL_Delay         stm32f4xx_hal.o
    0x08000eec   0x08000eec   0x000000b0   Code   RO         1694    i.HAL_FLASHEx_Erase  stm32f4xx_hal_flash_ex.o
    0x08000f9c   0x08000f9c   0x00000014   Code   RO         1568    i.HAL_FLASH_Lock    stm32f4xx_hal_flash.o
    0x08000fb0   0x08000fb0   0x00000098   Code   RO         1573    i.HAL_FLASH_Program  stm32f4xx_hal_flash.o
    0x08001048   0x08001048   0x00000034   Code   RO         1575    i.HAL_FLASH_Unlock  stm32f4xx_hal_flash.o
    0x0800107c   0x0800107c   0x00000220   Code   RO         1848    i.HAL_GPIO_Init     stm32f4xx_hal_gpio.o
    0x0800129c   0x0800129c   0x00000010   Code   RO         1850    i.HAL_GPIO_ReadPin  stm32f4xx_hal_gpio.o
    0x080012ac   0x080012ac   0x0000000c   Code   RO         1852    i.HAL_GPIO_WritePin  stm32f4xx_hal_gpio.o
    0x080012b8   0x080012b8   0x0000000c   Code   RO         2405    i.HAL_GetTick       stm32f4xx_hal.o
    0x080012c4   0x080012c4   0x00000018   Code   RO         2411    i.HAL_IncTick       stm32f4xx_hal.o
    0x080012dc   0x080012dc   0x0000003c   Code   RO         2412    i.HAL_Init          stm32f4xx_hal.o
    0x08001318   0x08001318   0x0000008c   Code   RO          368    i.HAL_InitTick      stm32f4xx_hal_timebase_tim.o
    0x080013a4   0x080013a4   0x00000048   Code   RO          344    i.HAL_MspInit       stm32f4xx_hal_msp.o
    0x080013ec   0x080013ec   0x00000044   Code   RO         2254    i.HAL_NVIC_DisableIRQ  stm32f4xx_hal_cortex.o
    0x08001430   0x08001430   0x00000020   Code   RO         2255    i.HAL_NVIC_EnableIRQ  stm32f4xx_hal_cortex.o
    0x08001450   0x08001450   0x0000007c   Code   RO         2261    i.HAL_NVIC_SetPriority  stm32f4xx_hal_cortex.o
    0x080014cc   0x080014cc   0x00000028   Code   RO         2262    i.HAL_NVIC_SetPriorityGrouping  stm32f4xx_hal_cortex.o
    0x080014f4   0x080014f4   0x0000008c   Code   RO         2184    i.HAL_PWREx_EnableOverDrive  stm32f4xx_hal_pwr_ex.o
    0x08001580   0x08001580   0x00000184   Code   RO         1392    i.HAL_RCC_ClockConfig  stm32f4xx_hal_rcc.o
    0x08001704   0x08001704   0x00000044   Code   RO         1396    i.HAL_RCC_GetClockConfig  stm32f4xx_hal_rcc.o
    0x08001748   0x08001748   0x0000000c   Code   RO         1397    i.HAL_RCC_GetHCLKFreq  stm32f4xx_hal_rcc.o
    0x08001754   0x08001754   0x00000020   Code   RO         1399    i.HAL_RCC_GetPCLK1Freq  stm32f4xx_hal_rcc.o
    0x08001774   0x08001774   0x00000020   Code   RO         1400    i.HAL_RCC_GetPCLK2Freq  stm32f4xx_hal_rcc.o
    0x08001794   0x08001794   0x000000b0   Code   RO         1401    i.HAL_RCC_GetSysClockFreq  stm32f4xx_hal_rcc.o
    0x08001844   0x08001844   0x0000049c   Code   RO         1404    i.HAL_RCC_OscConfig  stm32f4xx_hal_rcc.o
    0x08001ce0   0x08001ce0   0x000000c8   Code   RO         3806    i.HAL_SPI_Init      stm32f4xx_hal_spi.o
    0x08001da8   0x08001da8   0x00000002   Code   RO         3808    i.HAL_SPI_MspInit   stm32f4xx_hal_spi.o
    0x08001daa   0x08001daa   0x0000022a   Code   RO         3815    i.HAL_SPI_TransmitReceive  stm32f4xx_hal_spi.o
    0x08001fd4   0x08001fd4   0x00000002   Code   RO         1124    i.HAL_TIMEx_BreakCallback  stm32f4xx_hal_tim_ex.o
    0x08001fd6   0x08001fd6   0x00000002   Code   RO         1125    i.HAL_TIMEx_CommutCallback  stm32f4xx_hal_tim_ex.o
    0x08001fd8   0x08001fd8   0x00000066   Code   RO          409    i.HAL_TIM_Base_Init  stm32f4xx_hal_tim.o
    0x0800203e   0x0800203e   0x00000002   Code   RO          411    i.HAL_TIM_Base_MspInit  stm32f4xx_hal_tim.o
    0x08002040   0x08002040   0x000000a8   Code   RO          414    i.HAL_TIM_Base_Start_IT  stm32f4xx_hal_tim.o
    0x080020e8   0x080020e8   0x00000002   Code   RO          443    i.HAL_TIM_IC_CaptureCallback  stm32f4xx_hal_tim.o
    0x080020ea   0x080020ea   0x00000196   Code   RO          457    i.HAL_TIM_IRQHandler  stm32f4xx_hal_tim.o
    0x08002280   0x08002280   0x00000002   Code   RO          460    i.HAL_TIM_OC_DelayElapsedCallback  stm32f4xx_hal_tim.o
    0x08002282   0x08002282   0x00000002   Code   RO          487    i.HAL_TIM_PWM_PulseFinishedCallback  stm32f4xx_hal_tim.o
    0x08002284   0x08002284   0x00000038   Code   RO           14    i.HAL_TIM_PeriodElapsedCallback  main.o
    0x080022bc   0x080022bc   0x00000002   Code   RO          500    i.HAL_TIM_TriggerCallback  stm32f4xx_hal_tim.o
    0x080022be   0x080022be   0x00000072   Code   RO         2689    i.HAL_UART_Init     stm32f4xx_hal_uart.o
    0x08002330   0x08002330   0x00000002   Code   RO         2691    i.HAL_UART_MspInit  stm32f4xx_hal_uart.o
    0x08002332   0x08002332   0x000000d2   Code   RO         2697    i.HAL_UART_Transmit  stm32f4xx_hal_uart.o
    0x08002404   0x08002404   0x00000028   Code   RO          282    i.HardFault_Handler  stm32f4xx_it.o
    0x0800242c   0x0800242c   0x00000064   Code   RO          256    i.MX_GPIO_Init      gpio.o
    0x08002490   0x08002490   0x00000004   Code   RO          283    i.MemManage_Handler  stm32f4xx_it.o
    0x08002494   0x08002494   0x00000004   Code   RO          284    i.NMI_Handler       stm32f4xx_it.o
    0x08002498   0x08002498   0x0000006c   Code   RO         3844    i.SPI_EndRxTxTransaction  stm32f4xx_hal_spi.o
    0x08002504   0x08002504   0x000000d8   Code   RO         3849    i.SPI_WaitFlagStateUntilTimeout  stm32f4xx_hal_spi.o
    0x080025dc   0x080025dc   0x00000006   Code   RO         4181    i.STMFLASH_ReadWord  hal_flash_eeprom.o
    0x080025e2   0x080025e2   0x00000002   PAD
    0x080025e4   0x080025e4   0x00000034   Code   RO         7563    i.SysTick_Handler   port.o
    0x08002618   0x08002618   0x000000c0   Code   RO           15    i.SystemClock_Config  main.o
    0x080026d8   0x080026d8   0x00000014   Code   RO         4118    i.SystemInit        system_stm32f4xx.o
    0x080026ec   0x080026ec   0x00000010   Code   RO         4728    i.TIM3_IRQHandler   hal_tim.o
    0x080026fc   0x080026fc   0x00000010   Code   RO         4729    i.TIM4_IRQHandler   hal_tim.o
    0x0800270c   0x0800270c   0x00000010   Code   RO          285    i.TIM6_DAC_IRQHandler  stm32f4xx_it.o
    0x0800271c   0x0800271c   0x000000d8   Code   RO          502    i.TIM_Base_SetConfig  stm32f4xx_hal_tim.o
    0x080027f4   0x080027f4   0x0000022c   Code   RO         2716    i.UART_SetConfig    stm32f4xx_hal_uart.o
    0x08002a20   0x08002a20   0x0000006c   Code   RO         2720    i.UART_WaitOnFlagUntilTimeout  stm32f4xx_hal_uart.o
    0x08002a8c   0x08002a8c   0x0000014c   Code   RO         5791    i.USART1_IRQHandler  serial.o
    0x08002bd8   0x08002bd8   0x00000004   Code   RO          286    i.UsageFault_Handler  stm32f4xx_it.o
    0x08002bdc   0x08002bdc   0x00000020   Code   RO         8316    i.__0printf$5       mc_w.l(printf5.o)
    0x08002bfc   0x08002bfc   0x00000030   Code   RO         8584    i.__ARM_fpclassify  m_wm.l(fpclassify.o)
    0x08002c2c   0x08002c2c   0x00000010   Code   RO         2268    i.__NVIC_GetPriorityGrouping  stm32f4xx_hal_cortex.o
    0x08002c3c   0x08002c3c   0x00000028   Code   RO         2269    i.__NVIC_SetPriority  stm32f4xx_hal_cortex.o
    0x08002c64   0x08002c64   0x00000004   PAD
    0x08002c68   0x08002c68   0x000002d8   Code   RO         8494    i.__hardfp_atan     m_wm.l(atan.o)
    0x08002f40   0x08002f40   0x00000200   Code   RO         8084    i.__hardfp_atan2    m_wm.l(atan2.o)
    0x08003140   0x08003140   0x00000118   Code   RO         8096    i.__hardfp_ceil     m_wm.l(ceil.o)
    0x08003258   0x08003258   0x000000c8   Code   RO         8102    i.__hardfp_cos      m_wm.l(cos.o)
    0x08003320   0x08003320   0x00000014   Code   RO         8114    i.__hardfp_fabs     m_wm.l(fabs.o)
    0x08003334   0x08003334   0x00000004   PAD
    0x08003338   0x08003338   0x00000118   Code   RO         8120    i.__hardfp_floor    m_wm.l(floor.o)
    0x08003450   0x08003450   0x00000100   Code   RO         8158    i.__hardfp_lround   m_wm.l(lround.o)
    0x08003550   0x08003550   0x000000e0   Code   RO         8126    i.__hardfp_round    m_wm.l(round.o)
    0x08003630   0x08003630   0x000000c8   Code   RO         8130    i.__hardfp_sin      m_wm.l(sin.o)
    0x080036f8   0x080036f8   0x0000007a   Code   RO         8142    i.__hardfp_sqrt     m_wm.l(sqrt.o)
    0x08003772   0x08003772   0x00000006   PAD
    0x08003778   0x08003778   0x000000b0   Code   RO         8154    i.__hardfp_trunc    m_wm.l(trunc.o)
    0x08003828   0x08003828   0x00000438   Code   RO         8526    i.__ieee754_rem_pio2  m_wm.l(rred.o)
    0x08003c60   0x08003c60   0x00000170   Code   RO         8508    i.__kernel_cos      m_wm.l(cos_i.o)
    0x08003dd0   0x08003dd0   0x000000f8   Code   RO         8586    i.__kernel_poly     m_wm.l(poly.o)
    0x08003ec8   0x08003ec8   0x00000130   Code   RO         8531    i.__kernel_sin      m_wm.l(sin_i.o)
    0x08003ff8   0x08003ff8   0x00000014   Code   RO         8512    i.__mathlib_dbl_infnan  m_wm.l(dunder.o)
    0x0800400c   0x0800400c   0x00000014   Code   RO         8513    i.__mathlib_dbl_infnan2  m_wm.l(dunder.o)
    0x08004020   0x08004020   0x00000020   Code   RO         8514    i.__mathlib_dbl_invalid  m_wm.l(dunder.o)
    0x08004040   0x08004040   0x00000020   Code   RO         8517    i.__mathlib_dbl_underflow  m_wm.l(dunder.o)
    0x08004060   0x08004060   0x0000000e   Code   RO         8594    i.__scatterload_copy  mc_w.l(handlers.o)
    0x0800406e   0x0800406e   0x00000002   Code   RO         8595    i.__scatterload_null  mc_w.l(handlers.o)
    0x08004070   0x08004070   0x0000000e   Code   RO         8596    i.__scatterload_zeroinit  mc_w.l(handlers.o)
    0x0800407e   0x0800407e   0x00000002   PAD
    0x08004080   0x08004080   0x0000000c   Code   RO         8566    i.__set_errno       mc_w.l(errno.o)
    0x0800408c   0x0800408c   0x0000000c   Code   RO         6237    i._delay_ms         grbl_main.o
    0x08004098   0x08004098   0x000002c0   Code   RO         8323    i._printf_core      mc_w.l(printf5.o)
    0x08004358   0x08004358   0x00000010   Code   RO         8496    i.atan              m_wm.l(atan.o)
    0x08004368   0x08004368   0x00000090   Code   RO         7732    i.check_fs          ff.o
    0x080043f8   0x080043f8   0x000000f0   Code   RO         5295    i.convert_delta_vector_to_unit_vector  nuts_bolts.o
    0x080044e8   0x080044e8   0x00000004   Code   RO         5009    i.coolant_get_state  coolant_control.o
    0x080044ec   0x080044ec   0x00000002   Code   RO         5010    i.coolant_init      coolant_control.o
    0x080044ee   0x080044ee   0x00000002   PAD
    0x080044f0   0x080044f0   0x00000018   Code   RO         5011    i.coolant_set_state  coolant_control.o
    0x08004508   0x08004508   0x00000002   Code   RO         5012    i.coolant_stop      coolant_control.o
    0x0800450a   0x0800450a   0x00000002   PAD
    0x0800450c   0x0800450c   0x00000020   Code   RO         5013    i.coolant_sync      coolant_control.o
    0x0800452c   0x0800452c   0x00000018   Code   RO         5296    i.delay_ms          nuts_bolts.o
    0x08004544   0x08004544   0x00000080   Code   RO         5297    i.delay_sec         nuts_bolts.o
    0x080045c4   0x080045c4   0x00000024   Code   RO         7678    i.disk_initialize   diskio.o
    0x080045e8   0x080045e8   0x00000042   Code   RO         7679    i.disk_ioctl        diskio.o
    0x0800462a   0x0800462a   0x0000003c   Code   RO         7680    i.disk_read         diskio.o
    0x08004666   0x08004666   0x0000001c   Code   RO         7681    i.disk_status       diskio.o
    0x08004682   0x08004682   0x0000004a   Code   RO         7682    i.disk_write        diskio.o
    0x080046cc   0x080046cc   0x0000000c   Code   RO         5079    i.eeprom_get_char   eeprom.o
    0x080046d8   0x080046d8   0x0000000c   Code   RO         5080    i.eeprom_put_char   eeprom.o
    0x080046e4   0x080046e4   0x00000010   Code   RO         7645    i.f_led_task        led_task.o
    0x080046f4   0x080046f4   0x00000684   Code   RO         7752    i.f_mkfs            ff.o
    0x08004d78   0x08004d78   0x0000005c   Code   RO         7753    i.f_mount           ff.o
    0x08004dd4   0x08004dd4   0x00000018   Code   RO         8116    i.fabs              m_wm.l(fabs.o)
    0x08004dec   0x08004dec   0x000003d8   Code   RO         7768    i.find_volume       ff.o
    0x080051c4   0x080051c4   0x00000020   Code   RO         4533    i.fputc             hal_uart.o
    0x080051e4   0x080051e4   0x0000172c   Code   RO         5121    i.gc_execute_line   gcode.o
    0x08006910   0x08006910   0x00000024   Code   RO         5122    i.gc_init           gcode.o
    0x08006934   0x08006934   0x00000014   Code   RO         5123    i.gc_sync_position  gcode.o
    0x08006948   0x08006948   0x0000000c   Code   RO         5861    i.get_direction_pin_mask  settings.o
    0x08006954   0x08006954   0x00000008   Code   RO         7683    i.get_fattime       diskio.o
    0x0800695c   0x0800695c   0x0000004a   Code   RO         7774    i.get_ldnumber      ff.o
    0x080069a6   0x080069a6   0x0000000c   Code   RO         5862    i.get_limit_pin_mask  settings.o
    0x080069b2   0x080069b2   0x0000000c   Code   RO         5863    i.get_step_pin_mask  settings.o
    0x080069be   0x080069be   0x00000002   PAD
    0x080069c0   0x080069c0   0x000000cc   Code   RO         6239    i.grbl_main_task    grbl_main.o
    0x08006a8c   0x08006a8c   0x000000f0   Code   RO         4154    i.grbl_report_mcu_info  grbl_hal.o
    0x08006b7c   0x08006b7c   0x0000002c   Code   RO         6240    i.grbl_task_create  grbl_main.o
    0x08006ba8   0x08006ba8   0x00000018   Code   RO         4534    i.hal_clean_isr     hal_uart.o
    0x08006bc0   0x08006bc0   0x00000018   Code   RO         4182    i.hal_eeprom_flush  hal_flash_eeprom.o
    0x08006bd8   0x08006bd8   0x0000000c   Code   RO         4183    i.hal_eeprom_get_char  hal_flash_eeprom.o
    0x08006be4   0x08006be4   0x0000003c   Code   RO         4185    i.hal_eeprom_init   hal_flash_eeprom.o
    0x08006c20   0x08006c20   0x00000020   Code   RO         4189    i.hal_flash_read_buf  hal_flash_eeprom.o
    0x08006c40   0x08006c40   0x00000002   Code   RO         4190    i.hal_flash_unlock  hal_flash_eeprom.o
    0x08006c42   0x08006c42   0x00000002   PAD
    0x08006c44   0x08006c44   0x000000d0   Code   RO         4191    i.hal_flash_write_buff  hal_flash_eeprom.o
    0x08006d14   0x08006d14   0x00000144   Code   RO         4192    i.hal_get_flash_sector  hal_flash_eeprom.o
    0x08006e58   0x08006e58   0x00000014   Code   RO         4365    i.hal_get_moter_axis_gpio_mask  hal_gpio.o
    0x08006e6c   0x08006e6c   0x00000014   Code   RO         4366    i.hal_get_moter_dir_gpio_mask  hal_gpio.o
    0x08006e80   0x08006e80   0x00000010   Code   RO         4535    i.hal_is_uart_sr_txe  hal_uart.o
    0x08006e90   0x08006e90   0x00000068   Code   RO         4367    i.hal_led_gpio_init  hal_gpio.o
    0x08006ef8   0x08006ef8   0x00000014   Code   RO         4368    i.hal_led_off       hal_gpio.o
    0x08006f0c   0x08006f0c   0x0000008c   Code   RO         4371    i.hal_limit_gpio_init  hal_gpio.o
    0x08006f98   0x08006f98   0x00000010   Code   RO         4372    i.hal_limit_gpio_irq_disable  hal_gpio.o
    0x08006fa8   0x08006fa8   0x00000024   Code   RO         4373    i.hal_limit_gpio_irq_enable  hal_gpio.o
    0x08006fcc   0x08006fcc   0x00000034   Code   RO         4374    i.hal_limits_get_gpio_status  hal_gpio.o
    0x08007000   0x08007000   0x00000064   Code   RO         4375    i.hal_motor_axis_gpio_init  hal_gpio.o
    0x08007064   0x08007064   0x00000060   Code   RO         4376    i.hal_motor_dir_gpio_init  hal_gpio.o
    0x080070c4   0x080070c4   0x00000048   Code   RO         4377    i.hal_motor_en_gpio_init  hal_gpio.o
    0x0800710c   0x0800710c   0x00000010   Code   RO         4378    i.hal_motor_gpio_init  hal_gpio.o
    0x0800711c   0x0800711c   0x00000010   Code   RO         4538    i.hal_read_uart_dr_reg  hal_uart.o
    0x0800712c   0x0800712c   0x0000000c   Code   RO         4539    i.hal_read_usrt_status_reg  hal_uart.o
    0x08007138   0x08007138   0x00000064   Code   RO         4732    i.hal_reset_timer_init  hal_tim.o
    0x0800719c   0x0800719c   0x0000000a   Code   RO         4733    i.hal_reset_timer_irq_disable  hal_tim.o
    0x080071a6   0x080071a6   0x0000000a   Code   RO         4734    i.hal_reset_timer_irq_enable  hal_tim.o
    0x080071b0   0x080071b0   0x00000058   Code   RO         4381    i.hal_set_dir_gpio_status  hal_gpio.o
    0x08007208   0x08007208   0x0000005c   Code   RO         4382    i.hal_set_step_gpio_status  hal_gpio.o
    0x08007264   0x08007264   0x00000064   Code   RO         4736    i.hal_set_timer_init  hal_tim.o
    0x080072c8   0x080072c8   0x0000000a   Code   RO         4737    i.hal_set_timer_irq_disable  hal_tim.o
    0x080072d2   0x080072d2   0x0000000a   Code   RO         4738    i.hal_set_timer_irq_enable  hal_tim.o
    0x080072dc   0x080072dc   0x00000052   Code   RO         4620    i.hal_spi_begin     hal_spi.o
    0x0800732e   0x0800732e   0x0000000a   Code   RO         4622    i.hal_spi_register  hal_spi.o
    0x08007338   0x08007338   0x00000024   Code   RO         4625    i.hal_spi_transfer_revice_byte  hal_spi.o
    0x0800735c   0x0800735c   0x00000024   Code   RO         4384    i.hal_step_en_gpio_set  hal_gpio.o
    0x08007380   0x08007380   0x0000000a   Code   RO         4739    i.hal_tim_clear_flag_update  hal_tim.o
    0x0800738a   0x0800738a   0x0000000e   Code   RO         4740    i.hal_tim_generateEvent_update  hal_tim.o
    0x08007398   0x08007398   0x00000006   Code   RO         4741    i.hal_tim_set_reload  hal_tim.o
    0x0800739e   0x0800739e   0x00000002   PAD
    0x080073a0   0x080073a0   0x0000007c   Code   RO         4540    i.hal_uart_gpio_init  hal_uart.o
    0x0800741c   0x0800741c   0x0000005c   Code   RO         4541    i.hal_uart_init     hal_uart.o
    0x08007478   0x08007478   0x00000018   Code   RO         4543    i.hal_uart_sendbyte  hal_uart.o
    0x08007490   0x08007490   0x000000a8   Code   RO         4836    i.hal_w25qxx_spi_gpio_init  hal_w25qxx.o
    0x08007538   0x08007538   0x00000048   Code   RO         4837    i.hal_w25qxx_spi_init  hal_w25qxx.o
    0x08007580   0x08007580   0x0000004a   Code   RO         5299    i.hypot_f           nuts_bolts.o
    0x080075ca   0x080075ca   0x00000002   PAD
    0x080075cc   0x080075cc   0x00000060   Code   RO         5163    i.jog_execute       jog.o
    0x0800762c   0x0800762c   0x00000030   Code   RO         7646    i.led_task_creat    led_task.o
    0x0800765c   0x0800765c   0x000000e0   Code   RO         5300    i.limit_value_by_axis_maximum  nuts_bolts.o
    0x0800773c   0x0800773c   0x00000008   Code   RO         5188    i.limits_disable    limits.o
    0x08007744   0x08007744   0x00000028   Code   RO         5189    i.limits_get_state  limits.o
    0x0800776c   0x0800776c   0x0000039c   Code   RO         5190    i.limits_go_home    limits.o
    0x08007b08   0x08007b08   0x00000024   Code   RO         5191    i.limits_init       limits.o
    0x08007b2c   0x08007b2c   0x0000004c   Code   RO         5192    i.limits_soft_check  limits.o
    0x08007b78   0x08007b78   0x00000118   Code   RO           16    i.main              main.o
    0x08007c90   0x08007c90   0x000004d4   Code   RO         5241    i.mc_arc            motion_control.o
    0x08008164   0x08008164   0x00000030   Code   RO         5242    i.mc_dwell          motion_control.o
    0x08008194   0x08008194   0x00000034   Code   RO         5243    i.mc_homing_cycle   motion_control.o
    0x080081c8   0x080081c8   0x00000084   Code   RO         5244    i.mc_line           motion_control.o
    0x0800824c   0x0800824c   0x000000e0   Code   RO         5245    i.mc_probe_cycle    motion_control.o
    0x0800832c   0x0800832c   0x0000005c   Code   RO         5246    i.mc_reset          motion_control.o
    0x08008388   0x08008388   0x0000001a   Code   RO         7777    i.mem_cpy           ff.o
    0x080083a2   0x080083a2   0x00000014   Code   RO         7778    i.mem_set           ff.o
    0x080083b6   0x080083b6   0x0000004e   Code   RO         5081    i.memcpy_from_eeprom_with_checksum  eeprom.o
    0x08008404   0x08008404   0x00000046   Code   RO         5082    i.memcpy_to_eeprom_with_checksum  eeprom.o
    0x0800844a   0x0800844a   0x00000034   Code   RO         7779    i.move_window       ff.o
    0x0800847e   0x0800847e   0x00000002   PAD
    0x08008480   0x08008480   0x000003fc   Code   RO         5355    i.plan_buffer_line  planner.o
    0x0800887c   0x0800887c   0x0000001c   Code   RO         5356    i.plan_check_full_buffer  planner.o
    0x08008898   0x08008898   0x000000f0   Code   RO         5357    i.plan_compute_profile_nominal_speed  planner.o
    0x08008988   0x08008988   0x00000038   Code   RO         5358    i.plan_compute_profile_parameters  planner.o
    0x080089c0   0x080089c0   0x0000001c   Code   RO         5359    i.plan_cycle_reinitialize  planner.o
    0x080089dc   0x080089dc   0x0000003c   Code   RO         5360    i.plan_discard_current_block  planner.o
    0x08008a18   0x08008a18   0x00000038   Code   RO         5361    i.plan_get_block_buffer_available  planner.o
    0x08008a50   0x08008a50   0x00000030   Code   RO         5363    i.plan_get_current_block  planner.o
    0x08008a80   0x08008a80   0x00000040   Code   RO         5364    i.plan_get_exec_block_exit_speed_sqr  planner.o
    0x08008ac0   0x08008ac0   0x0000001c   Code   RO         5365    i.plan_get_system_motion_block  planner.o
    0x08008adc   0x08008adc   0x0000000c   Code   RO         5366    i.plan_next_block_index  planner.o
    0x08008ae8   0x08008ae8   0x0000000a   Code   RO         5367    i.plan_prev_block_index  planner.o
    0x08008af2   0x08008af2   0x00000002   PAD
    0x08008af4   0x08008af4   0x00000014   Code   RO         5368    i.plan_reset        planner.o
    0x08008b08   0x08008b08   0x00000028   Code   RO         5369    i.plan_reset_buffer  planner.o
    0x08008b30   0x08008b30   0x00000024   Code   RO         5370    i.plan_sync_position  planner.o
    0x08008b54   0x08008b54   0x00000070   Code   RO         5371    i.plan_update_velocity_profile_parameters  planner.o
    0x08008bc4   0x08008bc4   0x000001b0   Code   RO         5372    i.planner_recalculate  planner.o
    0x08008d74   0x08008d74   0x000000f0   Code   RO         5481    i.printFloat        print.o
    0x08008e64   0x08008e64   0x00000064   Code   RO         5482    i.printFloat_CoordValue  print.o
    0x08008ec8   0x08008ec8   0x00000064   Code   RO         5483    i.printFloat_RateValue  print.o
    0x08008f2c   0x08008f2c   0x00000016   Code   RO         5485    i.printString       print.o
    0x08008f42   0x08008f42   0x00000058   Code   RO         5487    i.print_uint8_base10  print.o
    0x08008f9a   0x08008f9a   0x00000002   Code   RO         5547    i.probe_configure_invert_mask  probe.o
    0x08008f9c   0x08008f9c   0x00000004   Code   RO         5548    i.probe_get_state   probe.o
    0x08008fa0   0x08008fa0   0x00000002   Code   RO         5549    i.probe_init        probe.o
    0x08008fa2   0x08008fa2   0x00000002   PAD
    0x08008fa4   0x08008fa4   0x00000034   Code   RO         5550    i.probe_state_monitor  probe.o
    0x08008fd8   0x08008fd8   0x00000010   Code   RO         5592    i.protocol_auto_cycle_start  protocol.o
    0x08008fe8   0x08008fe8   0x0000002c   Code   RO         5593    i.protocol_buffer_synchronize  protocol.o
    0x08009014   0x08009014   0x0000024c   Code   RO         5594    i.protocol_exec_rt_suspend  protocol.o
    0x08009260   0x08009260   0x00000494   Code   RO         5595    i.protocol_exec_rt_system  protocol.o
    0x080096f4   0x080096f4   0x00000018   Code   RO         5596    i.protocol_execute_realtime  protocol.o
    0x0800970c   0x0800970c   0x00000160   Code   RO         5597    i.protocol_main_loop  protocol.o
    0x0800986c   0x0800986c   0x00000098   Code   RO         6923    i.prvAddCurrentTaskToDelayedList  tasks.o
    0x08009904   0x08009904   0x000000b8   Code   RO         6924    i.prvAddNewTaskToReadyList  tasks.o
    0x080099bc   0x080099bc   0x00000064   Code   RO         7323    i.prvCheckForValidListAndQueue  timers.o
    0x08009a20   0x08009a20   0x00000048   Code   RO         6925    i.prvCheckTasksWaitingTermination  tasks.o
    0x08009a68   0x08009a68   0x0000002a   Code   RO         6493    i.prvCopyDataFromQueue  queue.o
    0x08009a92   0x08009a92   0x0000007e   Code   RO         6494    i.prvCopyDataToQueue  queue.o
    0x08009b10   0x08009b10   0x00000012   Code   RO         6926    i.prvDeleteTCB      tasks.o
    0x08009b22   0x08009b22   0x00000002   PAD
    0x08009b24   0x08009b24   0x00000028   Code   RO         7324    i.prvGetNextExpireTime  timers.o
    0x08009b4c   0x08009b4c   0x0000007c   Code   RO         7495    i.prvHeapInit       heap_4.o
    0x08009bc8   0x08009bc8   0x00000028   Code   RO         6927    i.prvIdleTask       tasks.o
    0x08009bf0   0x08009bf0   0x0000002e   Code   RO         6497    i.prvInitialiseNewQueue  queue.o
    0x08009c1e   0x08009c1e   0x0000009a   Code   RO         6928    i.prvInitialiseNewTask  tasks.o
    0x08009cb8   0x08009cb8   0x00000068   Code   RO         6929    i.prvInitialiseTaskLists  tasks.o
    0x08009d20   0x08009d20   0x00000068   Code   RO         7496    i.prvInsertBlockIntoFreeList  heap_4.o
    0x08009d88   0x08009d88   0x00000058   Code   RO         7326    i.prvInsertTimerInActiveList  timers.o
    0x08009de0   0x08009de0   0x0000001a   Code   RO         6498    i.prvIsQueueEmpty   queue.o
    0x08009dfa   0x08009dfa   0x0000001e   Code   RO         6499    i.prvIsQueueFull    queue.o
    0x08009e18   0x08009e18   0x0000004c   Code   RO         6500    i.prvNotifyQueueSetContainer  queue.o
    0x08009e64   0x08009e64   0x0000005c   Code   RO         7327    i.prvProcessExpiredTimer  timers.o
    0x08009ec0   0x08009ec0   0x0000010c   Code   RO         7328    i.prvProcessReceivedCommands  timers.o
    0x08009fcc   0x08009fcc   0x00000074   Code   RO         7329    i.prvProcessTimerOrBlockTask  timers.o
    0x0800a040   0x0800a040   0x00000030   Code   RO         6931    i.prvResetNextTaskUnblockTime  tasks.o
    0x0800a070   0x0800a070   0x0000002c   Code   RO         7330    i.prvSampleTimeNow  timers.o
    0x0800a09c   0x0800a09c   0x00000088   Code   RO         7331    i.prvSwitchTimerLists  timers.o
    0x0800a124   0x0800a124   0x00000016   Code   RO         7564    i.prvTaskExitError  port.o
    0x0800a13a   0x0800a13a   0x0000001a   Code   RO         7332    i.prvTimerTask      timers.o
    0x0800a154   0x0800a154   0x00000090   Code   RO         6501    i.prvUnlockQueue    queue.o
    0x0800a1e4   0x0800a1e4   0x000000fc   Code   RO         7497    i.pvPortMalloc      heap_4.o
    0x0800a2e0   0x0800a2e0   0x0000002c   Code   RO         7565    i.pxPortInitialiseStack  port.o
    0x0800a30c   0x0800a30c   0x0000017c   Code   RO         5301    i.read_float        nuts_bolts.o
    0x0800a488   0x0800a488   0x0000002c   Code   RO         5864    i.read_global_settings  settings.o
    0x0800a4b4   0x0800a4b4   0x00000028   Code   RO         5647    i.report_alarm_message  report.o
    0x0800a4dc   0x0800a4dc   0x0000005c   Code   RO         5648    i.report_build_info  report.o
    0x0800a538   0x0800a538   0x00000020   Code   RO         5650    i.report_execute_startup_message  report.o
    0x0800a558   0x0800a558   0x00000130   Code   RO         5651    i.report_feedback_message  report.o
    0x0800a688   0x0800a688   0x00000154   Code   RO         5652    i.report_gcode_modes  report.o
    0x0800a7dc   0x0800a7dc   0x00000010   Code   RO         5653    i.report_grbl_help  report.o
    0x0800a7ec   0x0800a7ec   0x00000214   Code   RO         5654    i.report_grbl_settings  report.o
    0x0800aa00   0x0800aa00   0x0000002c   Code   RO         5655    i.report_init_message  report.o
    0x0800aa2c   0x0800aa2c   0x000000b0   Code   RO         5656    i.report_ngc_parameters  report.o
    0x0800aadc   0x0800aadc   0x0000003c   Code   RO         5657    i.report_probe_parameters  report.o
    0x0800ab18   0x0800ab18   0x000003fc   Code   RO         5658    i.report_realtime_status  report.o
    0x0800af14   0x0800af14   0x00000028   Code   RO         5659    i.report_startup_line  report.o
    0x0800af3c   0x0800af3c   0x00000034   Code   RO         5660    i.report_status_message  report.o
    0x0800af70   0x0800af70   0x0000002c   Code   RO         5661    i.report_util_axis_values  report.o
    0x0800af9c   0x0800af9c   0x0000000e   Code   RO         5662    i.report_util_feedback_line_feed  report.o
    0x0800afaa   0x0800afaa   0x00000028   Code   RO         5663    i.report_util_float_setting  report.o
    0x0800afd2   0x0800afd2   0x00000002   PAD
    0x0800afd4   0x0800afd4   0x00000010   Code   RO         5664    i.report_util_gcode_modes_G  report.o
    0x0800afe4   0x0800afe4   0x00000010   Code   RO         5665    i.report_util_gcode_modes_M  report.o
    0x0800aff4   0x0800aff4   0x00000010   Code   RO         5666    i.report_util_line_feed  report.o
    0x0800b004   0x0800b004   0x00000018   Code   RO         5667    i.report_util_setting_prefix  report.o
    0x0800b01c   0x0800b01c   0x00000018   Code   RO         5668    i.report_util_uint8_setting  report.o
    0x0800b034   0x0800b034   0x00000014   Code   RO         6031    i.reset_timer_irq_handler  stepper.o
    0x0800b048   0x0800b048   0x00000030   Code   RO         5792    i.serial_get_rx_buffer_available  serial.o
    0x0800b078   0x0800b078   0x00000002   Code   RO         5795    i.serial_init       serial.o
    0x0800b07a   0x0800b07a   0x00000002   PAD
    0x0800b07c   0x0800b07c   0x00000034   Code   RO         5796    i.serial_read       serial.o
    0x0800b0b0   0x0800b0b0   0x00000014   Code   RO         5797    i.serial_reset_read_buffer  serial.o
    0x0800b0c4   0x0800b0c4   0x00000024   Code   RO         5798    i.serial_write      serial.o
    0x0800b0e8   0x0800b0e8   0x000000f4   Code   RO         4626    i.set_spi_clk       hal_spi.o
    0x0800b1dc   0x0800b1dc   0x00000010   Code   RO         4627    i.set_spi_date_size  hal_spi.o
    0x0800b1ec   0x0800b1ec   0x00000010   Code   RO         4628    i.set_spi_first_bit  hal_spi.o
    0x0800b1fc   0x0800b1fc   0x00000010   Code   RO         4629    i.set_spi_irq_enable  hal_spi.o
    0x0800b20c   0x0800b20c   0x0000003a   Code   RO         4630    i.set_spi_mode      hal_spi.o
    0x0800b246   0x0800b246   0x00000010   Code   RO         4631    i.set_spi_others    hal_spi.o
    0x0800b256   0x0800b256   0x00000004   Code   RO         4632    i.set_spi_speed     hal_spi.o
    0x0800b25a   0x0800b25a   0x0000000e   Code   RO         4633    i.set_spi_start     hal_spi.o
    0x0800b268   0x0800b268   0x0000005c   Code   RO         4634    i.set_spi_trans_mode  hal_spi.o
    0x0800b2c4   0x0800b2c4   0x00000290   Code   RO         6032    i.set_timer_irq_handler  stepper.o
    0x0800b554   0x0800b554   0x0000001a   Code   RO         5865    i.settings_init     settings.o
    0x0800b56e   0x0800b56e   0x00000024   Code   RO         5866    i.settings_read_build_info  settings.o
    0x0800b592   0x0800b592   0x00000036   Code   RO         5867    i.settings_read_coord_data  settings.o
    0x0800b5c8   0x0800b5c8   0x00000032   Code   RO         5868    i.settings_read_startup_line  settings.o
    0x0800b5fa   0x0800b5fa   0x00000002   PAD
    0x0800b5fc   0x0800b5fc   0x00000178   Code   RO         5869    i.settings_restore  settings.o
    0x0800b774   0x0800b774   0x00000012   Code   RO         5870    i.settings_store_build_info  settings.o
    0x0800b786   0x0800b786   0x00000002   PAD
    0x0800b788   0x0800b788   0x00000318   Code   RO         5871    i.settings_store_global_setting  settings.o
    0x0800baa0   0x0800baa0   0x00000022   Code   RO         5872    i.settings_store_startup_line  settings.o
    0x0800bac2   0x0800bac2   0x00000022   Code   RO         5873    i.settings_write_coord_data  settings.o
    0x0800bae4   0x0800bae4   0x00000002   Code   RO         5969    i.spindle_compute_pwm_value  spindle_control.o
    0x0800bae6   0x0800bae6   0x00000004   Code   RO         5970    i.spindle_get_state  spindle_control.o
    0x0800baea   0x0800baea   0x00000008   Code   RO         5971    i.spindle_init      spindle_control.o
    0x0800baf2   0x0800baf2   0x00000002   Code   RO         5972    i.spindle_set_speed  spindle_control.o
    0x0800baf4   0x0800baf4   0x00000018   Code   RO         5973    i.spindle_set_state  spindle_control.o
    0x0800bb0c   0x0800bb0c   0x00000002   Code   RO         5974    i.spindle_stop      spindle_control.o
    0x0800bb0e   0x0800bb0e   0x00000002   PAD
    0x0800bb10   0x0800bb10   0x00000030   Code   RO         5975    i.spindle_sync      spindle_control.o
    0x0800bb40   0x0800bb40   0x00000064   Code   RO         6033    i.st_generate_step_dir_invert_masks  stepper.o
    0x0800bba4   0x0800bba4   0x00000024   Code   RO         6034    i.st_get_realtime_rate  stepper.o
    0x0800bbc8   0x0800bbc8   0x0000006c   Code   RO         6035    i.st_go_idle        stepper.o
    0x0800bc34   0x0800bc34   0x00000012   Code   RO         6036    i.st_next_block_index  stepper.o
    0x0800bc46   0x0800bc46   0x00000002   PAD
    0x0800bc48   0x0800bc48   0x00000f7c   Code   RO         6037    i.st_prep_buffer    stepper.o
    0x0800cbc4   0x0800cbc4   0x00000064   Code   RO         6038    i.st_reset          stepper.o
    0x0800cc28   0x0800cc28   0x00000034   Code   RO         6039    i.st_update_plan_block_parameters  stepper.o
    0x0800cc5c   0x0800cc5c   0x00000088   Code   RO         6040    i.st_wake_up        stepper.o
    0x0800cce4   0x0800cce4   0x00000010   Code   RO         6041    i.stepper_init      stepper.o
    0x0800ccf4   0x0800ccf4   0x00000052   Code   RO         7787    i.sync_window       ff.o
    0x0800cd46   0x0800cd46   0x00000004   Code   RO         6117    i.system_check_safety_door_ajar  system.o
    0x0800cd4a   0x0800cd4a   0x00000002   PAD
    0x0800cd4c   0x0800cd4c   0x00000048   Code   RO         6118    i.system_check_travel_limits  system.o
    0x0800cd94   0x0800cd94   0x00000010   Code   RO         6119    i.system_clear_exec_accessory_overrides  system.o
    0x0800cda4   0x0800cda4   0x00000010   Code   RO         6120    i.system_clear_exec_alarm  system.o
    0x0800cdb4   0x0800cdb4   0x00000010   Code   RO         6121    i.system_clear_exec_motion_overrides  system.o
    0x0800cdc4   0x0800cdc4   0x00000014   Code   RO         6122    i.system_clear_exec_state_flag  system.o
    0x0800cdd8   0x0800cdd8   0x00000004   Code   RO         6123    i.system_control_get_state  system.o
    0x0800cddc   0x0800cddc   0x00000024   Code   RO         6124    i.system_convert_array_steps_to_mpos  system.o
    0x0800ce00   0x0800ce00   0x00000024   Code   RO         6125    i.system_convert_axis_steps_to_mpos  system.o
    0x0800ce24   0x0800ce24   0x0000037c   Code   RO         6126    i.system_execute_line  system.o
    0x0800d1a0   0x0800d1a0   0x00000040   Code   RO         6127    i.system_execute_startup  system.o
    0x0800d1e0   0x0800d1e0   0x00000014   Code   RO         6128    i.system_flag_wco_change  system.o
    0x0800d1f4   0x0800d1f4   0x00000002   Code   RO         6129    i.system_init       system.o
    0x0800d1f6   0x0800d1f6   0x00000002   PAD
    0x0800d1f8   0x0800d1f8   0x00000014   Code   RO         6130    i.system_set_exec_accessory_override_flag  system.o
    0x0800d20c   0x0800d20c   0x00000014   Code   RO         6131    i.system_set_exec_alarm  system.o
    0x0800d220   0x0800d220   0x00000014   Code   RO         6132    i.system_set_exec_motion_override_flag  system.o
    0x0800d234   0x0800d234   0x00000014   Code   RO         6133    i.system_set_exec_state_flag  system.o
    0x0800d248   0x0800d248   0x00000028   Code   RO         6313    i.uxListRemove      list.o
    0x0800d270   0x0800d270   0x0000001a   Code   RO         6314    i.vListInitialise   list.o
    0x0800d28a   0x0800d28a   0x00000006   Code   RO         6315    i.vListInitialiseItem  list.o
    0x0800d290   0x0800d290   0x00000034   Code   RO         6316    i.vListInsert       list.o
    0x0800d2c4   0x0800d2c4   0x00000018   Code   RO         6317    i.vListInsertEnd    list.o
    0x0800d2dc   0x0800d2dc   0x00000024   Code   RO         7567    i.vPortEnterCritical  port.o
    0x0800d300   0x0800d300   0x00000020   Code   RO         7568    i.vPortExitCritical  port.o
    0x0800d320   0x0800d320   0x00000058   Code   RO         7498    i.vPortFree         heap_4.o
    0x0800d378   0x0800d378   0x00000028   Code   RO         7569    i.vPortSetupTimerInterrupt  port.o
    0x0800d3a0   0x0800d3a0   0x0000002c   Code   RO         6507    i.vQueueAddToRegistry  queue.o
    0x0800d3cc   0x0800d3cc   0x0000004a   Code   RO         6511    i.vQueueWaitForMessageRestricted  queue.o
    0x0800d416   0x0800d416   0x00000002   PAD
    0x0800d418   0x0800d418   0x00000034   Code   RO         6944    i.vTaskDelay        tasks.o
    0x0800d44c   0x0800d44c   0x00000018   Code   RO         6949    i.vTaskInternalSetTimeOutState  tasks.o
    0x0800d464   0x0800d464   0x0000000c   Code   RO         6951    i.vTaskMissedYield  tasks.o
    0x0800d470   0x0800d470   0x00000020   Code   RO         6952    i.vTaskPlaceOnEventList  tasks.o
    0x0800d490   0x0800d490   0x00000028   Code   RO         6953    i.vTaskPlaceOnEventListRestricted  tasks.o
    0x0800d4b8   0x0800d4b8   0x00000078   Code   RO         6961    i.vTaskStartScheduler  tasks.o
    0x0800d530   0x0800d530   0x00000010   Code   RO         6963    i.vTaskSuspendAll   tasks.o
    0x0800d540   0x0800d540   0x00000060   Code   RO         6964    i.vTaskSwitchContext  tasks.o
    0x0800d5a0   0x0800d5a0   0x00000048   Code   RO         4840    i.w25qxx_buffer_read  hal_w25qxx.o
    0x0800d5e8   0x0800d5e8   0x000000f8   Code   RO         4841    i.w25qxx_buffer_write  hal_w25qxx.o
    0x0800d6e0   0x0800d6e0   0x00000014   Code   RO         4843    i.w25qxx_disable    hal_w25qxx.o
    0x0800d6f4   0x0800d6f4   0x00000014   Code   RO         4844    i.w25qxx_enable     hal_w25qxx.o
    0x0800d708   0x0800d708   0x0000002e   Code   RO         4845    i.w25qxx_enter_flash_mode  hal_w25qxx.o
    0x0800d736   0x0800d736   0x00000002   PAD
    0x0800d738   0x0800d738   0x000000a4   Code   RO         4847    i.w25qxx_init       hal_w25qxx.o
    0x0800d7dc   0x0800d7dc   0x00000058   Code   RO         4848    i.w25qxx_page_write  hal_w25qxx.o
    0x0800d834   0x0800d834   0x00000032   Code   RO         4849    i.w25qxx_read_id    hal_w25qxx.o
    0x0800d866   0x0800d866   0x00000042   Code   RO         4850    i.w25qxx_read_sr_reg  hal_w25qxx.o
    0x0800d8a8   0x0800d8a8   0x00000014   Code   RO         4851    i.w25qxx_read_write_byte  hal_w25qxx.o
    0x0800d8bc   0x0800d8bc   0x00000014   Code   RO         4852    i.w25qxx_read_write_cb  hal_w25qxx.o
    0x0800d8d0   0x0800d8d0   0x0000003c   Code   RO         4853    i.w25qxx_sector_erase  hal_w25qxx.o
    0x0800d90c   0x0800d90c   0x00000014   Code   RO         4854    i.w25qxx_wait_busy  hal_w25qxx.o
    0x0800d920   0x0800d920   0x00000012   Code   RO         4857    i.w25qxx_write_enable  hal_w25qxx.o
    0x0800d932   0x0800d932   0x00000002   PAD
    0x0800d934   0x0800d934   0x00000014   Code   RO         4858    i.w25qxx_write_read_16  hal_w25qxx.o
    0x0800d948   0x0800d948   0x0000001c   Code   RO         5874    i.write_global_settings  settings.o
    0x0800d964   0x0800d964   0x00000048   Code   RO         7570    i.xPortStartScheduler  port.o
    0x0800d9ac   0x0800d9ac   0x00000034   Code   RO         6516    i.xQueueGenericCreate  queue.o
    0x0800d9e0   0x0800d9e0   0x00000080   Code   RO         6517    i.xQueueGenericReset  queue.o
    0x0800da60   0x0800da60   0x00000148   Code   RO         6518    i.xQueueGenericSend  queue.o
    0x0800dba8   0x0800dba8   0x000000a8   Code   RO         6519    i.xQueueGenericSendFromISR  queue.o
    0x0800dc50   0x0800dc50   0x00000104   Code   RO         6526    i.xQueueReceive     queue.o
    0x0800dd54   0x0800dd54   0x00000060   Code   RO         6966    i.xTaskCheckForTimeOut  tasks.o
    0x0800ddb4   0x0800ddb4   0x00000060   Code   RO         6967    i.xTaskCreate       tasks.o
    0x0800de14   0x0800de14   0x00000020   Code   RO         6974    i.xTaskGetSchedulerState  tasks.o
    0x0800de34   0x0800de34   0x0000000c   Code   RO         6975    i.xTaskGetTickCount  tasks.o
    0x0800de40   0x0800de40   0x0000011c   Code   RO         6977    i.xTaskIncrementTick  tasks.o
    0x0800df5c   0x0800df5c   0x00000074   Code   RO         6978    i.xTaskPriorityDisinherit  tasks.o
    0x0800dfd0   0x0800dfd0   0x00000080   Code   RO         6980    i.xTaskRemoveFromEventList  tasks.o
    0x0800e050   0x0800e050   0x000000e8   Code   RO         6981    i.xTaskResumeAll    tasks.o
    0x0800e138   0x0800e138   0x00000040   Code   RO         7340    i.xTimerCreateTimerTask  timers.o
    0x0800e178   0x0800e178   0x0000006c   Code   RO         7341    i.xTimerGenericCommand  timers.o
    0x0800e1e4   0x0800e1e4   0x00000018   Data   RO         4119    .constdata          system_stm32f4xx.o
    0x0800e1fc   0x0800e1fc   0x0000003a   Data   RO         7789    .constdata          ff.o
    0x0800e236   0x0800e236   0x00000002   PAD
    0x0800e238   0x0800e238   0x00000098   Data   RO         8497    .constdata          m_wm.l(atan.o)
    0x0800e2d0   0x0800e2d0   0x00000030   Data   RO         8509    .constdata          m_wm.l(cos_i.o)
    0x0800e300   0x0800e300   0x00000008   Data   RO         8525    .constdata          m_wm.l(qnan.o)
    0x0800e308   0x0800e308   0x000000c8   Data   RO         8528    .constdata          m_wm.l(rred.o)
    0x0800e3d0   0x0800e3d0   0x00000028   Data   RO         8532    .constdata          m_wm.l(sin_i.o)
    0x0800e3f8   0x0800e3f8   0x0000004a   Data   RO         5669    .conststring        report.o
    0x0800e442   0x0800e442   0x00000002   PAD
    0x0800e444   0x0800e444   0x00000020   Data   RO         8592    Region$$Table       anon$$obj.o


    Execution Region RW_IRAM2 (Exec base: 0x10000000, Load base: 0x0800e540, Size: 0x00000000, Max: 0x00010000, ABSOLUTE)

    **** No section assigned to this execution region ****


    Execution Region RW_IRAM1 (Exec base: 0x20000000, Load base: 0x0800e464, Size: 0x0000f880, Max: 0x00030000, ABSOLUTE)

    Exec Addr    Load Addr    Size         Type   Attr      Idx    E Section Name        Object

    0x20000000   0x0800e464   0x00000015   Data   RW           18    .data               main.o
    0x20000015   0x0800e479   0x00000003   PAD
    0x20000018   0x0800e47c   0x00000009   Data   RW         2419    .data               stm32f4xx_hal.o
    0x20000021   0x0800e485   0x00000003   PAD
    0x20000024   0x0800e488   0x00000004   Data   RW         4120    .data               system_stm32f4xx.o
    0x20000028   0x0800e48c   0x00000004   Data   RW         5374    .data               planner.o
    0x2000002c   0x0800e490   0x00000004   Data   RW         5800    .data               serial.o
    0x20000030   0x0800e494   0x00000010   Data   RW         6043    .data               stepper.o
    0x20000040   0x0800e4a4   0x0000000c   Data   RW         6242    .data               grbl_main.o
    0x2000004c   0x0800e4b0   0x00000040   Data   RW         6984    .data               tasks.o
    0x2000008c   0x0800e4f0   0x00000014   Data   RW         7349    .data               timers.o
    0x200000a0   0x0800e504   0x00000020   Data   RW         7504    .data               heap_4.o
    0x200000c0   0x0800e524   0x00000004   Data   RW         7571    .data               port.o
    0x200000c4   0x0800e528   0x00000004   Data   RW         7647    .data               led_task.o
    0x200000c8   0x0800e52c   0x0000000a   Data   RW         7790    .data               ff.o
    0x200000d2   0x0800e536   0x00000002   PAD
    0x200000d4   0x0800e538   0x00000004   Data   RW         8553    .data               mc_w.l(stdout.o)
    0x200000d8   0x0800e53c   0x00000004   Data   RW         8567    .data               mc_w.l(errno.o)
    0x200000dc        -       0x00002454   Zero   RW           17    .bss                main.o
    0x20002530        -       0x00000048   Zero   RW          371    .bss                stm32f4xx_hal_timebase_tim.o
    0x20002578        -       0x00000020   Zero   RW         1576    .bss                stm32f4xx_hal_flash.o
    0x20002598        -       0x00000414   Zero   RW         4195    .bss                hal_flash_eeprom.o
    0x200029ac        -       0x00000044   Zero   RW         4544    .bss                hal_uart.o
    0x200029f0        -       0x000000d8   Zero   RW         4742    .bss                hal_tim.o
    0x20002ac8        -       0x000000a4   Zero   RW         4861    .bss                hal_w25qxx.o
    0x20002b6c        -       0x00000084   Zero   RW         5124    .bss                gcode.o
    0x20002bf0        -       0x0000035c   Zero   RW         5373    .bss                planner.o
    0x20002f4c        -       0x00000050   Zero   RW         5598    .bss                protocol.o
    0x20002f9c        -       0x00000200   Zero   RW         5799    .bss                serial.o
    0x2000319c        -       0x0000005c   Zero   RW         5875    .bss                settings.o
    0x200031f8        -       0x0000012c   Zero   RW         6042    .bss                stepper.o
    0x20003324        -       0x0000002c   Zero   RW         6241    .bss                grbl_main.o
    0x20003350        -       0x00000040   Zero   RW         6533    .bss                queue.o
    0x20003390        -       0x000000c8   Zero   RW         6983    .bss                tasks.o
    0x20003458        -       0x00000028   Zero   RW         7348    .bss                timers.o
    0x20003480        -       0x0000b800   Zero   RW         7503    .bss                heap_4.o
    0x2000ec80        -       0x00000c00   Zero   RW            1    STACK               startup_stm32f429xx.o


==============================================================================

Image component sizes


      Code (inc. data)   RO Data    RW Data    ZI Data      Debug   Object Name

        64         10          0          0          0       2673   coolant_control.o
       272          4          0          0          0       5364   diskio.o
       172          6          0          0          0       2908   eeprom.o
         0          0          0          0          0      11232   event_groups.o
      3142         98         58         10          0      12015   ff.o
      5988        186          0          0        132       9967   gcode.o
       100          4          0          0          0        883   gpio.o
       240        178          0          0          0       3191   grbl_hal.o
       260         52          0         12         44       5582   grbl_main.o
       668        138          0          0       1044      10986   hal_flash_eeprom.o
       908         74          0          0          0       9561   hal_gpio.o
       604         38          0          0          0       7722   hal_spi.o
       302         36          0          0        216       6722   hal_tim.o
       340         50          0          0         68       5097   hal_uart.o
      1172         68          0          0        164      13108   hal_w25qxx.o
       568         72          0         32      47104       4251   heap_4.o
        96          8          0          0          0        994   jog.o
        64         22          0          4          0       1352   led_task.o
      1176         62          0          0          0       4938   limits.o
       148          0          0          0          0       5926   list.o
       534        120          0         21       9300     790520   main.o
      1784        114          0          0          0       5900   motion_control.o
      1070         58          0          0          0       5518   nuts_bolts.o
      2290        244          0          4        860      12251   planner.o
       488         56          0          4          0      10028   port.o
       550         40          0          0          0       3467   print.o
        60         16          0          0          0       2051   probe.o
      2196         76          0          0         80       6033   protocol.o
      1544         22          0          0         64      16206   queue.o
      2942        536         74          0          0      13517   report.o
       490         86          0          4        512       4683   serial.o
      1528        104          0          0         92      12028   settings.o
        90         10          0          0          0       3993   spindle_control.o
        36          8        428          0       3072        852   startup_stm32f429xx.o
      5206        334          0         16        300      10616   stepper.o
       136         24          0          9          0       8990   stm32f4xx_hal.o
       320         28          0          0          0      34540   stm32f4xx_hal_cortex.o
       680         62          0          0         32       6154   stm32f4xx_hal_flash.o
       476         24          0          0          0       3386   stm32f4xx_hal_flash_ex.o
       572         54          0          0          0       2859   stm32f4xx_hal_gpio.o
        72          4          0          0          0        890   stm32f4xx_hal_msp.o
       140         12          0          0          0       1312   stm32f4xx_hal_pwr_ex.o
      1888         94          0          0          0       6409   stm32f4xx_hal_rcc.o
      1080         14          0          0          0       5323   stm32f4xx_hal_spi.o
       902         76          0          0          0       6622   stm32f4xx_hal_tim.o
         4          0          0          0          0       1617   stm32f4xx_hal_tim_ex.o
       140         18          0          0         72       1519   stm32f4xx_hal_timebase_tim.o
       990         10          0          0          0       4435   stm32f4xx_hal_uart.o
        74         36          0          0          0       3435   stm32f4xx_it.o
      1278         60          0          0          0      10939   system.o
        20          6         24          4          0       1175   system_stm32f4xx.o
      2160        340          0         64        200      31632   tasks.o
      1082        114          0         20         40      14211   timers.o

    ----------------------------------------------------------------------
     49158       3910        620        212      63396    1167583   Object Totals
         0          0         32          0          0          0   (incl. Generated)
        52          4          4          8          0          0   (incl. Padding)

    ----------------------------------------------------------------------

      Code (inc. data)   RO Data    RW Data    ZI Data      Debug   Library Member Name

       744        106        152          0          0        352   atan.o
       512         64          0          0          0        208   atan2.o
       280         28          0          0          0        156   ceil.o
       200         20          0          0          0        164   cos.o
       368         46         48          0          0        200   cos_i.o
       104         16          0          0          0        496   dunder.o
        44          0          0          0          0        248   fabs.o
       280         28          0          0          0        156   floor.o
        48          0          0          0          0        124   fpclassify.o
       256         46          0          0          0        172   lround.o
       248          0          0          0          0        152   poly.o
         0          0          8          0          0          0   qnan.o
       224         30          0          0          0        172   round.o
      1080        142        200          0          0        188   rred.o
       200         20          0          0          0        164   sin.o
       304         24         40          0          0        208   sin_i.o
       122          0          0          0          0        148   sqrt.o
       176         22          0          0          0        156   trunc.o
         0          0          0          0          0          0   entry.o
         0          0          0          0          0          0   entry10a.o
         0          0          0          0          0          0   entry11a.o
         4          0          0          0          0          0   entry12b.o
         8          4          0          0          0          0   entry2.o
         4          0          0          0          0          0   entry5.o
         0          0          0          0          0          0   entry7b.o
         0          0          0          0          0          0   entry8b.o
         8          4          0          0          0          0   entry9a.o
        12          6          0          4          0         68   errno.o
        30          0          0          0          0          0   handlers.o
        36          8          0          0          0         68   init.o
         0          0          0          0          0          0   iusefp.o
        30          0          0          0          0         68   llshl.o
        36          0          0          0          0         68   llsshr.o
        32          0          0          0          0         68   llushr.o
        26          0          0          0          0         80   memcmp.o
        36          0          0          0          0         68   memcpya.o
        36          0          0          0          0        108   memseta.o
       736         54          0          0          0        184   printf5.o
         0          0          0          4          0          0   stdout.o
        98          0          0          0          0         92   uldiv.o
        48          0          0          0          0         68   cdcmple.o
        48          0          0          0          0         68   cdrcmple.o
        56          0          0          0          0         88   d2f.o
       334          0          0          0          0        148   dadd.o
       222          0          0          0          0        100   ddiv.o
       186          0          0          0          0        176   depilogue.o
        62          0          0          0          0         80   dfixi.o
       168          0          0          0          0         88   dfixir.o
        50          0          0          0          0         76   dfixui.o
        34          0          0          0          0         76   dflti.o
        26          0          0          0          0         76   dfltui.o
       228          0          0          0          0         96   dmul.o
       136          4          0          0          0         92   drnd.o
       162          0          0          0          0        100   dsqrt.o
        38          0          0          0          0         68   f2d.o
       110          0          0          0          0        168   fepilogue.o

    ----------------------------------------------------------------------
      8242        672        448          8          0       5904   Library Totals
        12          0          0          0          0          0   (incl. Padding)

    ----------------------------------------------------------------------

      Code (inc. data)   RO Data    RW Data    ZI Data      Debug   Library Name

      5190        592        448          0          0       3464   m_wm.l
      1132         76          0          8          0        872   mc_w.l
      1908          4          0          0          0       1568   mf_w.l

    ----------------------------------------------------------------------
      8242        672        448          8          0       5904   Library Totals

    ----------------------------------------------------------------------

==============================================================================


      Code (inc. data)   RO Data    RW Data    ZI Data      Debug   

     57400       4582       1068        220      63396    1134843   Grand Totals
     57400       4582       1068        220      63396    1134843   ELF Image Totals
     57400       4582       1068        220          0          0   ROM Totals

==============================================================================

    Total RO  Size (Code + RO Data)                58468 (  57.10kB)
    Total RW  Size (RW Data + ZI Data)             63616 (  62.13kB)
    Total ROM Size (Code + RO Data + RW Data)      58688 (  57.31kB)

==============================================================================

