<html>
<body>
<pre>
<h1>µVision Build Log</h1>
<h2>Tool Versions:</h2>
IDE-Version: ¦ÌVision V5.34.0.0
Copyright (C) 2021 ARM Ltd and ARM Germany GmbH. All rights reserved.
License Information: 1 1, 1, LIC=YA39H-W6V3M-AR5XW-QVHK9-V1YVE-SQPHX
 
Tool Versions:
Toolchain:       MDK-ARM Plus  Version: 5.34.0.0
Toolchain Path:  d:\Keil_v5\ARM\ARMCC\Bin
C Compiler:      Armcc.exe V5.06 update 7 (build 960)
Assembler:       Armasm.exe V5.06 update 7 (build 960)
Linker/Locator:  ArmLink.exe V5.06 update 7 (build 960)
Library Manager: ArmAr.exe V5.06 update 7 (build 960)
Hex Converter:   FromElf.exe V5.06 update 7 (build 960)
CPU DLL:         SARMCM3.DLL V5.34.0.0
Dialog DLL:      DCM.DLL V1.17.3.0
Target DLL:      Segger\JL2CM3.dll V2.99.38.0
Dialog DLL:      TCM.DLL V1.48.0.0
 
<h2>Project:</h2>
C:\Users\Administrator\Desktop\ST_GRBL\STM32F429_GRBL\MDK-ARM\STM32F4_GRBL.uvprojx
Project File Date:  10/27/2021

<h2>Output:</h2>
*** Using Compiler 'V5.06 update 7 (build 960)', folder: 'd:\Keil_v5\ARM\ARMCC\Bin'
Build target 'STM32F4_GRBL'
compiling main.c...
compiling grbl_hal.c...
compiling gpio.c...
compiling stm32f4xx_it.c...
compiling hal_i2c.c...
compiling hal_uart.c...
compiling hal_gpio.c...
compiling hal_spi.c...
compiling hal_tim.c...
compiling stm32f4xx_hal_msp.c...
compiling hal_flash_eeprom.c...
compiling eeprom.c...
compiling jog.c...
compiling motion_control.c...
compiling coolant_control.c...
compiling hal_w25qxx.c...
compiling limits.c...
compiling planner.c...
compiling print.c...
compiling gcode.c...
compiling probe.c...
compiling nuts_bolts.c...
compiling serial.c...
compiling report.c...
compiling settings.c...
compiling led_task.c...
compiling diskio.c...
compiling spindle_control.c...
..\..\Common\grbl\spindle_control.c(26): warning:  #177-D: variable "pwm_gradient"  was declared but never referenced
    static float pwm_gradient; // Precalulated value to speed up rpm to PWM conversions.
..\..\Common\grbl\spindle_control.c: 1 warning, 0 errors
compiling protocol.c...
compiling grbl_main.c...
compiling system.c...
compiling stepper.c...
linking...
Program Size: Code=53940 RO-data=1016 RW-data=184 ZI-data=54296  
FromELF: creating hex file...
"STM32F4_GRBL\STM32F4_GRBL.axf" - 0 Error(s), 1 Warning(s).

<h2>Software Packages used:</h2>

Package Vendor: ARM
                http://www.keil.com/pack/ARM.CMSIS.5.7.0.pack
                ARM.CMSIS.5.7.0
                CMSIS (Cortex Microcontroller Software Interface Standard)
   * Component: CORE Version: 5.4.0

Package Vendor: Keil
                http://www.keil.com/pack/Keil.STM32F4xx_DFP.2.15.0.pack
                Keil.STM32F4xx_DFP.2.15.0
                STMicroelectronics STM32F4 Series Device Support, Drivers and Examples

<h2>Collection of Component include folders:</h2>
  .\RTE\_STM32F4_GRBL
  d:\Users\Administrator\AppData\Local\Arm\Packs\ARM\CMSIS\5.7.0\CMSIS\Core\Include
  d:\Users\Administrator\AppData\Local\Arm\Packs\Keil\STM32F4xx_DFP\2.15.0\Drivers\CMSIS\Device\ST\STM32F4xx\Include

<h2>Collection of Component Files used:</h2>

   * Component: ARM::CMSIS:CORE:5.4.0
      Include file:  CMSIS\Core\Include\tz_context.h
Build Time Elapsed:  00:00:03
</pre>
</body>
</html>
